###############################################################################
#
# IAR ELF Linker V8.40.2.214/W32 for ARM                  13/Oct/2023  11:17:32
# Copyright 2007-2019 IAR Systems AB.
#
#    Output file  =
#        D:\Saoviet_Git\Saoviet_Update_Firmware_SIM\Saoviet_Container\EWARM\GSM_Container\Exe\GSM_Container.out.tmp
#    Map file     =
#        D:\Saoviet_Git\Saoviet_Update_Firmware_SIM\Saoviet_Container\EWARM\GSM_Container\List\GSM_Container.map
#    Command line =
#        -f C:\Users\PC\AppData\Local\Temp\EWD658.tmp
#        (D:\Saoviet_Git\Saoviet_Update_Firmware_SIM\Saoviet_Container\EWARM\GSM_Container\Obj\adc.o
#        D:\Saoviet_Git\Saoviet_Update_Firmware_SIM\Saoviet_Container\EWARM\GSM_Container\Obj\cat24mxx.o
#        D:\Saoviet_Git\Saoviet_Update_Firmware_SIM\Saoviet_Container\EWARM\GSM_Container\Obj\event_driven.o
#        D:\Saoviet_Git\Saoviet_Update_Firmware_SIM\Saoviet_Container\EWARM\GSM_Container\Obj\gpio.o
#        D:\Saoviet_Git\Saoviet_Update_Firmware_SIM\Saoviet_Container\EWARM\GSM_Container\Obj\i2c.o
#        D:\Saoviet_Git\Saoviet_Update_Firmware_SIM\Saoviet_Container\EWARM\GSM_Container\Obj\main.o
#        D:\Saoviet_Git\Saoviet_Update_Firmware_SIM\Saoviet_Container\EWARM\GSM_Container\Obj\MQTTConnectClient.o
#        D:\Saoviet_Git\Saoviet_Update_Firmware_SIM\Saoviet_Container\EWARM\GSM_Container\Obj\MQTTConnectServer.o
#        D:\Saoviet_Git\Saoviet_Update_Firmware_SIM\Saoviet_Container\EWARM\GSM_Container\Obj\MQTTDeserializePublish.o
#        D:\Saoviet_Git\Saoviet_Update_Firmware_SIM\Saoviet_Container\EWARM\GSM_Container\Obj\MQTTFormat.o
#        D:\Saoviet_Git\Saoviet_Update_Firmware_SIM\Saoviet_Container\EWARM\GSM_Container\Obj\MQTTPacket.o
#        D:\Saoviet_Git\Saoviet_Update_Firmware_SIM\Saoviet_Container\EWARM\GSM_Container\Obj\MQTTSerializePublish.o
#        D:\Saoviet_Git\Saoviet_Update_Firmware_SIM\Saoviet_Container\EWARM\GSM_Container\Obj\MQTTSubscribeClient.o
#        D:\Saoviet_Git\Saoviet_Update_Firmware_SIM\Saoviet_Container\EWARM\GSM_Container\Obj\MQTTSubscribeServer.o
#        D:\Saoviet_Git\Saoviet_Update_Firmware_SIM\Saoviet_Container\EWARM\GSM_Container\Obj\MQTTUnsubscribeClient.o
#        D:\Saoviet_Git\Saoviet_Update_Firmware_SIM\Saoviet_Container\EWARM\GSM_Container\Obj\MQTTUnsubscribeServer.o
#        D:\Saoviet_Git\Saoviet_Update_Firmware_SIM\Saoviet_Container\EWARM\GSM_Container\Obj\onchipflash.o
#        D:\Saoviet_Git\Saoviet_Update_Firmware_SIM\Saoviet_Container\EWARM\GSM_Container\Obj\queue_p.o
#        D:\Saoviet_Git\Saoviet_Update_Firmware_SIM\Saoviet_Container\EWARM\GSM_Container\Obj\rtc.o
#        D:\Saoviet_Git\Saoviet_Update_Firmware_SIM\Saoviet_Container\EWARM\GSM_Container\Obj\S25FL216K.o
#        D:\Saoviet_Git\Saoviet_Update_Firmware_SIM\Saoviet_Container\EWARM\GSM_Container\Obj\spi.o
#        D:\Saoviet_Git\Saoviet_Update_Firmware_SIM\Saoviet_Container\EWARM\GSM_Container\Obj\startup_stm32l151xc.o
#        D:\Saoviet_Git\Saoviet_Update_Firmware_SIM\Saoviet_Container\EWARM\GSM_Container\Obj\stm32l1xx_hal.o
#        D:\Saoviet_Git\Saoviet_Update_Firmware_SIM\Saoviet_Container\EWARM\GSM_Container\Obj\stm32l1xx_hal_adc.o
#        D:\Saoviet_Git\Saoviet_Update_Firmware_SIM\Saoviet_Container\EWARM\GSM_Container\Obj\stm32l1xx_hal_adc_ex.o
#        D:\Saoviet_Git\Saoviet_Update_Firmware_SIM\Saoviet_Container\EWARM\GSM_Container\Obj\stm32l1xx_hal_cortex.o
#        D:\Saoviet_Git\Saoviet_Update_Firmware_SIM\Saoviet_Container\EWARM\GSM_Container\Obj\stm32l1xx_hal_dma.o
#        D:\Saoviet_Git\Saoviet_Update_Firmware_SIM\Saoviet_Container\EWARM\GSM_Container\Obj\stm32l1xx_hal_exti.o
#        D:\Saoviet_Git\Saoviet_Update_Firmware_SIM\Saoviet_Container\EWARM\GSM_Container\Obj\stm32l1xx_hal_flash.o
#        D:\Saoviet_Git\Saoviet_Update_Firmware_SIM\Saoviet_Container\EWARM\GSM_Container\Obj\stm32l1xx_hal_flash_ex.o
#        D:\Saoviet_Git\Saoviet_Update_Firmware_SIM\Saoviet_Container\EWARM\GSM_Container\Obj\stm32l1xx_hal_flash_ramfunc.o
#        D:\Saoviet_Git\Saoviet_Update_Firmware_SIM\Saoviet_Container\EWARM\GSM_Container\Obj\stm32l1xx_hal_gpio.o
#        D:\Saoviet_Git\Saoviet_Update_Firmware_SIM\Saoviet_Container\EWARM\GSM_Container\Obj\stm32l1xx_hal_i2c.o
#        D:\Saoviet_Git\Saoviet_Update_Firmware_SIM\Saoviet_Container\EWARM\GSM_Container\Obj\stm32l1xx_hal_msp.o
#        D:\Saoviet_Git\Saoviet_Update_Firmware_SIM\Saoviet_Container\EWARM\GSM_Container\Obj\stm32l1xx_hal_pwr.o
#        D:\Saoviet_Git\Saoviet_Update_Firmware_SIM\Saoviet_Container\EWARM\GSM_Container\Obj\stm32l1xx_hal_pwr_ex.o
#        D:\Saoviet_Git\Saoviet_Update_Firmware_SIM\Saoviet_Container\EWARM\GSM_Container\Obj\stm32l1xx_hal_rcc.o
#        D:\Saoviet_Git\Saoviet_Update_Firmware_SIM\Saoviet_Container\EWARM\GSM_Container\Obj\stm32l1xx_hal_rcc_ex.o
#        D:\Saoviet_Git\Saoviet_Update_Firmware_SIM\Saoviet_Container\EWARM\GSM_Container\Obj\stm32l1xx_hal_rtc.o
#        D:\Saoviet_Git\Saoviet_Update_Firmware_SIM\Saoviet_Container\EWARM\GSM_Container\Obj\stm32l1xx_hal_rtc_ex.o
#        D:\Saoviet_Git\Saoviet_Update_Firmware_SIM\Saoviet_Container\EWARM\GSM_Container\Obj\stm32l1xx_hal_spi.o
#        D:\Saoviet_Git\Saoviet_Update_Firmware_SIM\Saoviet_Container\EWARM\GSM_Container\Obj\stm32l1xx_hal_tim.o
#        D:\Saoviet_Git\Saoviet_Update_Firmware_SIM\Saoviet_Container\EWARM\GSM_Container\Obj\stm32l1xx_hal_tim_ex.o
#        D:\Saoviet_Git\Saoviet_Update_Firmware_SIM\Saoviet_Container\EWARM\GSM_Container\Obj\stm32l1xx_hal_uart.o
#        D:\Saoviet_Git\Saoviet_Update_Firmware_SIM\Saoviet_Container\EWARM\GSM_Container\Obj\stm32l1xx_it.o
#        D:\Saoviet_Git\Saoviet_Update_Firmware_SIM\Saoviet_Container\EWARM\GSM_Container\Obj\system_stm32l1xx.o
#        D:\Saoviet_Git\Saoviet_Update_Firmware_SIM\Saoviet_Container\EWARM\GSM_Container\Obj\usart.o
#        D:\Saoviet_Git\Saoviet_Update_Firmware_SIM\Saoviet_Container\EWARM\GSM_Container\Obj\user_adc.o
#        D:\Saoviet_Git\Saoviet_Update_Firmware_SIM\Saoviet_Container\EWARM\GSM_Container\Obj\user_app_comm.o
#        D:\Saoviet_Git\Saoviet_Update_Firmware_SIM\Saoviet_Container\EWARM\GSM_Container\Obj\user_app_inverter.o
#        D:\Saoviet_Git\Saoviet_Update_Firmware_SIM\Saoviet_Container\EWARM\GSM_Container\Obj\user_app_mem.o
#        D:\Saoviet_Git\Saoviet_Update_Firmware_SIM\Saoviet_Container\EWARM\GSM_Container\Obj\user_app_sim.o
#        D:\Saoviet_Git\Saoviet_Update_Firmware_SIM\Saoviet_Container\EWARM\GSM_Container\Obj\user_app_update.o
#        D:\Saoviet_Git\Saoviet_Update_Firmware_SIM\Saoviet_Container\EWARM\GSM_Container\Obj\user_at_serial.o
#        D:\Saoviet_Git\Saoviet_Update_Firmware_SIM\Saoviet_Container\EWARM\GSM_Container\Obj\user_ec200u.o
#        D:\Saoviet_Git\Saoviet_Update_Firmware_SIM\Saoviet_Container\EWARM\GSM_Container\Obj\user_external_eeprom.o
#        D:\Saoviet_Git\Saoviet_Update_Firmware_SIM\Saoviet_Container\EWARM\GSM_Container\Obj\user_external_flash.o
#        D:\Saoviet_Git\Saoviet_Update_Firmware_SIM\Saoviet_Container\EWARM\GSM_Container\Obj\user_internal_mem.o
#        D:\Saoviet_Git\Saoviet_Update_Firmware_SIM\Saoviet_Container\EWARM\GSM_Container\Obj\user_log.o
#        D:\Saoviet_Git\Saoviet_Update_Firmware_SIM\Saoviet_Container\EWARM\GSM_Container\Obj\user_lpm.o
#        D:\Saoviet_Git\Saoviet_Update_Firmware_SIM\Saoviet_Container\EWARM\GSM_Container\Obj\user_modbus_rtu.o
#        D:\Saoviet_Git\Saoviet_Update_Firmware_SIM\Saoviet_Container\EWARM\GSM_Container\Obj\user_modem.o
#        D:\Saoviet_Git\Saoviet_Update_Firmware_SIM\Saoviet_Container\EWARM\GSM_Container\Obj\user_modem_init.o
#        D:\Saoviet_Git\Saoviet_Update_Firmware_SIM\Saoviet_Container\EWARM\GSM_Container\Obj\user_mqtt.o
#        D:\Saoviet_Git\Saoviet_Update_Firmware_SIM\Saoviet_Container\EWARM\GSM_Container\Obj\user_obis_sv.o
#        D:\Saoviet_Git\Saoviet_Update_Firmware_SIM\Saoviet_Container\EWARM\GSM_Container\Obj\user_rtc.o
#        D:\Saoviet_Git\Saoviet_Update_Firmware_SIM\Saoviet_Container\EWARM\GSM_Container\Obj\user_sim.o
#        D:\Saoviet_Git\Saoviet_Update_Firmware_SIM\Saoviet_Container\EWARM\GSM_Container\Obj\user_sim_common.o
#        D:\Saoviet_Git\Saoviet_Update_Firmware_SIM\Saoviet_Container\EWARM\GSM_Container\Obj\user_string.o
#        D:\Saoviet_Git\Saoviet_Update_Firmware_SIM\Saoviet_Container\EWARM\GSM_Container\Obj\user_time.o
#        D:\Saoviet_Git\Saoviet_Update_Firmware_SIM\Saoviet_Container\EWARM\GSM_Container\Obj\user_timer.o
#        D:\Saoviet_Git\Saoviet_Update_Firmware_SIM\Saoviet_Container\EWARM\GSM_Container\Obj\user_uart.o
#        D:\Saoviet_Git\Saoviet_Update_Firmware_SIM\Saoviet_Container\EWARM\GSM_Container\Obj\user_util.o
#        --no_out_extension -o
#        D:\Saoviet_Git\Saoviet_Update_Firmware_SIM\Saoviet_Container\EWARM\GSM_Container\Exe\GSM_Container.out.tmp
#        --redirect _Printf=_PrintfFullNoMb --redirect _Scanf=_ScanfFullNoMb
#        --map
#        D:\Saoviet_Git\Saoviet_Update_Firmware_SIM\Saoviet_Container\EWARM\GSM_Container\List\GSM_Container.map
#        --config
#        D:\Saoviet_Git\Saoviet_Update_Firmware_SIM\Saoviet_Container\EWARM/stm32l151xc_flash.icf
#        --semihosting --entry __iar_program_start --vfe --text_out locale)
#
###############################################################################

*******************************************************************************
*** RUNTIME MODEL ATTRIBUTES
***

CppFlavor       = *
__SystemLibrary = DLib
__dlib_version  = 6


*******************************************************************************
*** HEAP SELECTION
***

The basic heap was selected because no calls to memory allocation
functions were found in the application outside of system library
functions, and there are calls to deallocation functions in the
application.


*******************************************************************************
*** PLACEMENT SUMMARY
***

"A0":  place at address 0x800'3c00 { ro section .intvec };
"P1":  place in [from 0x800'3c00 to 0x803'ffff] { ro };
define block CSTACK with size = 1K, alignment = 8 { };
define block HEAP with size = 512, alignment = 8 { };
"P2":  place in [from 0x2000'0000 to 0x2000'7fff] {
          rw, block CSTACK, block HEAP };
initialize by copy { rw };

  Section            Kind         Address      Size  Object
  -------            ----         -------      ----  ------
"A0":                                         0x124
  .intvec            ro code   0x800'3c00     0x124  startup_stm32l151xc.o [1]
                             - 0x800'3d24     0x124

"P1":                                      0x1'54f9
  .text              ro code   0x800'3d24    0x1c24  user_at_serial.o [1]
  .text              ro code   0x800'5948     0x204  user_modem.o [1]
  .text              ro code   0x800'5b4c     0x570  user_util.o [1]
  .text              ro code   0x800'60bc     0x1b6  user_modem_init.o [1]
  .text              ro code   0x800'6272      0x3a  zero_init3.o [4]
  .text              ro code   0x800'62ac    0x1368  user_sim.o [1]
  .text              ro code   0x800'7614      0x66  ABImemset.o [4]
  .text              ro code   0x800'767a      0x54  event_driven.o [1]
  .rodata            const     0x800'76ce       0x2  user_ec200u.o [1]
  .text              ro code   0x800'76d0     0x4a4  user_app_comm.o [1]
  .text              ro code   0x800'7b74      0xa6  ABImemcpy.o [4]
  .rodata            const     0x800'7c1a       0x2  user_ec200u.o [1]
  .text              ro code   0x800'7c1c     0x29c  user_time.o [1]
  .text              ro code   0x800'7eb8     0x756  stm32l1xx_hal_rtc.o [1]
  .text              ro code   0x800'860e     0x284  user_string.o [1]
  .text              ro code   0x800'8894     0xe3c  user_app_mem.o [1]
  .text              ro code   0x800'96d0     0x394  stm32l1xx_hal_gpio.o [1]
  .text              ro code   0x800'9a64     0x8cc  stm32l1xx_hal_uart.o [1]
  .text              ro code   0x800'a330       0x2  user_adc.o [1]
  .text              ro code   0x800'a334     0x534  stm32l1xx_hal_adc.o [1]
  .text              ro code   0x800'a868     0x114  user_uart.o [1]
  .text              ro code   0x800'a97c     0x268  usart.o [1]
  .text              ro code   0x800'abe4     0x230  I64DivMod.o [4]
  .text              ro code   0x800'ae14      0x36  strlen.o [4]
  .text              ro code   0x800'ae4c     0x2d0  user_internal_mem.o [1]
  .text              ro code   0x800'b11c     0x1b8  onchipflash.o [1]
  .text              ro code   0x800'b2d4     0x3c4  user_timer.o [1]
  .text              ro code   0x800'b698     0xc68  user_ec200u.o [1]
  .text              ro code   0x800'c300     0x7c4  user_sim_common.o [1]
  .text              ro code   0x800'cac4     0x1b8  queue_p.o [1]
  .text              ro code   0x800'cc7c       0xc  stm32l1xx_hal.o [1]
  .text              ro code   0x800'cc88     0xe30  user_external_flash.o [1]
  .text              ro code   0x800'dab8     0xa88  user_app_sim.o [1]
  .text              ro code   0x800'e540     0x184  user_lpm.o [1]
  .text              ro code   0x800'e6c4    0x1094  user_app_inverter.o [1]
  .text              ro code   0x800'f758      0x28  stm32l1xx_hal.o [1]
  .text              ro code   0x800'f780     0x5c0  user_app_update.o [1]
  .text              ro code   0x800'fd40      0x14  memset.o [4]
  .text              ro code   0x800'fd54      0x2c  rtc.o [1]
  .text              ro code   0x800'fd80     0x3a8  user_rtc.o [1]
  .text              ro code   0x801'0128       0x2  stm32l1xx_hal_rtc_ex.o [1]
  .text              ro code   0x801'012c     0x3ac  user_external_eeprom.o [1]
  .text              ro code   0x801'04d8      0xbc  spi.o [1]
  .text              ro code   0x801'0594      0xb2  stm32l1xx_hal_dma.o [1]
  .text              ro code   0x801'0646       0x2  stm32l1xx_hal_uart.o [1]
  .text              ro code   0x801'0648       0x2  stm32l1xx_hal_uart.o [1]
  .text              ro code   0x801'064a       0x2  stm32l1xx_hal_uart.o [1]
  .text              ro code   0x801'064c     0x86c  stm32l1xx_hal_rcc.o [1]
  .text              ro code   0x801'0eb8     0x1a4  adc.o [1]
  .text              ro code   0x801'105c      0xe4  main.o [1]
  .text              ro code   0x801'1140     0x190  stm32l1xx_hal_cortex.o [1]
  .text              ro code   0x801'12d0       0x2  I64DivZer.o [4]
  .text              ro code   0x801'12d4     0x1a8  stm32l1xx_hal_flash.o [1]
  .text              ro code   0x801'147c      0x2c  stm32l1xx_hal_flash_ex.o [1]
  .text              ro code   0x801'14a8      0x2c  strstr.o [2]
  .text              ro code   0x801'14d4      0x92  S25FL216K.o [1]
  .text              ro code   0x801'1568     0x464  stm32l1xx_hal_spi.o [1]
  .text              ro code   0x801'19cc    0x146c  user_mqtt.o [1]
  .text              ro code   0x801'2e38       0x6  ABImemclr4.o [4]
  .text              ro code   0x801'2e40      0x1a  U32ToDbl.o [3]
  .text              ro code   0x801'2e5c     0x758  pow64.o [3]
  .text              ro code   0x801'35b4     0x246  DblDiv.o [3]
  .text              ro code   0x801'37fc      0x54  stm32l1xx_hal_pwr_ex.o [1]
  .text              ro code   0x801'3850      0x7c  stm32l1xx_hal_pwr.o [1]
  .text              ro code   0x801'38cc      0x10  stm32l1xx_hal.o [1]
  .text              ro code   0x801'38dc      0x10  stm32l1xx_hal.o [1]
  .text              ro code   0x801'38ec      0x4c  stm32l1xx_hal.o [1]
  .text              ro code   0x801'3938      0xd8  user_modbus_rtu.o [1]
  .text              ro code   0x801'3a10      0x3e  stm32l1xx_hal_rtc_ex.o [1]
  .text              ro code   0x801'3a50     0x1a0  cat24mxx.o [1]
  .text              ro code   0x801'3bf0      0x60  stm32l1xx_hal.o [1]
  .text              ro code   0x801'3c50     0x1c8  gpio.o [1]
  .text              ro code   0x801'3e18      0xb0  i2c.o [1]
  .text              ro code   0x801'3ec8     0x160  stm32l1xx_hal_rcc_ex.o [1]
  .text              ro code   0x801'4028      0x16  strchr.o [4]
  .text              ro code   0x801'4040      0xe0  MQTTSerializePublish.o [1]
  .text              ro code   0x801'4120      0xe8  MQTTSubscribeClient.o [1]
  .text              ro code   0x801'4208     0x200  MQTTConnectClient.o [1]
  .text              ro code   0x801'4408      0x32  ABImemset48.o [4]
  .text              ro code   0x801'443c      0x20  DblCmpEq.o [3]
  .text              ro code   0x801'445c      0x70  frexp.o [3]
  .text              ro code   0x801'44cc      0x2e  DblCmpLe.o [3]
  .text              ro code   0x801'44fc     0x13a  ldexp.o [3]
  .text              ro code   0x801'4638     0x1a2  DblMul.o [3]
  .text              ro code   0x801'47dc     0x17a  DblAdd.o [3]
  .text              ro code   0x801'4958      0x3a  DblToS32.o [3]
  .text              ro code   0x801'4994      0x22  S32ToDbl.o [3]
  .text              ro code   0x801'49b8      0xe2  DblSub.o [3]
  .text              ro code   0x801'4a9c      0x2e  DblCmpGe.o [3]
  .text              ro code   0x801'4acc     0x374  iar_Exp64.o [3]
  .text              ro code   0x801'4e40      0x48  stm32l1xx_hal_msp.o [1]
  .text              ro code   0x801'4e88     0xbf2  stm32l1xx_hal_i2c.o [1]
  .text              ro code   0x801'5a7c     0x11c  MQTTPacket.o [1]
  .rodata            const     0x801'5b98     0x870  user_ec200u.o [1]
  .rodata            const     0x801'6408      0x6c  user_mqtt.o [1]
  .rodata            const     0x801'6478     0x420  pow64.o [3]
  .rodata            const     0x801'6898     0x350  user_at_serial.o [1]
  .text              ro code   0x801'6be8     0x1f4  user_log.o [1]
  .rodata            const     0x801'6ddc     0x1b0  user_mqtt.o [1]
  .rodata            const     0x801'6f8c      0xf0  user_ec200u.o [1]
  .rodata            const     0x801'707c      0x90  user_mqtt.o [1]
  .text              ro code   0x801'710c      0x78  lz77_init_single.o [4]
  .text              ro code   0x801'7184      0x5c  stm32l1xx_it.o [1]
  .text              ro code   0x801'71e0      0x18  stm32l1xx_hal.o [1]
  .rodata            const     0x801'71f8      0x2c  user_ec200u.o [1]
  .rodata            const     0x801'7224      0x2c  user_rtc.o [1]
  .rodata            const     0x801'7250      0x28  user_app_mem.o [1]
  .rodata            const     0x801'7278      0x28  user_app_mem.o [1]
  .rodata            const     0x801'72a0      0x28  user_ec200u.o [1]
  .rodata            const     0x801'72c8      0x28  user_ec200u.o [1]
  .rodata            const     0x801'72f0      0x28  user_external_eeprom.o [1]
  .rodata            const     0x801'7318      0x28  user_external_eeprom.o [1]
  .rodata            const     0x801'7340      0x28  user_external_eeprom.o [1]
  .rodata            const     0x801'7368      0x28  user_external_flash.o [1]
  .rodata            const     0x801'7390      0x28  user_external_flash.o [1]
  .rodata            const     0x801'73b8      0x28  user_external_flash.o [1]
  .rodata            const     0x801'73e0      0x28  user_external_flash.o [1]
  .rodata            const     0x801'7408      0x28  user_external_flash.o [1]
  .rodata            const     0x801'7430      0x28  user_external_flash.o [1]
  .rodata            const     0x801'7458      0x28  user_internal_mem.o [1]
  .rodata            const     0x801'7480      0x28  user_internal_mem.o [1]
  .rodata            const     0x801'74a8      0x28  user_internal_mem.o [1]
  .text              ro code   0x801'74d0      0x28  data_init.o [4]
  .rodata            const     0x801'74f8      0x24  user_app_inverter.o [1]
  .rodata            const     0x801'751c      0x24  user_app_mem.o [1]
  .rodata            const     0x801'7540      0x24  user_app_mem.o [1]
  .rodata            const     0x801'7564      0x24  user_app_mem.o [1]
  .rodata            const     0x801'7588      0x24  user_app_mem.o [1]
  .rodata            const     0x801'75ac      0x24  user_app_mem.o [1]
  .rodata            const     0x801'75d0      0x24  user_app_mem.o [1]
  .rodata            const     0x801'75f4      0x24  user_app_mem.o [1]
  .rodata            const     0x801'7618      0x24  user_app_mem.o [1]
  .rodata            const     0x801'763c      0x24  user_app_mem.o [1]
  .rodata            const     0x801'7660      0x24  user_app_mem.o [1]
  .rodata            const     0x801'7684      0x24  user_app_mem.o [1]
  .rodata            const     0x801'76a8      0x24  user_app_mem.o [1]
  .rodata            const     0x801'76cc      0x24  user_app_mem.o [1]
  .rodata            const     0x801'76f0      0x24  user_app_mem.o [1]
  .rodata            const     0x801'7714      0x24  user_app_mem.o [1]
  .rodata            const     0x801'7738      0x24  user_app_mem.o [1]
  .rodata            const     0x801'775c      0x24  user_app_mem.o [1]
  .rodata            const     0x801'7780      0x24  user_app_mem.o [1]
  .rodata            const     0x801'77a4      0x24  user_app_mem.o [1]
  .rodata            const     0x801'77c8      0x24  user_app_mem.o [1]
  .rodata            const     0x801'77ec      0x24  user_app_mem.o [1]
  .rodata            const     0x801'7810      0x24  user_app_mem.o [1]
  .rodata            const     0x801'7834      0x24  user_external_eeprom.o [1]
  .rodata            const     0x801'7858      0x24  user_external_eeprom.o [1]
  .rodata            const     0x801'787c      0x24  user_external_flash.o [1]
  .rodata            const     0x801'78a0      0x24  user_external_flash.o [1]
  .rodata            const     0x801'78c4      0x24  user_mqtt.o [1]
  .iar.init_table    const     0x801'78e8      0x20  - Linker created -
  .rodata            const     0x801'7908      0x20  user_app_mem.o [1]
  .rodata            const     0x801'7928      0x20  user_app_sim.o [1]
  .rodata            const     0x801'7948      0x20  user_app_update.o [1]
  .rodata            const     0x801'7968      0x20  user_at_serial.o [1]
  .rodata            const     0x801'7988      0x20  user_ec200u.o [1]
  .rodata            const     0x801'79a8      0x20  user_ec200u.o [1]
  .rodata            const     0x801'79c8      0x20  user_ec200u.o [1]
  .rodata            const     0x801'79e8      0x20  user_ec200u.o [1]
  .rodata            const     0x801'7a08      0x20  user_ec200u.o [1]
  .rodata            const     0x801'7a28      0x20  user_ec200u.o [1]
  .rodata            const     0x801'7a48      0x20  user_ec200u.o [1]
  .rodata            const     0x801'7a68      0x20  user_ec200u.o [1]
  .rodata            const     0x801'7a88      0x20  user_modem.o [1]
  .rodata            const     0x801'7aa8      0x20  user_mqtt.o [1]
  .text              ro code   0x801'7ac8      0x1e  cmain.o [4]
  .text              ro code   0x801'7ae6       0x4  low_level_init.o [2]
  .text              ro code   0x801'7aea       0x4  exit.o [2]
  .text              ro code   0x801'7af0       0xa  cexit.o [4]
  .text              ro code   0x801'7afc      0x14  exit.o [5]
  .rodata            const     0x801'7b10      0x1c  user_app_comm.o [1]
  .rodata            const     0x801'7b2c      0x1c  user_app_inverter.o [1]
  .rodata            const     0x801'7b48      0x1c  user_app_sim.o [1]
  .rodata            const     0x801'7b64      0x1c  user_app_update.o [1]
  .rodata            const     0x801'7b80      0x1c  user_app_update.o [1]
  .rodata            const     0x801'7b9c      0x1c  user_ec200u.o [1]
  .rodata            const     0x801'7bb8      0x1c  user_ec200u.o [1]
  .rodata            const     0x801'7bd4      0x1c  user_ec200u.o [1]
  .rodata            const     0x801'7bf0      0x1c  user_ec200u.o [1]
  .rodata            const     0x801'7c0c      0x1c  user_ec200u.o [1]
  .rodata            const     0x801'7c28      0x1c  user_ec200u.o [1]
  .rodata            const     0x801'7c44      0x1c  user_ec200u.o [1]
  .rodata            const     0x801'7c60      0x1c  user_ec200u.o [1]
  .rodata            const     0x801'7c7c      0x1c  user_ec200u.o [1]
  .rodata            const     0x801'7c98      0x1c  user_ec200u.o [1]
  .rodata            const     0x801'7cb4      0x1c  user_external_flash.o [1]
  .rodata            const     0x801'7cd0      0x1c  user_external_flash.o [1]
  .rodata            const     0x801'7cec      0x1c  user_external_flash.o [1]
  .rodata            const     0x801'7d08      0x1c  user_mqtt.o [1]
  .rodata            const     0x801'7d24      0x18  user_ec200u.o [1]
  .rodata            const     0x801'7d3c      0x18  user_ec200u.o [1]
  .rodata            const     0x801'7d54      0x18  user_ec200u.o [1]
  .rodata            const     0x801'7d6c      0x18  user_ec200u.o [1]
  .rodata            const     0x801'7d84      0x18  user_ec200u.o [1]
  .rodata            const     0x801'7d9c      0x18  user_ec200u.o [1]
  .rodata            const     0x801'7db4      0x18  user_ec200u.o [1]
  .rodata            const     0x801'7dcc      0x18  user_external_flash.o [1]
  .rodata            const     0x801'7de4      0x18  user_lpm.o [1]
  .rodata            const     0x801'7dfc      0x18  user_lpm.o [1]
  .rodata            const     0x801'7e14      0x18  user_mqtt.o [1]
  .rodata            const     0x801'7e2c      0x18  user_sim.o [1]
  .rodata            const     0x801'7e44      0x18  user_sim.o [1]
  .rodata            const     0x801'7e5c      0x14  user_app_comm.o [1]
  .rodata            const     0x801'7e70      0x14  user_app_mem.o [1]
  .rodata            const     0x801'7e84      0x14  user_at_serial.o [1]
  .rodata            const     0x801'7e98      0x14  user_at_serial.o [1]
  .rodata            const     0x801'7eac      0x14  user_at_serial.o [1]
  .rodata            const     0x801'7ec0      0x14  user_at_serial.o [1]
  .rodata            const     0x801'7ed4      0x14  user_ec200u.o [1]
  .rodata            const     0x801'7ee8      0x14  user_ec200u.o [1]
  .rodata            const     0x801'7efc      0x14  user_ec200u.o [1]
  .rodata            const     0x801'7f10      0x14  user_ec200u.o [1]
  .rodata            const     0x801'7f24      0x14  user_ec200u.o [1]
  .rodata            const     0x801'7f38      0x14  user_ec200u.o [1]
  .rodata            const     0x801'7f4c      0x14  user_ec200u.o [1]
  .rodata            const     0x801'7f60      0x14  user_ec200u.o [1]
  .rodata            const     0x801'7f74      0x14  user_ec200u.o [1]
  .rodata            const     0x801'7f88      0x14  user_ec200u.o [1]
  .rodata            const     0x801'7f9c      0x14  user_ec200u.o [1]
  .rodata            const     0x801'7fb0      0x14  user_ec200u.o [1]
  .rodata            const     0x801'7fc4      0x14  user_external_flash.o [1]
  .rodata            const     0x801'7fd8      0x14  user_external_flash.o [1]
  .rodata            const     0x801'7fec      0x14  user_external_flash.o [1]
  .rodata            const     0x801'8000      0x14  user_external_flash.o [1]
  .rodata            const     0x801'8014      0x14  user_external_flash.o [1]
  .rodata            const     0x801'8028      0x14  user_modem.o [1]
  .rodata            const     0x801'803c      0x14  user_mqtt.o [1]
  .rodata            const     0x801'8050      0x14  user_mqtt.o [1]
  .rodata            const     0x801'8064      0x14  user_mqtt.o [1]
  .rodata            const     0x801'8078      0x14  user_mqtt.o [1]
  .rodata            const     0x801'808c      0x14  user_mqtt.o [1]
  .rodata            const     0x801'80a0      0x14  user_mqtt.o [1]
  .rodata            const     0x801'80b4      0x14  user_mqtt.o [1]
  .rodata            const     0x801'80c8      0x14  user_mqtt.o [1]
  .rodata            const     0x801'80dc      0x14  user_sim.o [1]
  .rodata            const     0x801'80f0      0x14  user_sim.o [1]
  .rodata            const     0x801'8104      0x14  user_sim.o [1]
  .rodata            const     0x801'8118      0x14  user_sim.o [1]
  .rodata            const     0x801'812c      0x14  user_sim.o [1]
  .rodata            const     0x801'8140      0x14  user_sim.o [1]
  .rodata            const     0x801'8154      0x10  system_stm32l1xx.o [1]
  .rodata            const     0x801'8164      0x10  user_app_comm.o [1]
  .rodata            const     0x801'8174      0x10  user_app_comm.o [1]
  .rodata            const     0x801'8184      0x10  user_app_mem.o [1]
  .rodata            const     0x801'8194      0x10  user_at_serial.o [1]
  .rodata            const     0x801'81a4      0x10  user_at_serial.o [1]
  .rodata            const     0x801'81b4      0x10  user_at_serial.o [1]
  .rodata            const     0x801'81c4      0x10  user_at_serial.o [1]
  .rodata            const     0x801'81d4      0x10  user_at_serial.o [1]
  .rodata            const     0x801'81e4      0x10  user_at_serial.o [1]
  .rodata            const     0x801'81f4      0x10  user_at_serial.o [1]
  .rodata            const     0x801'8204      0x10  user_at_serial.o [1]
  .rodata            const     0x801'8214      0x10  user_at_serial.o [1]
  .rodata            const     0x801'8224      0x10  user_at_serial.o [1]
  .rodata            const     0x801'8234      0x10  user_at_serial.o [1]
  .rodata            const     0x801'8244      0x10  user_at_serial.o [1]
  .rodata            const     0x801'8254      0x10  user_at_serial.o [1]
  .rodata            const     0x801'8264      0x10  user_at_serial.o [1]
  .rodata            const     0x801'8274      0x10  user_at_serial.o [1]
  .rodata            const     0x801'8284      0x10  user_at_serial.o [1]
  .rodata            const     0x801'8294      0x10  user_at_serial.o [1]
  .rodata            const     0x801'82a4      0x10  user_at_serial.o [1]
  .rodata            const     0x801'82b4      0x10  user_at_serial.o [1]
  .rodata            const     0x801'82c4      0x10  user_at_serial.o [1]
  .rodata            const     0x801'82d4      0x10  user_at_serial.o [1]
  .rodata            const     0x801'82e4      0x10  user_at_serial.o [1]
  .rodata            const     0x801'82f4      0x10  user_at_serial.o [1]
  .rodata            const     0x801'8304      0x10  user_at_serial.o [1]
  .rodata            const     0x801'8314      0x10  user_at_serial.o [1]
  .rodata            const     0x801'8324      0x10  user_at_serial.o [1]
  .rodata            const     0x801'8334      0x10  user_at_serial.o [1]
  .rodata            const     0x801'8344      0x10  user_ec200u.o [1]
  .rodata            const     0x801'8354      0x10  user_ec200u.o [1]
  .rodata            const     0x801'8364      0x10  user_ec200u.o [1]
  .rodata            const     0x801'8374      0x10  user_ec200u.o [1]
  .rodata            const     0x801'8384      0x10  user_ec200u.o [1]
  .rodata            const     0x801'8394      0x10  user_ec200u.o [1]
  .rodata            const     0x801'83a4      0x10  user_ec200u.o [1]
  .rodata            const     0x801'83b4      0x10  user_ec200u.o [1]
  .rodata            const     0x801'83c4      0x10  user_ec200u.o [1]
  .rodata            const     0x801'83d4      0x10  user_ec200u.o [1]
  .rodata            const     0x801'83e4      0x10  user_ec200u.o [1]
  .rodata            const     0x801'83f4      0x10  user_ec200u.o [1]
  .rodata            const     0x801'8404      0x10  user_ec200u.o [1]
  .rodata            const     0x801'8414      0x10  user_ec200u.o [1]
  .rodata            const     0x801'8424      0x10  user_ec200u.o [1]
  .rodata            const     0x801'8434      0x10  user_ec200u.o [1]
  .rodata            const     0x801'8444      0x10  user_ec200u.o [1]
  .rodata            const     0x801'8454      0x10  user_ec200u.o [1]
  .rodata            const     0x801'8464      0x10  user_ec200u.o [1]
  .rodata            const     0x801'8474      0x10  user_external_flash.o [1]
  .rodata            const     0x801'8484      0x10  user_external_flash.o [1]
  .rodata            const     0x801'8494      0x10  user_external_flash.o [1]
  .rodata            const     0x801'84a4      0x10  user_external_flash.o [1]
  .rodata            const     0x801'84b4      0x10  user_mqtt.o [1]
  .rodata            const     0x801'84c4      0x10  user_mqtt.o [1]
  .rodata            const     0x801'84d4      0x10  user_mqtt.o [1]
  .rodata            const     0x801'84e4      0x10  user_mqtt.o [1]
  .rodata            const     0x801'84f4      0x10  user_mqtt.o [1]
  .rodata            const     0x801'8504      0x10  user_mqtt.o [1]
  .rodata            const     0x801'8514      0x10  user_mqtt.o [1]
  .rodata            const     0x801'8524      0x10  user_mqtt.o [1]
  .rodata            const     0x801'8534      0x10  user_mqtt.o [1]
  .rodata            const     0x801'8544      0x10  user_mqtt.o [1]
  .rodata            const     0x801'8554      0x10  user_mqtt.o [1]
  .rodata            const     0x801'8564      0x10  user_mqtt.o [1]
  .rodata            const     0x801'8574      0x10  user_mqtt.o [1]
  .rodata            const     0x801'8584      0x10  user_mqtt.o [1]
  .rodata            const     0x801'8594      0x10  user_sim.o [1]
  .rodata            const     0x801'85a4      0x10  user_sim_common.o [1]
  .text              ro code   0x801'85b4      0x10  startup_stm32l151xc.o [1]
  .rodata            const     0x801'85c4       0xc  system_stm32l1xx.o [1]
  .rodata            const     0x801'85d0       0xc  user_app_update.o [1]
  .rodata            const     0x801'85dc       0xc  user_at_serial.o [1]
  .rodata            const     0x801'85e8       0xc  user_at_serial.o [1]
  .rodata            const     0x801'85f4       0xc  user_at_serial.o [1]
  .rodata            const     0x801'8600       0xc  user_at_serial.o [1]
  .rodata            const     0x801'860c       0xc  user_at_serial.o [1]
  .rodata            const     0x801'8618       0xc  user_at_serial.o [1]
  .rodata            const     0x801'8624       0xc  user_at_serial.o [1]
  .rodata            const     0x801'8630       0xc  user_at_serial.o [1]
  .rodata            const     0x801'863c       0xc  user_at_serial.o [1]
  .rodata            const     0x801'8648       0xc  user_at_serial.o [1]
  .rodata            const     0x801'8654       0xc  user_at_serial.o [1]
  .rodata            const     0x801'8660       0xc  user_at_serial.o [1]
  .rodata            const     0x801'866c       0xc  user_at_serial.o [1]
  .rodata            const     0x801'8678       0xc  user_at_serial.o [1]
  .rodata            const     0x801'8684       0xc  user_at_serial.o [1]
  .rodata            const     0x801'8690       0xc  user_at_serial.o [1]
  .rodata            const     0x801'869c       0xc  user_at_serial.o [1]
  .rodata            const     0x801'86a8       0xc  user_at_serial.o [1]
  .rodata            const     0x801'86b4       0xc  user_at_serial.o [1]
  .rodata            const     0x801'86c0       0xc  user_at_serial.o [1]
  .rodata            const     0x801'86cc       0xc  user_at_serial.o [1]
  .rodata            const     0x801'86d8       0xc  user_at_serial.o [1]
  .rodata            const     0x801'86e4       0xc  user_at_serial.o [1]
  .rodata            const     0x801'86f0       0xc  user_ec200u.o [1]
  .rodata            const     0x801'86fc       0xc  user_ec200u.o [1]
  .rodata            const     0x801'8708       0xc  user_ec200u.o [1]
  .rodata            const     0x801'8714       0xc  user_ec200u.o [1]
  .rodata            const     0x801'8720       0xc  user_ec200u.o [1]
  .rodata            const     0x801'872c       0xc  user_ec200u.o [1]
  .rodata            const     0x801'8738       0xc  user_ec200u.o [1]
  .rodata            const     0x801'8744       0xc  user_ec200u.o [1]
  .rodata            const     0x801'8750       0xc  user_ec200u.o [1]
  .rodata            const     0x801'875c       0xc  user_ec200u.o [1]
  .rodata            const     0x801'8768       0xc  user_ec200u.o [1]
  .rodata            const     0x801'8774       0xc  user_ec200u.o [1]
  .rodata            const     0x801'8780       0xc  user_ec200u.o [1]
  .rodata            const     0x801'878c       0xc  user_ec200u.o [1]
  .rodata            const     0x801'8798       0xc  user_ec200u.o [1]
  .rodata            const     0x801'87a4       0xc  user_ec200u.o [1]
  .rodata            const     0x801'87b0       0xc  user_ec200u.o [1]
  .rodata            const     0x801'87bc       0xc  user_ec200u.o [1]
  .rodata            const     0x801'87c8       0xc  user_ec200u.o [1]
  .rodata            const     0x801'87d4       0xc  user_ec200u.o [1]
  .rodata            const     0x801'87e0       0xc  user_ec200u.o [1]
  .rodata            const     0x801'87ec       0xc  user_ec200u.o [1]
  .rodata            const     0x801'87f8       0xc  user_ec200u.o [1]
  .rodata            const     0x801'8804       0xc  user_ec200u.o [1]
  .rodata            const     0x801'8810       0xc  user_ec200u.o [1]
  .rodata            const     0x801'881c       0xc  user_ec200u.o [1]
  .rodata            const     0x801'8828       0xc  user_ec200u.o [1]
  .rodata            const     0x801'8834       0xc  user_ec200u.o [1]
  .rodata            const     0x801'8840       0xc  user_ec200u.o [1]
  .rodata            const     0x801'884c       0xc  user_ec200u.o [1]
  .rodata            const     0x801'8858       0xc  user_ec200u.o [1]
  .rodata            const     0x801'8864       0xc  user_ec200u.o [1]
  .rodata            const     0x801'8870       0xc  user_ec200u.o [1]
  .rodata            const     0x801'887c       0xc  user_ec200u.o [1]
  .rodata            const     0x801'8888       0xc  user_ec200u.o [1]
  .rodata            const     0x801'8894       0xc  user_ec200u.o [1]
  .rodata            const     0x801'88a0       0xc  user_ec200u.o [1]
  .rodata            const     0x801'88ac       0xc  user_ec200u.o [1]
  .rodata            const     0x801'88b8       0xc  user_ec200u.o [1]
  .rodata            const     0x801'88c4       0xc  user_ec200u.o [1]
  .rodata            const     0x801'88d0       0xc  user_mqtt.o [1]
  .rodata            const     0x801'88dc       0xc  user_rtc.o [1]
  .rodata            const     0x801'88e8       0xc  user_rtc.o [1]
  .rodata            const     0x801'88f4       0xc  user_sim_common.o [1]
  .text              ro code   0x801'8900       0xc  cstartup_M.o [4]
  .rodata            const     0x801'890c       0x8  MQTTConnectClient.o [1]
  .rodata            const     0x801'8914       0x8  system_stm32l1xx.o [1]
  .rodata            const     0x801'891c       0x8  user_app_inverter.o [1]
  .rodata            const     0x801'8924       0x8  user_app_inverter.o [1]
  .rodata            const     0x801'892c       0x8  user_app_mem.o [1]
  .rodata            const     0x801'8934       0x8  user_app_sim.o [1]
  .rodata            const     0x801'893c       0x8  user_app_update.o [1]
  .rodata            const     0x801'8944       0x8  user_app_update.o [1]
  .rodata            const     0x801'894c       0x8  user_app_update.o [1]
  .rodata            const     0x801'8954       0x8  user_at_serial.o [1]
  .rodata            const     0x801'895c       0x8  user_at_serial.o [1]
  .rodata            const     0x801'8964       0x8  user_at_serial.o [1]
  .rodata            const     0x801'896c       0x8  user_at_serial.o [1]
  .rodata            const     0x801'8974       0x8  user_at_serial.o [1]
  .rodata            const     0x801'897c       0x8  user_at_serial.o [1]
  .rodata            const     0x801'8984       0x8  user_at_serial.o [1]
  .rodata            const     0x801'898c       0x8  user_at_serial.o [1]
  .rodata            const     0x801'8994       0x8  user_at_serial.o [1]
  .rodata            const     0x801'899c       0x8  user_at_serial.o [1]
  .rodata            const     0x801'89a4       0x8  user_at_serial.o [1]
  .rodata            const     0x801'89ac       0x8  user_at_serial.o [1]
  .rodata            const     0x801'89b4       0x8  user_at_serial.o [1]
  .rodata            const     0x801'89bc       0x8  user_at_serial.o [1]
  .rodata            const     0x801'89c4       0x8  user_at_serial.o [1]
  .rodata            const     0x801'89cc       0x8  user_at_serial.o [1]
  .rodata            const     0x801'89d4       0x8  user_at_serial.o [1]
  .rodata            const     0x801'89dc       0x8  user_at_serial.o [1]
  .rodata            const     0x801'89e4       0x8  user_at_serial.o [1]
  .rodata            const     0x801'89ec       0x8  user_at_serial.o [1]
  .rodata            const     0x801'89f4       0x8  user_at_serial.o [1]
  .rodata            const     0x801'89fc       0x8  user_at_serial.o [1]
  .rodata            const     0x801'8a04       0x8  user_at_serial.o [1]
  .rodata            const     0x801'8a0c       0x8  user_at_serial.o [1]
  .rodata            const     0x801'8a14       0x8  user_at_serial.o [1]
  .rodata            const     0x801'8a1c       0x8  user_ec200u.o [1]
  .rodata            const     0x801'8a24       0x8  user_ec200u.o [1]
  .rodata            const     0x801'8a2c       0x8  user_ec200u.o [1]
  .rodata            const     0x801'8a34       0x8  user_ec200u.o [1]
  .rodata            const     0x801'8a3c       0x8  user_ec200u.o [1]
  .rodata            const     0x801'8a44       0x8  user_ec200u.o [1]
  .rodata            const     0x801'8a4c       0x8  user_ec200u.o [1]
  .rodata            const     0x801'8a54       0x8  user_ec200u.o [1]
  .rodata            const     0x801'8a5c       0x8  user_ec200u.o [1]
  .rodata            const     0x801'8a64       0x8  user_ec200u.o [1]
  .rodata            const     0x801'8a6c       0x8  user_ec200u.o [1]
  .rodata            const     0x801'8a74       0x8  user_ec200u.o [1]
  .rodata            const     0x801'8a7c       0x8  user_ec200u.o [1]
  .rodata            const     0x801'8a84       0x8  user_ec200u.o [1]
  .rodata            const     0x801'8a8c       0x8  user_ec200u.o [1]
  .rodata            const     0x801'8a94       0x8  user_ec200u.o [1]
  .rodata            const     0x801'8a9c       0x8  user_ec200u.o [1]
  .rodata            const     0x801'8aa4       0x8  user_ec200u.o [1]
  .rodata            const     0x801'8aac       0x8  user_ec200u.o [1]
  .rodata            const     0x801'8ab4       0x8  user_ec200u.o [1]
  .rodata            const     0x801'8abc       0x8  user_ec200u.o [1]
  .rodata            const     0x801'8ac4       0x8  user_ec200u.o [1]
  .rodata            const     0x801'8acc       0x8  user_ec200u.o [1]
  .rodata            const     0x801'8ad4       0x8  user_ec200u.o [1]
  .rodata            const     0x801'8adc       0x8  user_ec200u.o [1]
  .rodata            const     0x801'8ae4       0x8  user_ec200u.o [1]
  .rodata            const     0x801'8aec       0x8  user_ec200u.o [1]
  .rodata            const     0x801'8af4       0x8  user_ec200u.o [1]
  .rodata            const     0x801'8afc       0x8  user_log.o [1]
  .rodata            const     0x801'8b04       0x8  user_mqtt.o [1]
  .rodata            const     0x801'8b0c       0x8  user_mqtt.o [1]
  .rodata            const     0x801'8b14       0x8  user_mqtt.o [1]
  .rodata            const     0x801'8b1c       0x8  user_mqtt.o [1]
  .rodata            const     0x801'8b24       0x8  user_mqtt.o [1]
  .rodata            const     0x801'8b2c       0x8  user_mqtt.o [1]
  .rodata            const     0x801'8b34       0x8  user_mqtt.o [1]
  .rodata            const     0x801'8b3c       0x8  user_mqtt.o [1]
  .rodata            const     0x801'8b44       0x8  user_mqtt.o [1]
  .rodata            const     0x801'8b4c       0x8  user_mqtt.o [1]
  .rodata            const     0x801'8b54       0x8  user_mqtt.o [1]
  .rodata            const     0x801'8b5c       0x8  user_mqtt.o [1]
  .rodata            const     0x801'8b64       0x8  user_mqtt.o [1]
  .rodata            const     0x801'8b6c       0x8  user_mqtt.o [1]
  .rodata            const     0x801'8b74       0x8  user_mqtt.o [1]
  .rodata            const     0x801'8b7c       0x8  user_mqtt.o [1]
  .rodata            const     0x801'8b84       0x8  user_mqtt.o [1]
  .rodata            const     0x801'8b8c       0x8  user_mqtt.o [1]
  .rodata            const     0x801'8b94       0x8  user_mqtt.o [1]
  .rodata            const     0x801'8b9c       0x8  user_mqtt.o [1]
  .rodata            const     0x801'8ba4       0x8  user_mqtt.o [1]
  .rodata            const     0x801'8bac       0x8  user_mqtt.o [1]
  .rodata            const     0x801'8bb4       0x8  user_mqtt.o [1]
  .rodata            const     0x801'8bbc       0x8  user_mqtt.o [1]
  .rodata            const     0x801'8bc4       0x8  user_mqtt.o [1]
  .rodata            const     0x801'8bcc       0x8  user_mqtt.o [1]
  .rodata            const     0x801'8bd4       0x8  user_mqtt.o [1]
  .rodata            const     0x801'8bdc       0x8  user_mqtt.o [1]
  .rodata            const     0x801'8be4       0x8  user_mqtt.o [1]
  .rodata            const     0x801'8bec       0x8  user_mqtt.o [1]
  .rodata            const     0x801'8bf4       0x8  user_mqtt.o [1]
  .rodata            const     0x801'8bfc       0x8  user_mqtt.o [1]
  .rodata            const     0x801'8c04       0x8  user_mqtt.o [1]
  .rodata            const     0x801'8c0c       0x8  user_mqtt.o [1]
  .rodata            const     0x801'8c14       0x8  user_mqtt.o [1]
  .rodata            const     0x801'8c1c       0x8  user_sim.o [1]
  .rodata            const     0x801'8c24       0x8  user_sim_common.o [1]
  .rodata            const     0x801'8c2c       0x8  user_sim_common.o [1]
  .rodata            const     0x801'8c34       0x8  user_sim_common.o [1]
  .rodata            const     0x801'8c3c       0x8  user_sim_common.o [1]
  .rodata            const     0x801'8c44       0x8  user_util.o [1]
  .rodata            const     0x801'8c4c       0x8  user_util.o [1]
  .rodata            const     0x801'8c54       0x8  user_util.o [1]
  .rodata            const     0x801'8c5c       0x4  MQTTConnectClient.o [1]
  .rodata            const     0x801'8c60       0x4  MQTTConnectClient.o [1]
  .rodata            const     0x801'8c64       0x4  MQTTSerializePublish.o [1]
  .rodata            const     0x801'8c68       0x4  MQTTSubscribeClient.o [1]
  .rodata            const     0x801'8c6c       0x4  user_at_serial.o [1]
  .rodata            const     0x801'8c70       0x4  user_ec200u.o [1]
  .rodata            const     0x801'8c74       0x4  user_ec200u.o [1]
  .rodata            const     0x801'8c78       0x4  user_ec200u.o [1]
  .rodata            const     0x801'8c7c       0x4  user_ec200u.o [1]
  .rodata            const     0x801'8c80       0x4  user_ec200u.o [1]
  .rodata            const     0x801'8c84       0x4  user_mqtt.o [1]
  .rodata            const     0x801'8c88       0x4  user_sim_common.o [1]
  .text              ro code   0x801'8c8c       0x4  startup_stm32l151xc.o [1]
  .text              ro code   0x801'8c90       0x4  startup_stm32l151xc.o [1]
  .text              ro code   0x801'8c94       0x4  startup_stm32l151xc.o [1]
  .text              ro code   0x801'8c98       0x4  startup_stm32l151xc.o [1]
  .text              ro code   0x801'8c9c       0x4  startup_stm32l151xc.o [1]
  .text              ro code   0x801'8ca0       0x4  startup_stm32l151xc.o [1]
  .text              ro code   0x801'8ca4       0x4  startup_stm32l151xc.o [1]
  .text              ro code   0x801'8ca8       0x4  startup_stm32l151xc.o [1]
  .text              ro code   0x801'8cac       0x4  startup_stm32l151xc.o [1]
  .text              ro code   0x801'8cb0       0x4  startup_stm32l151xc.o [1]
  .text              ro code   0x801'8cb4       0x4  startup_stm32l151xc.o [1]
  .text              ro code   0x801'8cb8       0x4  startup_stm32l151xc.o [1]
  .text              ro code   0x801'8cbc       0x4  startup_stm32l151xc.o [1]
  .text              ro code   0x801'8cc0       0x4  startup_stm32l151xc.o [1]
  .text              ro code   0x801'8cc4       0x4  startup_stm32l151xc.o [1]
  .text              ro code   0x801'8cc8       0x4  startup_stm32l151xc.o [1]
  .text              ro code   0x801'8ccc       0x4  startup_stm32l151xc.o [1]
  .text              ro code   0x801'8cd0       0x4  startup_stm32l151xc.o [1]
  .text              ro code   0x801'8cd4       0x4  startup_stm32l151xc.o [1]
  .text              ro code   0x801'8cd8       0x4  startup_stm32l151xc.o [1]
  .text              ro code   0x801'8cdc       0x4  startup_stm32l151xc.o [1]
  .text              ro code   0x801'8ce0       0x4  startup_stm32l151xc.o [1]
  .text              ro code   0x801'8ce4       0x4  startup_stm32l151xc.o [1]
  .text              ro code   0x801'8ce8       0x4  startup_stm32l151xc.o [1]
  .text              ro code   0x801'8cec       0x4  startup_stm32l151xc.o [1]
  .text              ro code   0x801'8cf0       0x4  startup_stm32l151xc.o [1]
  .text              ro code   0x801'8cf4       0x4  startup_stm32l151xc.o [1]
  .text              ro code   0x801'8cf8       0x4  startup_stm32l151xc.o [1]
  .text              ro code   0x801'8cfc       0x4  startup_stm32l151xc.o [1]
  .text              ro code   0x801'8d00       0x4  startup_stm32l151xc.o [1]
  .text              ro code   0x801'8d04       0x4  startup_stm32l151xc.o [1]
  .text              ro code   0x801'8d08       0x4  startup_stm32l151xc.o [1]
  .text              ro code   0x801'8d0c       0x4  startup_stm32l151xc.o [1]
  .text              ro code   0x801'8d10       0x4  startup_stm32l151xc.o [1]
  .text              ro code   0x801'8d14       0x4  startup_stm32l151xc.o [1]
  .text              ro code   0x801'8d18       0x4  startup_stm32l151xc.o [1]
  .text              ro code   0x801'8d1c       0x4  startup_stm32l151xc.o [1]
  .text              ro code   0x801'8d20       0x4  startup_stm32l151xc.o [1]
  .text              ro code   0x801'8d24       0x4  startup_stm32l151xc.o [1]
  .text              ro code   0x801'8d28       0x4  startup_stm32l151xc.o [1]
  .text              ro code   0x801'8d2c       0x4  startup_stm32l151xc.o [1]
  .text              ro code   0x801'8d30       0x4  startup_stm32l151xc.o [1]
  .text              ro code   0x801'8d34       0x4  startup_stm32l151xc.o [1]
  .text              ro code   0x801'8d38       0x4  startup_stm32l151xc.o [1]
  .text              ro code   0x801'8d3c       0x4  startup_stm32l151xc.o [1]
  .text              ro code   0x801'8d40       0x4  startup_stm32l151xc.o [1]
  .text              ro code   0x801'8d44       0x4  startup_stm32l151xc.o [1]
  .text              ro code   0x801'8d48       0x4  startup_stm32l151xc.o [1]
  .text              ro code   0x801'8d4c       0x2  system_stm32l1xx.o [1]
  .rodata            const     0x801'8d4e       0x0  zero_init3.o [4]
  .rodata            const     0x801'8d4e       0x0  lz77_init_single.o [4]
  Initializer bytes  const     0x801'8d4e     0x4cf  <for P2-1>
                             - 0x801'921d  0x1'54f9

"P2", part 1 of 3:                           0x10b9
  P2-1                        0x2000'0000    0x10b9  <Init block>
    .data            inited   0x2000'0000     0x290  user_app_sim.o [1]
    .data            inited   0x2000'0290       0x4  stm32l1xx_hal.o [1]
    .data            inited   0x2000'0294       0x4  stm32l1xx_hal.o [1]
    .data            inited   0x2000'0298       0x4  system_stm32l1xx.o [1]
    .data            inited   0x2000'029c      0x60  user_app_comm.o [1]
    .data            inited   0x2000'02fc       0x8  user_app_comm.o [1]
    .data            inited   0x2000'0304      0x50  user_app_inverter.o [1]
    .data            inited   0x2000'0354      0x18  user_app_inverter.o [1]
    .data            inited   0x2000'036c       0x8  user_app_inverter.o [1]
    .data            inited   0x2000'0374      0x28  user_app_inverter.o [1]
    .data            inited   0x2000'039c      0x54  user_app_inverter.o [1]
    .data            inited   0x2000'03f0       0x8  user_app_inverter.o [1]
    .data            inited   0x2000'03f8       0xc  user_app_inverter.o [1]
    .data            inited   0x2000'0404      0x60  user_app_mem.o [1]
    .data            inited   0x2000'0464      0x40  user_app_sim.o [1]
    .data            inited   0x2000'04a4      0x18  user_app_sim.o [1]
    .data            inited   0x2000'04bc      0x20  user_app_update.o [1]
    .data            inited   0x2000'04dc       0x8  user_app_update.o [1]
    .data            inited   0x2000'04e4      0x10  user_ec200u.o [1]
    .data            inited   0x2000'04f4       0xc  user_ec200u.o [1]
    .data            inited   0x2000'0500       0xc  user_ec200u.o [1]
    .data            inited   0x2000'050c       0x4  user_ec200u.o [1]
    .data            inited   0x2000'0510       0x4  user_ec200u.o [1]
    .data            inited   0x2000'0514       0x4  user_ec200u.o [1]
    .data            inited   0x2000'0518      0x14  user_ec200u.o [1]
    .data            inited   0x2000'052c       0x4  user_ec200u.o [1]
    .data            inited   0x2000'0530       0xc  user_ec200u.o [1]
    .data            inited   0x2000'053c       0x4  user_ec200u.o [1]
    .data            inited   0x2000'0540       0x4  user_ec200u.o [1]
    .data            inited   0x2000'0544       0x4  user_ec200u.o [1]
    .data            inited   0x2000'0548      0x30  user_external_eeprom.o [1]
    .data            inited   0x2000'0578     0x140  user_external_eeprom.o [1]
    .data            inited   0x2000'06b8      0x40  user_external_flash.o [1]
    .data            inited   0x2000'06f8      0xb4  user_external_flash.o [1]
    .data            inited   0x2000'07ac      0x10  user_external_flash.o [1]
    .data            inited   0x2000'07bc      0x14  user_external_flash.o [1]
    .data            inited   0x2000'07d0       0x4  user_external_flash.o [1]
    .data            inited   0x2000'07d4      0x10  user_external_flash.o [1]
    .data            inited   0x2000'07e4     0x140  user_external_flash.o [1]
    .data            inited   0x2000'0924      0x30  user_internal_mem.o [1]
    .data            inited   0x2000'0954     0x140  user_internal_mem.o [1]
    .data            inited   0x2000'0a94      0x14  user_modem.o [1]
    .data            inited   0x2000'0aa8      0x38  user_modem.o [1]
    .data            inited   0x2000'0ae0      0x38  user_modem.o [1]
    .data            inited   0x2000'0b18      0x38  user_modem.o [1]
    .data            inited   0x2000'0b50      0x38  user_modem.o [1]
    .data            inited   0x2000'0b88      0x4c  user_modem.o [1]
    .data            inited   0x2000'0bd4       0xc  user_modem.o [1]
    .data            inited   0x2000'0be0      0x10  user_modem.o [1]
    .data            inited   0x2000'0bf0      0x58  user_mqtt.o [1]
    .data            inited   0x2000'0c48      0x90  user_sim.o [1]
    .data            inited   0x2000'0cd8       0x8  user_sim.o [1]
    .data            inited   0x2000'0ce0      0x1c  user_sim.o [1]
    .data            inited   0x2000'0cfc      0x10  user_sim.o [1]
    .data            inited   0x2000'0d0c      0x18  user_sim_common.o [1]
    .data            inited   0x2000'0d24      0x20  user_sim_common.o [1]
    .data            inited   0x2000'0d44      0x20  user_sim_common.o [1]
    .data            inited   0x2000'0d64      0x20  user_sim_common.o [1]
    .data            inited   0x2000'0d84      0x20  user_sim_common.o [1]
    .data            inited   0x2000'0da4      0x28  user_sim_common.o [1]
    .data            inited   0x2000'0dcc       0xc  user_sim_common.o [1]
    .data            inited   0x2000'0dd8      0x28  user_sim_common.o [1]
    .data            inited   0x2000'0e00      0x28  user_sim_common.o [1]
    .data            inited   0x2000'0e28      0x28  user_sim_common.o [1]
    .data            inited   0x2000'0e50       0xc  user_sim_common.o [1]
    .data            inited   0x2000'0e5c      0x28  user_sim_common.o [1]
    .data            inited   0x2000'0e84      0x28  user_sim_common.o [1]
    .data            inited   0x2000'0eac      0x20  user_sim_common.o [1]
    .data            inited   0x2000'0ecc      0x20  user_sim_common.o [1]
    .data            inited   0x2000'0eec      0x20  user_sim_common.o [1]
    .data            inited   0x2000'0f0c      0x20  user_sim_common.o [1]
    .data            inited   0x2000'0f2c      0x50  user_sim_common.o [1]
    .data            inited   0x2000'0f7c      0x84  user_sim_common.o [1]
    .data            inited   0x2000'1000      0x50  user_sim_common.o [1]
    .data            inited   0x2000'1050      0x44  user_sim_common.o [1]
    .data            inited   0x2000'1094       0xc  user_time.o [1]
    .data            inited   0x2000'10a0       0xc  user_time.o [1]
    .data            inited   0x2000'10ac       0x8  user_uart.o [1]
    .data            inited   0x2000'10b4       0x2  user_ec200u.o [1]
    .data            inited   0x2000'10b6       0x2  user_ec200u.o [1]
    .data            inited   0x2000'10b8       0x1  user_ec200u.o [1]
                            - 0x2000'10b9    0x10b9

"P2", part 2 of 3:                           0x3348
  .bss               zero     0x2000'10bc     0xa50  user_external_flash.o [1]
  .bss               zero     0x2000'1b0c     0x4b0  user_mqtt.o [1]
  .bss               zero     0x2000'1fbc     0x4b0  user_mqtt.o [1]
  .bss               zero     0x2000'246c     0x4b0  user_sim.o [1]
  .bss               zero     0x2000'291c     0x4b0  user_uart.o [1]
  .bss               zero     0x2000'2dcc     0x400  user_external_flash.o [1]
  .bss               zero     0x2000'31cc     0x400  user_modem.o [1]
  .bss               zero     0x2000'35cc     0x100  user_app_sim.o [1]
  .bss               zero     0x2000'36cc     0x100  user_app_sim.o [1]
  .bss               zero     0x2000'37cc     0x100  user_external_eeprom.o [1]
  .bss               zero     0x2000'38cc     0x100  user_internal_mem.o [1]
  .bss               zero     0x2000'39cc     0x100  user_modem.o [1]
  .bss               zero     0x2000'3acc     0x100  user_modem.o [1]
  .bss               zero     0x2000'3bcc      0xc4  user_mqtt.o [1]
  .bss               zero     0x2000'3c90      0xa0  user_external_flash.o [1]
  .bss               zero     0x2000'3d30      0x80  user_at_serial.o [1]
  .bss               zero     0x2000'3db0      0x70  user_sim_common.o [1]
  .bss               zero     0x2000'3e20      0x64  user_external_flash.o [1]
  .bss               zero     0x2000'3e84      0x58  spi.o [1]
  .bss               zero     0x2000'3edc      0x54  adc.o [1]
  .bss               zero     0x2000'3f30      0x54  i2c.o [1]
  .bss               zero     0x2000'3f84      0x48  usart.o [1]
  .bss               zero     0x2000'3fcc      0x48  usart.o [1]
  .bss               zero     0x2000'4014      0x48  usart.o [1]
  .bss               zero     0x2000'405c      0x40  user_app_inverter.o [1]
  .bss               zero     0x2000'409c      0x34  user_mqtt.o [1]
  .bss               zero     0x2000'40d0      0x34  user_mqtt.o [1]
  .bss               zero     0x2000'4104      0x34  user_sim.o [1]
  .bss               zero     0x2000'4138      0x2c  user_app_inverter.o [1]
  .bss               zero     0x2000'4164      0x28  user_rtc.o [1]
  .bss               zero     0x2000'418c      0x20  rtc.o [1]
  .bss               zero     0x2000'41ac      0x1c  user_rtc.o [1]
  .bss               zero     0x2000'41c8      0x18  stm32l1xx_hal_flash.o [1]
  .bss               zero     0x2000'41e0      0x18  user_app_comm.o [1]
  .bss               zero     0x2000'41f8      0x18  user_external_eeprom.o [1]
  .bss               zero     0x2000'4210      0x18  user_external_eeprom.o [1]
  .bss               zero     0x2000'4228      0x18  user_external_flash.o [1]
  .bss               zero     0x2000'4240      0x18  user_external_flash.o [1]
  .bss               zero     0x2000'4258      0x18  user_external_flash.o [1]
  .bss               zero     0x2000'4270      0x18  user_internal_mem.o [1]
  .bss               zero     0x2000'4288      0x18  user_internal_mem.o [1]
  .bss               zero     0x2000'42a0      0x18  user_sim.o [1]
  .bss               zero     0x2000'42b8      0x18  user_sim.o [1]
  .bss               zero     0x2000'42d0      0x18  user_sim.o [1]
  .bss               zero     0x2000'42e8      0x18  user_sim.o [1]
  .bss               zero     0x2000'4300      0x18  user_sim_common.o [1]
  .bss               zero     0x2000'4318      0x10  user_app_mem.o [1]
  .bss               zero     0x2000'4328       0xc  user_app_update.o [1]
  .bss               zero     0x2000'4334       0xc  user_external_flash.o [1]
  .bss               zero     0x2000'4340       0xc  user_modem.o [1]
  .bss               zero     0x2000'434c       0xc  user_mqtt.o [1]
  .bss               zero     0x2000'4358       0xc  user_util.o [1]
  .bss               zero     0x2000'4364       0x8  user_app_inverter.o [1]
  .bss               zero     0x2000'436c       0x8  user_app_inverter.o [1]
  .bss               zero     0x2000'4374       0x8  user_app_inverter.o [1]
  .bss               zero     0x2000'437c       0x8  user_app_inverter.o [1]
  .bss               zero     0x2000'4384       0x8  user_app_inverter.o [1]
  .bss               zero     0x2000'438c       0x8  user_app_update.o [1]
  .bss               zero     0x2000'4394       0x4  cat24mxx.o [1]
  .bss               zero     0x2000'4398       0x4  stm32l1xx_hal.o [1]
  .bss               zero     0x2000'439c       0x4  user_app_inverter.o [1]
  .bss               zero     0x2000'43a0       0x4  user_app_inverter.o [1]
  .bss               zero     0x2000'43a4       0x4  user_app_inverter.o [1]
  .bss               zero     0x2000'43a8       0x4  user_app_inverter.o [1]
  .bss               zero     0x2000'43ac       0x4  user_app_inverter.o [1]
  .bss               zero     0x2000'43b0       0x4  user_app_inverter.o [1]
  .bss               zero     0x2000'43b4       0x4  user_lpm.o [1]
  .bss               zero     0x2000'43b8       0x4  user_rtc.o [1]
  .bss               zero     0x2000'43bc       0x4  user_sim.o [1]
  .bss               zero     0x2000'43c0       0x4  user_sim_common.o [1]
  .bss               zero     0x2000'43c4       0x4  user_timer.o [1]
  .bss               zero     0x2000'43c8       0x4  user_util.o [1]
  .bss               zero     0x2000'43cc       0x4  user_util.o [1]
  .bss               zero     0x2000'43d0       0x2  user_app_comm.o [1]
  .bss               zero     0x2000'43d2       0x2  user_app_inverter.o [1]
  .bss               zero     0x2000'43d4       0x2  user_app_inverter.o [1]
  .bss               zero     0x2000'43d6       0x2  user_app_inverter.o [1]
  .bss               zero     0x2000'43d8       0x2  user_app_inverter.o [1]
  .bss               zero     0x2000'43da       0x2  user_app_mem.o [1]
  .bss               zero     0x2000'43dc       0x2  user_external_flash.o [1]
  .bss               zero     0x2000'43de       0x2  user_sim.o [1]
  .bss               zero     0x2000'43e0       0x1  user_adc.o [1]
  .bss               zero     0x2000'43e1       0x1  user_app_comm.o [1]
  .bss               zero     0x2000'43e2       0x1  user_app_comm.o [1]
  .bss               zero     0x2000'43e3       0x1  user_app_comm.o [1]
  .bss               zero     0x2000'43e4       0x1  user_app_comm.o [1]
  .bss               zero     0x2000'43e5       0x1  user_app_comm.o [1]
  .bss               zero     0x2000'43e6       0x1  user_app_inverter.o [1]
  .bss               zero     0x2000'43e7       0x1  user_app_inverter.o [1]
  .bss               zero     0x2000'43e8       0x1  user_app_inverter.o [1]
  .bss               zero     0x2000'43e9       0x1  user_app_inverter.o [1]
  .bss               zero     0x2000'43ea       0x1  user_app_inverter.o [1]
  .bss               zero     0x2000'43eb       0x1  user_app_inverter.o [1]
  .bss               zero     0x2000'43ec       0x1  user_app_inverter.o [1]
  .bss               zero     0x2000'43ed       0x1  user_app_inverter.o [1]
  .bss               zero     0x2000'43ee       0x1  user_app_inverter.o [1]
  .bss               zero     0x2000'43ef       0x1  user_app_inverter.o [1]
  .bss               zero     0x2000'43f0       0x1  user_app_mem.o [1]
  .bss               zero     0x2000'43f1       0x1  user_app_mem.o [1]
  .bss               zero     0x2000'43f2       0x1  user_app_sim.o [1]
  .bss               zero     0x2000'43f3       0x1  user_app_sim.o [1]
  .bss               zero     0x2000'43f4       0x1  user_app_update.o [1]
  .bss               zero     0x2000'43f5       0x1  user_app_update.o [1]
  .bss               zero     0x2000'43f6       0x1  user_at_serial.o [1]
  .bss               zero     0x2000'43f7       0x1  user_external_eeprom.o [1]
  .bss               zero     0x2000'43f8       0x1  user_external_eeprom.o [1]
  .bss               zero     0x2000'43f9       0x1  user_external_flash.o [1]
  .bss               zero     0x2000'43fa       0x1  user_external_flash.o [1]
  .bss               zero     0x2000'43fb       0x1  user_external_flash.o [1]
  .bss               zero     0x2000'43fc       0x1  user_lpm.o [1]
  .bss               zero     0x2000'43fd       0x1  user_rtc.o [1]
  .bss               zero     0x2000'43fe       0x1  user_sim.o [1]
  .bss               zero     0x2000'43ff       0x1  user_sim.o [1]
  .bss               zero     0x2000'4400       0x1  user_sim.o [1]
  .bss               zero     0x2000'4401       0x1  user_uart.o [1]
  .bss               zero     0x2000'4402       0x1  user_uart.o [1]
  .bss               zero     0x2000'4403       0x1  user_uart.o [1]
                            - 0x2000'4404    0x3348

"P2", part 3 of 3:                            0x400
  CSTACK                      0x2000'4408     0x400  <Block>
    CSTACK           uninit   0x2000'4408     0x400  <Block tail>
                            - 0x2000'4808     0x400

Unused ranges:

         From           To      Size
         ----           --      ----
   0x801'921d   0x803'ffff  0x2'6de3
  0x2000'10b9  0x2000'10bb       0x3
  0x2000'4404  0x2000'4407       0x4
  0x2000'4808  0x2000'7fff    0x37f8


*******************************************************************************
*** INIT TABLE
***

          Address      Size
          -------      ----
Zero (__iar_zero_init3)
    1 destination range, total size 0x3348:
          0x2000'10bc  0x3348

Copy/lz77 (__iar_lz77_init_single3)
    1 source range, total size 0x4cf (28% of destination):
           0x801'8d4e   0x4cf
    1 destination range, total size 0x10b9:
          0x2000'0000  0x10b9



*******************************************************************************
*** MODULE SUMMARY
***

    Module                    ro code  ro data  rw data
    ------                    -------  -------  -------
command line/config:
    ---------------------------------------------------
    Total:

D:\Saoviet_Git\Saoviet_Update_Firmware_SIM\Saoviet_Container\EWARM\GSM_Container\Obj: [1]
    MQTTConnectClient.o           512       16
    MQTTPacket.o                  284
    MQTTSerializePublish.o        224        4
    MQTTSubscribeClient.o         232        4
    S25FL216K.o                   146
    adc.o                         420                84
    cat24mxx.o                    416                 4
    event_driven.o                 84
    gpio.o                        456
    i2c.o                         176                84
    main.o                        228
    onchipflash.o                 440
    queue_p.o                     440
    rtc.o                          44                32
    spi.o                         188                88
    startup_stm32l151xc.o         500
    stm32l1xx_hal.o               280        2       12
    stm32l1xx_hal_adc.o         1'332
    stm32l1xx_hal_cortex.o        400
    stm32l1xx_hal_dma.o           178
    stm32l1xx_hal_flash.o         424                24
    stm32l1xx_hal_flash_ex.o       44
    stm32l1xx_hal_gpio.o          916
    stm32l1xx_hal_i2c.o         3'058
    stm32l1xx_hal_msp.o            72
    stm32l1xx_hal_pwr.o           124
    stm32l1xx_hal_pwr_ex.o         84
    stm32l1xx_hal_rcc.o         2'156
    stm32l1xx_hal_rcc_ex.o        352
    stm32l1xx_hal_rtc.o         1'878
    stm32l1xx_hal_rtc_ex.o         64
    stm32l1xx_hal_spi.o         1'124
    stm32l1xx_hal_uart.o        2'258
    stm32l1xx_it.o                 92
    system_stm32l1xx.o              2       38        4
    usart.o                       616               216
    user_adc.o                      2                 1
    user_app_comm.o             1'188      109      135
    user_app_inverter.o         4'244      154      446
    user_app_mem.o              3'644      976      116
    user_app_sim.o              2'696      281    1'258
    user_app_update.o           1'472      136       62
    user_at_serial.o            7'204    1'872      129
    user_ec200u.o               3'176    4'530      105
    user_external_eeprom.o        940      298      674
    user_external_flash.o       3'632      762    4'633
    user_internal_mem.o           720      226      672
    user_log.o                    500        8
    user_lpm.o                    388       48        5
    user_modbus_rtu.o             216
    user_modem.o                  516      152    1'896
    user_modem_init.o             438
    user_mqtt.o                 5'228    1'510    2'800
    user_rtc.o                    936       68       73
    user_sim.o                  4'968      248    1'553
    user_sim_common.o           1'988      324    1'044
    user_string.o                 644
    user_time.o                   668        7       24
    user_timer.o                  964                 4
    user_uart.o                   276        2    1'211
    user_util.o                 1'392       24       20
    ---------------------------------------------------
    Total:                     68'284   11'799   17'409

dl7M_tlf.a: [2]
    exit.o                          4
    low_level_init.o                4
    strstr.o                       44
    ---------------------------------------------------
    Total:                         52

m7M_tl.a: [3]
    DblAdd.o                      378
    DblCmpEq.o                     32
    DblCmpGe.o                     46
    DblCmpLe.o                     46
    DblDiv.o                      582
    DblMul.o                      418
    DblSub.o                      226
    DblToS32.o                     58
    S32ToDbl.o                     34
    U32ToDbl.o                     26
    frexp.o                       112
    iar_Exp64.o                   884
    ldexp.o                       314
    pow64.o                     1'880    1'056
    ---------------------------------------------------
    Total:                      5'036    1'056

rt7M_tl.a: [4]
    ABImemclr4.o                    6
    ABImemcpy.o                   166
    ABImemset.o                   102
    ABImemset48.o                  50
    I64DivMod.o                   560
    I64DivZer.o                     2
    cexit.o                        10
    cmain.o                        30
    cstartup_M.o                   12
    data_init.o                    40
    lz77_init_single.o            120
    memset.o                       20
    strchr.o                       22
    strlen.o                       54
    zero_init3.o                   58
    ---------------------------------------------------
    Total:                      1'252

shb_l.a: [5]
    exit.o                         20
    ---------------------------------------------------
    Total:                         20

    Gaps                           46        4
    Linker created                          32    1'024
-------------------------------------------------------
    Grand Total:               74'690   12'891   18'433


*******************************************************************************
*** ENTRY LIST
***

Entry                       Address   Size  Type      Object
-----                       -------   ----  ----      ------
.iar.init_table$$Base    0x801'78e8          --   Gb  - Linker created -
.iar.init_table$$Limit   0x801'7908          --   Gb  - Linker created -
?main                    0x801'7ac9         Code  Gb  cmain.o [4]
ADC_ConversionStop_Disable
                         0x800'a815   0x52  Code  Gb  stm32l1xx_hal_adc.o [1]
ADC_Desequence_Powerhungry_Channels
                         0x800'a331    0x2  Code  Gb  user_adc.o [1]
AHBPrescTable            0x801'8154   0x10  Data  Gb  system_stm32l1xx.o [1]
APBPrescTable            0x801'8914    0x8  Data  Gb  system_stm32l1xx.o [1]
AdcInitialized          0x2000'43e0    0x1  Data  Gb  user_adc.o [1]
AppCom_Calcu_Period_To_RoudTime
                         0x800'7a1d   0x3a  Code  Lc  user_app_comm.o [1]
AppComm_IRQ_Timer_CallBack
                         0x800'7a11    0xc  Code  Gb  user_app_comm.o [1]
AppComm_Init             0x800'7943   0x2a  Code  Gb  user_app_comm.o [1]
AppComm_Set_Next_TxTimer
                         0x800'7a85   0x78  Code  Gb  user_app_comm.o [1]
AppComm_Set_Next_TxTimer::CountMessInit
                        0x2000'43e5    0x1  Data  Lc  user_app_comm.o [1]
AppComm_Task             0x800'7971   0x9e  Code  Gb  user_app_comm.o [1]
AppIVT_Clear_Before_Recv
                         0x800'f695    0xa  Code  Gb  user_app_inverter.o [1]
AppIVT_Init              0x800'f5e7   0x1c  Code  Gb  user_app_inverter.o [1]
AppIVT_Log_Data_TSVH     0x800'f5b9   0x2e  Code  Gb  user_app_inverter.o [1]
AppIVT_Packet_TSVH       0x800'f489  0x11e  Code  Gb  user_app_inverter.o [1]
AppIVT_Task              0x800'f125   0x84  Code  Gb  user_app_inverter.o [1]
AppMem_Cb_Check_Mess_Invalid
                         0x800'9401   0x60  Code  Gb  user_app_mem.o [1]
AppMem_Cb_Erase_Chip_Fail
                         0x800'9225    0xe  Code  Gb  user_app_mem.o [1]
AppMem_Cb_Erase_Chip_OK
                         0x800'91d1   0x52  Code  Gb  user_app_mem.o [1]
AppMem_Cb_Get_Addr_From_TypeData
                         0x800'9255   0xac  Code  Gb  user_app_mem.o [1]
AppMem_Cb_Read_OK        0x800'8e25  0x172  Code  Gb  user_app_mem.o [1]
AppMem_Cb_Write_OK       0x800'8d05  0x120  Code  Gb  user_app_mem.o [1]
AppMem_Cb_Wrtie_ERROR    0x800'914d   0x7e  Code  Gb  user_app_mem.o [1]
AppMem_Check_New_Record
                         0x800'9647   0x1c  Code  Gb  user_app_mem.o [1]
AppMem_Erase_New_Sector
                         0x800'9233   0x22  Code  Gb  user_app_mem.o [1]
AppMem_Forward_Data_To_Sim
                         0x800'95b1   0x42  Code  Gb  user_app_mem.o [1]
AppMem_Inc_Index_Save    0x800'9481   0x7a  Code  Gb  user_app_mem.o [1]
AppMem_Inc_Index_Send_1
                         0x800'94fb   0x50  Code  Gb  user_app_mem.o [1]
AppMem_Inc_Index_Send_2
                         0x800'9555   0x52  Code  Gb  user_app_mem.o [1]
AppMem_Init              0x800'8cb5   0x4e  Code  Gb  user_app_mem.o [1]
AppMem_PowerOff_ExFlash
                         0x800'95f3   0x26  Code  Gb  user_app_mem.o [1]
AppMem_PowerOn_ExFlash   0x800'961d   0x2a  Code  Gb  user_app_mem.o [1]
AppMem_Process_Resp_AT   0x800'9301   0x18  Code  Gb  user_app_mem.o [1]
AppMem_Push_Mess_To_Queue_Write
                         0x800'8f97  0x10a  Code  Gb  user_app_mem.o [1]
AppMem_Push_To_Read_Queue
                         0x800'90a1   0x60  Code  Gb  user_app_mem.o [1]
AppMem_Set_Read_Resp_AT
                         0x800'9321   0xd0  Code  Gb  user_app_mem.o [1]
AppMem_Task              0x800'8c13   0xa2  Code  Gb  user_app_mem.o [1]
AppSim_GPS_Error         0x800'e421   0xa8  Code  Gb  user_app_sim.o [1]
AppSim_GPS_Extract_Lat_Long
                         0x800'e25d  0x196  Code  Gb  user_app_sim.o [1]
AppSim_GPS_OK            0x800'e147  0x116  Code  Gb  user_app_sim.o [1]
AppSim_Get_Data_From_Flash
                         0x800'e0c9   0x62  Code  Gb  user_app_sim.o [1]
AppSim_Get_Firmware_Version
                         0x800'e0c3    0x6  Code  Gb  user_app_sim.o [1]
AppSim_Init              0x800'dc19   0x28  Code  Gb  user_app_sim.o [1]
AppSim_Process_AT_Event
                         0x800'dd3d  0x100  Code  Gb  user_app_sim.o [1]
AppSim_Process_Downl_Mess
                         0x800'dfd5   0x52  Code  Gb  user_app_sim.o [1]
AppSim_Process_Sms       0x800'e027   0x18  Code  Gb  user_app_sim.o [1]
AppSim_Send_Mess         0x800'dcc7   0x76  Code  Gb  user_app_sim.o [1]
AppSim_Start_Module_Sim
                         0x800'e4c9   0x18  Code  Gb  user_app_sim.o [1]
AppSim_Task              0x800'dc41   0x86  Code  Gb  user_app_sim.o [1]
AppSim_Unmark_Mess       0x800'e12b   0x1c  Code  Gb  user_app_sim.o [1]
AppUpdate_Task           0x800'fc71   0x84  Code  Gb  user_app_update.o [1]
Appmem_Check_Data_Read   0x800'9101   0x4a  Code  Gb  user_app_mem.o [1]
BusFault_Handler         0x801'718b    0x2  Code  Gb  stm32l1xx_it.o [1]
CAT24Mxx_Read_Array      0x801'3b71   0x78  Code  Gb  cat24mxx.o [1]
CAT24Mxx_Write_Array     0x801'3a51  0x120  Code  Gb  cat24mxx.o [1]
CSTACK$$Base            0x2000'4408          --   Gb  - Linker created -
CSTACK$$Limit           0x2000'4808          --   Gb  - Linker created -
Cal_Time                 0x800'5b6b   0x12  Code  Gb  user_util.o [1]
Calculator_Crc_U16       0x800'fbf9   0x4e  Code  Gb  user_app_update.o [1]
Calculator_Crc_U8        0x800'fc47   0x2a  Code  Gb  user_app_update.o [1]
Calculator_Scale         0x800'f369   0x54  Code  Gb  user_app_inverter.o [1]
Calculator_Scale_IVT     0x800'f3c1   0x22  Code  Gb  user_app_inverter.o [1]
Cb_TX_Timer_Event        0x800'7a59   0x2c  Code  Lc  user_app_comm.o [1]
CheckList_AT_CONFIG      0x801'6898  0x350  Data  Gb  user_at_serial.o [1]
Check_AT_User            0x800'550d  0x1a8  Code  Gb  user_at_serial.o [1]
Check_CountBuffer_Complete_Uart
                         0x800'f3f1   0x84  Code  Gb  user_app_inverter.o [1]
Check_CountBuffer_Complete_Uart::Get_systick
                        0x2000'43b0    0x4  Data  Lc  user_app_inverter.o [1]
Check_CountBuffer_Complete_Uart::State_systick
                        0x2000'43d8    0x2  Data  Lc  user_app_inverter.o [1]
Check_CountBuffer_Complete_Uart::countBuffer_uart
                        0x2000'43d6    0x2  Data  Lc  user_app_inverter.o [1]
Check_Time_Out           0x800'5b4d   0x1e  Code  Gb  user_util.o [1]
Check_update_Time        0x800'7ceb   0x56  Code  Gb  user_time.o [1]
Connect_Packet          0x2000'0bf0   0x58  Data  Gb  user_mqtt.o [1]
Convert_Hex_To_String_Hex
                         0x800'5eb9   0x90  Code  Gb  user_util.o [1]
Convert_String_To_Dec    0x800'5e5b   0x5e  Code  Gb  user_util.o [1]
Convert_Uint64_To_StringDec
                         0x800'5b7d  0x128  Code  Gb  user_util.o [1]
Convert_sTime_ToGMT      0x800'7d41   0xb0  Code  Gb  user_time.o [1]
Copy_String              0x800'87ff   0x5e  Code  Gb  user_string.o [1]
Copy_String_2            0x800'885d   0x36  Code  Gb  user_string.o [1]
DCU_Respond              0x800'59f7   0xe6  Code  Gb  user_modem.o [1]
DataConack_8a           0x2000'053c    0x4  Data  Lc  user_ec200u.o [1]
DataPuback_8a           0x2000'0544    0x4  Data  Lc  user_ec200u.o [1]
DataSuback_8a           0x2000'0540    0x4  Data  Lc  user_ec200u.o [1]
DaysInMonth              0x801'88dc    0xc  Data  Lc  user_rtc.o [1]
DaysInMonth             0x2000'1094    0xc  Data  Lc  user_time.o [1]
DaysInMonthLeapYear      0x801'88e8    0xc  Data  Lc  user_rtc.o [1]
DaysInMonthLeapYear     0x2000'10a0    0xc  Data  Lc  user_time.o [1]
DeInit_Uart_Sim_Rx_IT    0x800'a893    0x2  Code  Gb  user_uart.o [1]
DebugMon_Handler         0x801'7191    0x2  Code  Gb  stm32l1xx_it.o [1]
EC200U_Check_Step_Long_Timeout
                         0x800'c1df   0x32  Code  Gb  user_ec200u.o [1]
EC200U_Check_Step_Skip_Error
                         0x800'c27d   0x3c  Code  Gb  user_ec200u.o [1]
EC200U_Get_AT_Cmd        0x800'c211    0xc  Code  Gb  user_ec200u.o [1]
EC200U_Get_Delay_2_AT    0x800'c21d   0x26  Code  Gb  user_ec200u.o [1]
EC200U_Is_Step_Check_URC
[...]
_mSEND_EMPTY_MESS        0x801'2651   0x32  Code  Gb  user_mqtt.o [1]
_mSEND_HARDRS_MCU        0x801'2065   0x30  Code  Gb  user_mqtt.o [1]
_mSEND_RECONNECT_SERVER
                         0x801'2035   0x30  Code  Gb  user_mqtt.o [1]
_mSEND_RESPOND_FROM_RF   0x801'2447   0x5c  Code  Gb  user_mqtt.o [1]
_mSEND_RESPOND_SERVER    0x801'23eb   0x5c  Code  Gb  user_mqtt.o [1]
_mSEND_RESPOND_SERVER_ACK
                         0x801'24a3   0x5c  Code  Gb  user_mqtt.o [1]
_mSEND_SAVE_BOK_OK       0x801'2619   0x32  Code  Gb  user_mqtt.o [1]
_mSEND_SAVE_BOX_FAIL     0x801'25e7   0x32  Code  Gb  user_mqtt.o [1]
_mSEND_SERVER_TIME_FAIL
                         0x801'25b5   0x32  Code  Gb  user_mqtt.o [1]
_mSEND_SERVER_TIME_OK    0x801'2583   0x32  Code  Gb  user_mqtt.o [1]
_mSEND_SERVER_TIME_PENDING
                         0x801'2551   0x32  Code  Gb  user_mqtt.o [1]
_mSEND_SHUTTING_DOWN     0x801'2005   0x30  Code  Gb  user_mqtt.o [1]
_mSEND_SIM_ID            0x801'2341   0x1a  Code  Gb  user_mqtt.o [1]
_mSEND_UPDATE_FIRM_FAIL
                         0x801'26d5   0x8e  Code  Gb  user_mqtt.o [1]
_mSEND_UPDATE_FIRM_OK    0x801'2691   0x3e  Code  Gb  user_mqtt.o [1]
_main                    0x801'7ae3         Code  Gb  cmain.o [4]
_rClear_Data_InFlash     0x801'29a1    0x2  Code  Gb  user_mqtt.o [1]
_rINTAN_DATA             0x801'2785    0x2  Code  Gb  user_mqtt.o [1]
_rREQUEST_RESET          0x801'2763    0xa  Code  Gb  user_mqtt.o [1]
_rREQ_AT_CMD             0x801'28cd   0x18  Code  Gb  user_mqtt.o [1]
_rREQ_AT_TO_RF           0x801'28e9   0x18  Code  Gb  user_mqtt.o [1]
_rRESET_DATA             0x801'28b1   0x1c  Code  Gb  user_mqtt.o [1]
_rUPDATE_FIRMWARE        0x801'2901   0xa0  Code  Gb  user_mqtt.o [1]
_rUPDATE_TIME_SERVER     0x801'2787  0x12a  Code  Gb  user_mqtt.o [1]
aALRM_EMERGENCY         0x2000'31cc  0x400  Data  Gb  user_modem.o [1]
aAPN                    0x2000'0d24   0x20  Data  Gb  user_sim_common.o [1]
aAPN_DIAL_STRING        0x2000'0d44   0x20  Data  Gb  user_sim_common.o [1]
aAPN_PASSWORD           0x2000'0d84   0x20  Data  Gb  user_sim_common.o [1]
aAPN_USERNAME           0x2000'0d64   0x20  Data  Gb  user_sim_common.o [1]
aAT_CMD                 0x2000'3acc  0x100  Data  Gb  user_modem.o [1]
aConfig_IVT_Flash       0x2000'4138   0x2c  Data  Gb  user_app_inverter.o [1]
aConfig_IVT_Receive     0x2000'436c    0x8  Data  Gb  user_app_inverter.o [1]
aDATA_CONFIG            0x2000'3d30   0x80  Data  Gb  user_at_serial.o [1]
aDATA_EEPROM_READ       0x2000'37cc  0x100  Data  Lc  user_external_eeprom.o [1]
aDATA_FLASH_READ        0x2000'2dcc  0x400  Data  Lc  user_external_flash.o [1]
aDATA_FLASH_SIM         0x2000'35cc  0x100  Data  Gb  user_app_sim.o [1]
aDATA_GPS               0x2000'36cc  0x100  Data  Gb  user_app_sim.o [1]
aDATA_MQTT              0x2000'1b0c  0x4b0  Data  Gb  user_mqtt.o [1]
aDATA_READ              0x2000'38cc  0x100  Data  Lc  user_internal_mem.o [1]
aDCU_ID                 0x2000'0a94   0x14  Data  Gb  user_modem.o [1]
aDefault_IVT_Receive    0x2000'4364    0x8  Data  Gb  user_app_inverter.o [1]
aFIRM_HTTP_URL          0x2000'0f2c   0x50  Data  Gb  user_sim_common.o [1]
aFIRM_IP                0x2000'0eac   0x20  Data  Gb  user_sim_common.o [1]
aFIRM_NAME              0x2000'0f0c   0x20  Data  Gb  user_sim_common.o [1]
aFIRM_PATH              0x2000'0eec   0x20  Data  Gb  user_sim_common.o [1]
aFIRM_PORT              0x2000'0ecc   0x20  Data  Gb  user_sim_common.o [1]
aFlashCmd               0x2000'06f8   0xb4  Data  Gb  user_external_flash.o [1]
aFlash_Erase_Chip_BlockCmd
                        0x2000'07d4   0x10  Data  Lc  user_external_flash.o [1]
aFlash_Erase_Sector_BlockCmd
                        0x2000'07ac   0x10  Data  Lc  user_external_flash.o [1]
aFlash_Read_Data_BlockCmd
                        0x2000'07d0    0x4  Data  Lc  user_external_flash.o [1]
aFlash_Write_Data_BlockCmd
                        0x2000'07bc   0x14  Data  Lc  user_external_flash.o [1]
aIP_SERVER_BACKUP       0x2000'0e28   0x28  Data  Gb  user_sim_common.o [1]
aIP_SERVER_MAIN         0x2000'0da4   0x28  Data  Gb  user_sim_common.o [1]
aPASS_MQTT_BACKUP       0x2000'0e84   0x28  Data  Gb  user_sim_common.o [1]
aPASS_MQTT_MAIN         0x2000'0e00   0x28  Data  Gb  user_sim_common.o [1]
aPAYLOAD_MQTT           0x2000'1fbc  0x4b0  Data  Gb  user_mqtt.o [1]
aPORT_SERVER_BACKUP     0x2000'0e50    0xc  Data  Gb  user_sim_common.o [1]
aPORT_SERVER_MAIN       0x2000'0dcc    0xc  Data  Gb  user_sim_common.o [1]
aPublish_Header         0x2000'40d0   0x34  Data  Gb  user_mqtt.o [1]
aQFlashStepControl      0x2000'3e20   0x64  Data  Lc  user_external_flash.o [1]
aQSimStepComtrol        0x2000'4104   0x34  Data  Lc  user_sim.o [1]
aRESPONDSE_AT           0x2000'39cc  0x100  Data  Gb  user_modem.o [1]
aRun_IVT_Receive        0x2000'4374    0x8  Data  Gb  user_app_inverter.o [1]
aSERIAL_MODULESIM       0x2000'4300   0x18  Data  Gb  user_sim_common.o [1]
aSIM_ID                 0x2000'0d0c   0x18  Data  Gb  user_sim_common.o [1]
aSIM_STEP_PUBLISH       0x2000'050c    0x4  Data  Gb  user_ec200u.o [1]
aSIM_STEP_PUBLISH_FB    0x2000'0510    0x4  Data  Gb  user_ec200u.o [1]
aSimEC200UStep           0x801'5b98  0x870  Data  Gb  user_ec200u.o [1]
aSimStepBlockConnect    0x2000'0500    0xc  Data  Gb  user_ec200u.o [1]
aSimStepBlockDisConnect
                        0x2000'0514    0x4  Data  Gb  user_ec200u.o [1]
aSimStepBlockFtpGetSize
                        0x2000'10b8    0x1  Data  Gb  user_ec200u.o [1]
aSimStepBlockFtpInit    0x2000'0530    0xc  Data  Gb  user_ec200u.o [1]
aSimStepBlockFtpRead    0x2000'10b6    0x2  Data  Gb  user_ec200u.o [1]
aSimStepBlockHttpInit   0x2000'0518   0x14  Data  Gb  user_ec200u.o [1]
aSimStepBlockHttpRead   0x2000'10b4    0x2  Data  Gb  user_ec200u.o [1]
aSimStepBlockInit       0x2000'04e4   0x10  Data  Gb  user_ec200u.o [1]
aSimStepBlockNework     0x2000'04f4    0xc  Data  Gb  user_ec200u.o [1]
aSimStepBlockSMS        0x2000'052c    0x4  Data  Gb  user_ec200u.o [1]
aSimUrc                  0x801'6f8c   0xf0  Data  Gb  user_ec200u.o [1]
aSubcribe_Header        0x2000'409c   0x34  Data  Gb  user_mqtt.o [1]
aUART_485_DATA          0x2000'405c   0x40  Data  Gb  user_app_inverter.o [1]
aUSER_MQTT_BACKUP       0x2000'0e5c   0x28  Data  Gb  user_sim_common.o [1]
aUSER_MQTT_MAIN         0x2000'0dd8   0x28  Data  Gb  user_sim_common.o [1]
at_callback_failure      0x800'b69f   0x14  Code  Lc  user_ec200u.o [1]
at_callback_success      0x800'b699    0x6  Code  Lc  user_ec200u.o [1]
eFlash_Check_Data_Init_Pos
                         0x800'd7d5   0x8e  Code  Gb  user_external_flash.o [1]
eFlash_Check_Pos_PartA   0x800'd8a5   0x9a  Code  Gb  user_external_flash.o [1]
eFlash_Check_Pos_PartA::MarkDefaultVar
                        0x2000'43fa    0x1  Data  Lc  user_external_flash.o [1]
eFlash_Check_Pos_PartB   0x800'd965   0xca  Code  Gb  user_external_flash.o [1]
eFlash_Check_Pos_PartB::MarkDefaultVar
                        0x2000'43fb    0x1  Data  Lc  user_external_flash.o [1]
eFlash_Check_Write_To_PartAB
                         0x800'd87b    0x8  Code  Gb  user_external_flash.o [1]
eFlash_Default_Struct_Init_Pos
                         0x800'd69b   0x16  Code  Gb  user_external_flash.o [1]
eFlash_Get_Step_From_Queue
                         0x800'd3f9   0x36  Code  Gb  user_external_flash.o [1]
eFlash_Init              0x800'd2a9   0x58  Code  Gb  user_external_flash.o [1]
eFlash_Is_Queue_Read_Empty
                         0x800'd7a9   0x14  Code  Gb  user_external_flash.o [1]
eFlash_Is_Queue_Write_Empty
                         0x800'd7bd   0x14  Code  Gb  user_external_flash.o [1]
eFlash_Push_Block_To_Queue
                         0x800'd3c9   0x30  Code  Gb  user_external_flash.o [1]
eFlash_Push_Step_Erase_Chip
                         0x800'd6bf    0xe  Code  Gb  user_external_flash.o [1]
eFlash_Push_Step_Erase_Sector
                         0x800'd6b1    0xe  Code  Gb  user_external_flash.o [1]
eFlash_Push_Step_To_Queue
                         0x800'd393   0x36  Code  Gb  user_external_flash.o [1]
eFlash_S25FL_BufferRead
                         0x800'd613   0x88  Code  Gb  user_external_flash.o [1]
eFlash_S25FL_BufferWrite
                         0x800'd5d3   0x40  Code  Gb  user_external_flash.o [1]
eFlash_S25FL_CheckWriteEnable
                         0x800'd505   0x58  Code  Gb  user_external_flash.o [1]
eFlash_S25FL_Enable      0x800'd435   0x16  Code  Gb  user_external_flash.o [1]
eFlash_S25FL_Erase_Sector
                         0x800'd44b   0x66  Code  Gb  user_external_flash.o [1]
eFlash_S25FL_PageWrite   0x800'd55d   0x76  Code  Gb  user_external_flash.o [1]
eFlash_S25FL_WaitForWriteEnd
                         0x800'd4b1   0x54  Code  Gb  user_external_flash.o [1]
eFlash_Send_Address      0x800'd387    0xc  Code  Gb  user_external_flash.o [1]
eFlash_Send_To_Queue_Read
                         0x800'd863   0x18  Code  Gb  user_external_flash.o [1]
eFlash_Send_To_Queue_Write
                         0x800'd883   0x18  Code  Gb  user_external_flash.o [1]
eFlash_Setup_Init        0x800'd799   0x10  Code  Gb  user_external_flash.o [1]
eFlash_Status            0x800'd791    0x8  Code  Gb  user_external_flash.o [1]
eFlash_Task              0x800'd301   0x86  Code  Gb  user_external_flash.o [1]
eFlash_Test_Write        0x800'd6cd   0xc4  Code  Gb  user_external_flash.o [1]
eFlash_Test_Write::Retry
                        0x2000'43f9    0x1  Data  Lc  user_external_flash.o [1]
exit                     0x801'7aeb    0x4  Code  Gb  exit.o [2]
fPushBlockSimStepToQueue
                         0x800'67c7   0x30  Code  Gb  user_sim.o [1]
fPushSimStepToQueue      0x800'677f   0x48  Code  Gb  user_sim.o [1]
fevent_active            0x800'767b   0x1e  Code  Gb  event_driven.o [1]
fevent_disable           0x800'76bd   0x12  Code  Gb  event_driven.o [1]
fevent_enable            0x800'7699   0x24  Code  Gb  event_driven.o [1]
fevent_sim_at_send_handler
                         0x800'62ad  0x100  Code  Lc  user_sim.o [1]
fevent_sim_at_send_ok_handler
                         0x800'63ad   0xf2  Code  Lc  user_sim.o [1]
fevent_sim_at_send_timeout_handler
                         0x800'649f   0x8c  Code  Lc  user_sim.o [1]
fevent_sim_dtr_pin_handler
                         0x800'66cb   0x28  Code  Lc  user_sim.o [1]
fevent_sim_dtr_pin_handler::DTR_PIN_Control_u8
                        0x2000'43ff    0x1  Data  Lc  user_sim.o [1]
fevent_sim_hard_reset_handler
                         0x800'66b3   0x12  Code  Lc  user_sim.o [1]
fevent_sim_power_off_handler
                         0x800'66f3   0x8c  Code  Lc  user_sim.o [1]
fevent_sim_turn_on_handler
                         0x800'6593  0x120  Code  Lc  user_sim.o [1]
fevent_sim_uart_receive_handler
                         0x800'652b   0x68  Code  Lc  user_sim.o [1]
fevent_sim_uart_receive_handler::LastLengthRecv
                        0x2000'43de    0x2  Data  Lc  user_sim.o [1]
fevent_sim_uart_receive_handler::MarkFirst
                        0x2000'43fe    0x1  Data  Lc  user_sim.o [1]
fevent_sim_wake_up_handler
                         0x800'66c5    0x6  Code  Lc  user_sim.o [1]
frexp                    0x801'445d         Code  Gb  frexp.o [3]
frexpl                   0x801'445d         Code  Gb  frexp.o [3]
hadc                    0x2000'3edc   0x54  Data  Gb  adc.o [1]
hi2c1                   0x2000'3f30   0x54  Data  Gb  i2c.o [1]
hrtc                    0x2000'418c   0x20  Data  Gb  rtc.o [1]
hspi2                   0x2000'3e84   0x58  Data  Gb  spi.o [1]
huart1                  0x2000'3f84   0x48  Data  Gb  usart.o [1]
huart2                  0x2000'3fcc   0x48  Data  Gb  usart.o [1]
huart3                  0x2000'4014   0x48  Data  Gb  usart.o [1]
ldexp                    0x801'44fd         Code  Gb  ldexp.o [3]
ldexpl                   0x801'44fd         Code  Gb  ldexp.o [3]
lnbias                   0x801'6478  0x420  Data  Lc  pow64.o [3]
mConnect_MQTT            0x801'2a81   0x46  Code  Gb  user_mqtt.o [1]
mData_MQTT               0x801'1a79   0x7a  Code  Gb  user_mqtt.o [1]
mInit_Header_Subcribe    0x801'29a3   0xda  Code  Gb  user_mqtt.o [1]
mPayload_Load_MesErr     0x801'2519   0x38  Code  Gb  user_mqtt.o [1]
mPayload_Update_Add      0x801'24ff   0x1a  Code  Gb  user_mqtt.o [1]
mPublish_MQTT            0x801'2ae7    0xa  Code  Gb  user_mqtt.o [1]
mSave_Index_Record       0x800'6245   0x2e  Code  Gb  user_modem_init.o [1]
mSend_Packet_MQTT        0x801'1a77    0x2  Code  Gb  user_mqtt.o [1]
mSet_default_MQTT        0x801'19cd   0x18  Code  Gb  user_mqtt.o [1]
mSubcribe_MQTT           0x801'2ac7   0x20  Code  Gb  user_mqtt.o [1]
main                     0x801'105d   0x32  Code  Gb  main.o [1]
memset                   0x800'fd41   0x14  Code  Gb  memset.o [4]
pFlash                  0x2000'41c8   0x18  Data  Gb  stm32l1xx_hal_flash.o [1]
pFunc_Log_To_Mem        0x2000'43cc    0x4  Data  Gb  user_util.o [1]
pModemProcessIRQTimer   0x2000'43b8    0x4  Data  Gb  user_rtc.o [1]
pow                      0x801'2e5d  0x6d0  Code  Gb  pow64.o [3]
powl                     0x801'2e5d  0x6d0  Code  Gb  pow64.o [3]
qCopy_Data_From_Queue    0x800'cbc5   0x60  Code  Lc  queue_p.o [1]
qCopy_Data_To_Queue      0x800'cb4d   0x78  Code  Lc  queue_p.o [1]
qExEEPROMRead           0x2000'41f8   0x18  Data  Gb  user_external_eeprom.o [1]
qExEEPROMWrite          0x2000'4210   0x18  Data  Gb  user_external_eeprom.o [1]
qFlashRead              0x2000'4240   0x18  Data  Gb  user_external_flash.o [1]
qFlashStep              0x2000'4228   0x18  Data  Gb  user_external_flash.o [1]
qFlashWrite             0x2000'4258   0x18  Data  Gb  user_external_flash.o [1]
qGet_Number_Items        0x800'cc25    0x4  Code  Gb  queue_p.o [1]
qOnFlashRead            0x2000'4270   0x18  Data  Gb  user_internal_mem.o [1]
qOnFlashWrite           0x2000'4288   0x18  Data  Gb  user_internal_mem.o [1]
qQueue_Back_Item         0x800'cc29   0x54  Code  Gb  queue_p.o [1]
qQueue_Clear             0x800'caf3    0xe  Code  Gb  queue_p.o [1]
qQueue_Create            0x800'cac5   0x2e  Code  Gb  queue_p.o [1]
qQueue_Receive           0x800'cb2b   0x22  Code  Gb  queue_p.o [1]
qQueue_Send              0x800'cb01   0x2a  Code  Gb  queue_p.o [1]
qSimStep                0x2000'42e8   0x18  Data  Gb  user_sim.o [1]
read_flash_IVT_u8       0x2000'43e6    0x1  Data  Gb  user_app_inverter.o [1]
sAppMem                 0x2000'4318   0x10  Data  Gb  user_app_mem.o [1]
sAppSimVar              0x2000'0000  0x290  Data  Gb  user_app_sim.o [1]
sCheck_Config_485_Inverter
                        0x2000'439c    0x4  Data  Gb  user_app_inverter.o [1]
sConfig_IVT             0x2000'0354   0x18  Data  Gb  user_app_inverter.o [1]
sDefault_485_Inverter   0x2000'437c    0x8  Data  Gb  user_app_inverter.o [1]
sEventAppComm           0x2000'029c   0x60  Data  Gb  user_app_comm.o [1]
sEventAppIVT            0x2000'0304   0x50  Data  Gb  user_app_inverter.o [1]
sEventAppMem            0x2000'0404   0x60  Data  Gb  user_app_mem.o [1]
sEventAppSim            0x2000'0464   0x40  Data  Gb  user_app_sim.o [1]
sEventAppUpdate         0x2000'04bc   0x20  Data  Gb  user_app_update.o [1]
sEventExEEPROM          0x2000'0548   0x30  Data  Gb  user_external_eeprom.o [1]
sEventExFlash           0x2000'06b8   0x40  Data  Gb  user_external_flash.o [1]
sEventOnChipFlash       0x2000'0924   0x30  Data  Gb  user_internal_mem.o [1]
sEventSim               0x2000'0c48   0x90  Data  Gb  user_sim.o [1]
sExEEPROM               0x2000'0578  0x140  Data  Gb  user_external_eeprom.o [1]
sExFlash                0x2000'07e4  0x140  Data  Gb  user_external_flash.o [1]
sExFlashInit            0x2000'4334    0xc  Data  Gb  user_external_flash.o [1]
sFROM_Manager           0x2000'4394    0x4  Data  Gb  cat24mxx.o [1]
sFileSys                0x2000'1050   0x44  Data  Gb  user_sim_common.o [1]
sFirmVersion            0x2000'02fc    0x8  Data  Gb  user_app_comm.o [1]
sFreqInfor              0x2000'0bd4    0xc  Data  Gb  user_modem.o [1]
sFuncCBModem            0x2000'43bc    0x4  Data  Gb  user_sim.o [1]
sIVT_Recv               0x2000'0374   0x28  Data  Gb  user_app_inverter.o [1]
sLPMFeatureHandler      0x2000'43b4    0x4  Data  Gb  user_lpm.o [1]
sMQTT                   0x2000'3bcc   0xc4  Data  Gb  user_mqtt.o [1]
sMark_DCU_Type           0x801'6408   0x6c  Data  Gb  user_mqtt.o [1]
sMark_MessageRecei_Type
                         0x801'707c   0x90  Data  Gb  user_mqtt.o [1]
sMark_MessageSend_Type   0x801'6ddc  0x1b0  Data  Gb  user_mqtt.o [1]
sModem                  0x2000'0b88   0x4c  Data  Gb  user_modem.o [1]
sModemCallBackToSimHandler
                        0x2000'04a4   0x18  Data  Gb  user_app_sim.o [1]
sModemLPMHandler        0x2000'0be0   0x10  Data  Gb  user_modem.o [1]
sOnFlash                0x2000'0954  0x140  Data  Gb  user_internal_mem.o [1]
sParam_ExFlash          0x2000'04dc    0x8  Data  Gb  user_app_update.o [1]
sParam_IVT              0x2000'036c    0x8  Data  Gb  user_app_inverter.o [1]
sParam_Update           0x2000'4328    0xc  Data  Gb  user_app_update.o [1]
sQFlashRead             0x2000'3c90   0xa0  Data  Lc  user_external_flash.o [1]
sQFlashWrite            0x2000'10bc  0xa50  Data  Lc  user_external_flash.o [1]
sRTC                    0x2000'4358    0xc  Data  Gb  user_util.o [1]
sRTCSet                 0x2000'4340    0xc  Data  Gb  user_modem.o [1]
sRecEvent               0x2000'0ae0   0x38  Data  Gb  user_modem.o [1]
sRecGPS                 0x2000'0b50   0x38  Data  Gb  user_modem.o [1]
sRecLog                 0x2000'0b18   0x38  Data  Gb  user_modem.o [1]
sRecTSVH                0x2000'0aa8   0x38  Data  Gb  user_modem.o [1]
sRun_Stop_485_Inverter  0x2000'4384    0x8  Data  Gb  user_app_inverter.o [1]
sSimCallBackHandler     0x2000'0cfc   0x10  Data  Gb  user_sim.o [1]
sSimCommFuncCallBack    0x2000'43c0    0x4  Data  Gb  user_sim_common.o [1]
sSimCommon              0x2000'3db0   0x70  Data  Gb  user_sim_common.o [1]
sSimFwUpdate            0x2000'1000   0x50  Data  Gb  user_sim_common.o [1]
sSimInfor               0x2000'0f7c   0x84  Data  Gb  user_sim_common.o [1]
sSimVar                 0x2000'0ce0   0x1c  Data  Gb  user_sim.o [1]
sTempHumi               0x2000'039c   0x54  Data  Gb  user_app_inverter.o [1]
sUart485                0x2000'03f0    0x8  Data  Gb  user_app_inverter.o [1]
sUartDebug              0x2000'10ac    0x8  Data  Gb  user_uart.o [1]
sUartSim                0x2000'0cd8    0x8  Data  Gb  user_sim.o [1]
sUpdate_Firmware        0x2000'438c    0x8  Data  Gb  user_app_update.o [1]
scalbln                  0x801'44fd         Code  Gb  ldexp.o [3]
scalblnl                 0x801'44fd         Code  Gb  ldexp.o [3]
scalbn                   0x801'44fd         Code  Gb  ldexp.o [3]
scalbnl                  0x801'44fd         Code  Gb  ldexp.o [3]
strchr                   0x801'4029         Code  Gb  strchr.o [4]
strlen                   0x800'ae15         Code  Gb  strlen.o [4]
strstr                   0x801'14a9   0x2c  Code  Gb  strstr.o [2]
topicString             0x2000'434c    0xc  Data  Gb  user_mqtt.o [1]
uartSimBuffReceive      0x2000'246c  0x4b0  Data  Gb  user_sim.o [1]
uwTick                  0x2000'4398    0x4  Data  Gb  stm32l1xx_hal.o [1]
uwTickFreq              0x2000'0294    0x4  Data  Gb  stm32l1xx_hal.o [1]
uwTickPrio              0x2000'0290    0x4  Data  Gb  stm32l1xx_hal.o [1]
writeCString             0x801'5b01   0x34  Code  Gb  MQTTPacket.o [1]
writeChar                0x801'5acb    0xc  Code  Gb  MQTTPacket.o [1]
writeInt                 0x801'5ad7   0x2a  Code  Gb  MQTTPacket.o [1]
writeMQTTString          0x801'5b35   0x46  Code  Gb  MQTTPacket.o [1]


[1] = D:\Saoviet_Git\Saoviet_Update_Firmware_SIM\Saoviet_Container\EWARM\GSM_Container\Obj
[2] = dl7M_tlf.a
[3] = m7M_tl.a
[4] = rt7M_tl.a
[5] = shb_l.a

  74'690 bytes of readonly  code memory
  12'891 bytes of readonly  data memory
  18'433 bytes of readwrite data memory

Errors: none
Warnings: none
