<!doctype html public "-//w3c//dtd html 4.0 transitional//en">
<html><head>
<title>Static Call Graph - [Project_Feed_Shrimp\Project_Feed_Shrimp.axf]</title></head>
<body><HR>
<H1>Static Call Graph for image Project_Feed_Shrimp\Project_Feed_Shrimp.axf</H1><HR>
<BR><P>#&#060CALLGRAPH&#062# ARM Linker, 5060750: Last Updated: Sat May 20 08:59:08 2023
<BR><P>
<H3>Maximum Stack Usage =        624 bytes + Unknown(Cycles, Untraceable Function Pointers)</H3><H3>
Call chain for Maximum Stack Depth:</H3>
main &rArr; Module_SIM &rArr; SendData_Control_SIM &rArr; Receive_Control_Setup &rArr; Receive_SMS_Setup &rArr; Char_To_Uint &rArr; pow &rArr; __kernel_poly &rArr; __aeabi_dmul &rArr; _double_epilogue &rArr; _double_round
<P>
<H3>
Mutually Recursive functions
</H3> <LI><a href="#[1c]">ADC1_IRQHandler</a>&nbsp;&nbsp;&nbsp;&rArr;&nbsp;&nbsp;&nbsp;<a href="#[1c]">ADC1_IRQHandler</a><BR>
</UL>
<P>
<H3>
Function Pointers
</H3><UL>
 <LI><a href="#[1c]">ADC1_IRQHandler</a> from startup_stm32l151xc.o(.text) referenced from startup_stm32l151xc.o(RESET)
 <LI><a href="#[4]">BusFault_Handler</a> from stm32l1xx_it.o(i.BusFault_Handler) referenced from startup_stm32l151xc.o(RESET)
 <LI><a href="#[3d]">COMP_ACQ_IRQHandler</a> from startup_stm32l151xc.o(.text) referenced from startup_stm32l151xc.o(RESET)
 <LI><a href="#[20]">COMP_IRQHandler</a> from startup_stm32l151xc.o(.text) referenced from startup_stm32l151xc.o(RESET)
 <LI><a href="#[1f]">DAC_IRQHandler</a> from startup_stm32l151xc.o(.text) referenced from startup_stm32l151xc.o(RESET)
 <LI><a href="#[15]">DMA1_Channel1_IRQHandler</a> from startup_stm32l151xc.o(.text) referenced from startup_stm32l151xc.o(RESET)
 <LI><a href="#[16]">DMA1_Channel2_IRQHandler</a> from startup_stm32l151xc.o(.text) referenced from startup_stm32l151xc.o(RESET)
 <LI><a href="#[17]">DMA1_Channel3_IRQHandler</a> from startup_stm32l151xc.o(.text) referenced from startup_stm32l151xc.o(RESET)
 <LI><a href="#[18]">DMA1_Channel4_IRQHandler</a> from startup_stm32l151xc.o(.text) referenced from startup_stm32l151xc.o(RESET)
 <LI><a href="#[19]">DMA1_Channel5_IRQHandler</a> from startup_stm32l151xc.o(.text) referenced from startup_stm32l151xc.o(RESET)
 <LI><a href="#[1a]">DMA1_Channel6_IRQHandler</a> from startup_stm32l151xc.o(.text) referenced from startup_stm32l151xc.o(RESET)
 <LI><a href="#[1b]">DMA1_Channel7_IRQHandler</a> from startup_stm32l151xc.o(.text) referenced from startup_stm32l151xc.o(RESET)
 <LI><a href="#[38]">DMA2_Channel1_IRQHandler</a> from startup_stm32l151xc.o(.text) referenced from startup_stm32l151xc.o(RESET)
 <LI><a href="#[39]">DMA2_Channel2_IRQHandler</a> from startup_stm32l151xc.o(.text) referenced from startup_stm32l151xc.o(RESET)
 <LI><a href="#[3a]">DMA2_Channel3_IRQHandler</a> from startup_stm32l151xc.o(.text) referenced from startup_stm32l151xc.o(RESET)
 <LI><a href="#[3b]">DMA2_Channel4_IRQHandler</a> from startup_stm32l151xc.o(.text) referenced from startup_stm32l151xc.o(RESET)
 <LI><a href="#[3c]">DMA2_Channel5_IRQHandler</a> from startup_stm32l151xc.o(.text) referenced from startup_stm32l151xc.o(RESET)
 <LI><a href="#[7]">DebugMon_Handler</a> from stm32l1xx_it.o(i.DebugMon_Handler) referenced from startup_stm32l151xc.o(RESET)
 <LI><a href="#[10]">EXTI0_IRQHandler</a> from startup_stm32l151xc.o(.text) referenced from startup_stm32l151xc.o(RESET)
 <LI><a href="#[31]">EXTI15_10_IRQHandler</a> from startup_stm32l151xc.o(.text) referenced from startup_stm32l151xc.o(RESET)
 <LI><a href="#[11]">EXTI1_IRQHandler</a> from startup_stm32l151xc.o(.text) referenced from startup_stm32l151xc.o(RESET)
 <LI><a href="#[12]">EXTI2_IRQHandler</a> from startup_stm32l151xc.o(.text) referenced from startup_stm32l151xc.o(RESET)
 <LI><a href="#[13]">EXTI3_IRQHandler</a> from startup_stm32l151xc.o(.text) referenced from startup_stm32l151xc.o(RESET)
 <LI><a href="#[14]">EXTI4_IRQHandler</a> from startup_stm32l151xc.o(.text) referenced from startup_stm32l151xc.o(RESET)
 <LI><a href="#[21]">EXTI9_5_IRQHandler</a> from startup_stm32l151xc.o(.text) referenced from startup_stm32l151xc.o(RESET)
 <LI><a href="#[e]">FLASH_IRQHandler</a> from startup_stm32l151xc.o(.text) referenced from startup_stm32l151xc.o(RESET)
 <LI><a href="#[2]">HardFault_Handler</a> from stm32l1xx_it.o(i.HardFault_Handler) referenced from startup_stm32l151xc.o(RESET)
 <LI><a href="#[29]">I2C1_ER_IRQHandler</a> from startup_stm32l151xc.o(.text) referenced from startup_stm32l151xc.o(RESET)
 <LI><a href="#[28]">I2C1_EV_IRQHandler</a> from startup_stm32l151xc.o(.text) referenced from startup_stm32l151xc.o(RESET)
 <LI><a href="#[2b]">I2C2_ER_IRQHandler</a> from startup_stm32l151xc.o(.text) referenced from startup_stm32l151xc.o(RESET)
 <LI><a href="#[2a]">I2C2_EV_IRQHandler</a> from startup_stm32l151xc.o(.text) referenced from startup_stm32l151xc.o(RESET)
 <LI><a href="#[3]">MemManage_Handler</a> from stm32l1xx_it.o(i.MemManage_Handler) referenced from startup_stm32l151xc.o(RESET)
 <LI><a href="#[1]">NMI_Handler</a> from stm32l1xx_it.o(i.NMI_Handler) referenced from startup_stm32l151xc.o(RESET)
 <LI><a href="#[b]">PVD_IRQHandler</a> from startup_stm32l151xc.o(.text) referenced from startup_stm32l151xc.o(RESET)
 <LI><a href="#[8]">PendSV_Handler</a> from stm32l1xx_it.o(i.PendSV_Handler) referenced from startup_stm32l151xc.o(RESET)
 <LI><a href="#[f]">RCC_IRQHandler</a> from startup_stm32l151xc.o(.text) referenced from startup_stm32l151xc.o(RESET)
 <LI><a href="#[32]">RTC_Alarm_IRQHandler</a> from startup_stm32l151xc.o(.text) referenced from startup_stm32l151xc.o(RESET)
 <LI><a href="#[d]">RTC_WKUP_IRQHandler</a> from startup_stm32l151xc.o(.text) referenced from startup_stm32l151xc.o(RESET)
 <LI><a href="#[0]">Reset_Handler</a> from startup_stm32l151xc.o(.text) referenced from startup_stm32l151xc.o(RESET)
 <LI><a href="#[2c]">SPI1_IRQHandler</a> from startup_stm32l151xc.o(.text) referenced from startup_stm32l151xc.o(RESET)
 <LI><a href="#[2d]">SPI2_IRQHandler</a> from startup_stm32l151xc.o(.text) referenced from startup_stm32l151xc.o(RESET)
 <LI><a href="#[37]">SPI3_IRQHandler</a> from startup_stm32l151xc.o(.text) referenced from startup_stm32l151xc.o(RESET)
 <LI><a href="#[6]">SVC_Handler</a> from stm32l1xx_it.o(i.SVC_Handler) referenced from startup_stm32l151xc.o(RESET)
 <LI><a href="#[9]">SysTick_Handler</a> from stm32l1xx_it.o(i.SysTick_Handler) referenced from startup_stm32l151xc.o(RESET)
 <LI><a href="#[3f]">SystemInit</a> from system_stm32l1xx.o(i.SystemInit) referenced from startup_stm32l151xc.o(.text)
 <LI><a href="#[c]">TAMPER_STAMP_IRQHandler</a> from startup_stm32l151xc.o(.text) referenced from startup_stm32l151xc.o(RESET)
 <LI><a href="#[23]">TIM10_IRQHandler</a> from startup_stm32l151xc.o(.text) referenced from startup_stm32l151xc.o(RESET)
 <LI><a href="#[24]">TIM11_IRQHandler</a> from startup_stm32l151xc.o(.text) referenced from startup_stm32l151xc.o(RESET)
 <LI><a href="#[25]">TIM2_IRQHandler</a> from stm32l1xx_it.o(i.TIM2_IRQHandler) referenced from startup_stm32l151xc.o(RESET)
 <LI><a href="#[26]">TIM3_IRQHandler</a> from startup_stm32l151xc.o(.text) referenced from startup_stm32l151xc.o(RESET)
 <LI><a href="#[27]">TIM4_IRQHandler</a> from startup_stm32l151xc.o(.text) referenced from startup_stm32l151xc.o(RESET)
 <LI><a href="#[36]">TIM5_IRQHandler</a> from startup_stm32l151xc.o(.text) referenced from startup_stm32l151xc.o(RESET)
 <LI><a href="#[34]">TIM6_IRQHandler</a> from startup_stm32l151xc.o(.text) referenced from startup_stm32l151xc.o(RESET)
 <LI><a href="#[35]">TIM7_IRQHandler</a> from startup_stm32l151xc.o(.text) referenced from startup_stm32l151xc.o(RESET)
 <LI><a href="#[22]">TIM9_IRQHandler</a> from startup_stm32l151xc.o(.text) referenced from startup_stm32l151xc.o(RESET)
 <LI><a href="#[41]">UART_DMAAbortOnError</a> from stm32l1xx_hal_uart.o(i.UART_DMAAbortOnError) referenced from stm32l1xx_hal_uart.o(i.HAL_UART_IRQHandler)
 <LI><a href="#[2e]">USART1_IRQHandler</a> from stm32l1xx_it.o(i.USART1_IRQHandler) referenced from startup_stm32l151xc.o(RESET)
 <LI><a href="#[2f]">USART2_IRQHandler</a> from startup_stm32l151xc.o(.text) referenced from startup_stm32l151xc.o(RESET)
 <LI><a href="#[30]">USART3_IRQHandler</a> from stm32l1xx_it.o(i.USART3_IRQHandler) referenced from startup_stm32l151xc.o(RESET)
 <LI><a href="#[33]">USB_FS_WKUP_IRQHandler</a> from startup_stm32l151xc.o(.text) referenced from startup_stm32l151xc.o(RESET)
 <LI><a href="#[1d]">USB_HP_IRQHandler</a> from startup_stm32l151xc.o(.text) referenced from startup_stm32l151xc.o(RESET)
 <LI><a href="#[1e]">USB_LP_IRQHandler</a> from startup_stm32l151xc.o(.text) referenced from startup_stm32l151xc.o(RESET)
 <LI><a href="#[5]">UsageFault_Handler</a> from stm32l1xx_it.o(i.UsageFault_Handler) referenced from startup_stm32l151xc.o(RESET)
 <LI><a href="#[a]">WWDG_IRQHandler</a> from startup_stm32l151xc.o(.text) referenced from startup_stm32l151xc.o(RESET)
 <LI><a href="#[40]">__main</a> from entry.o(.ARM.Collect$$$$00000000) referenced from startup_stm32l151xc.o(.text)
 <LI><a href="#[3e]">main</a> from main.o(i.main) referenced from entry9a.o(.ARM.Collect$$$$0000000B)
</UL>
<P>
<H3>
Global Symbols
</H3>
<P><STRONG><a name="[40]"></a>__main</STRONG> (Thumb, 0 bytes, Stack size unknown bytes, entry.o(.ARM.Collect$$$$00000000))
<BR>[Address Reference Count : 1]<UL><LI> startup_stm32l151xc.o(.text)
</UL>
<P><STRONG><a name="[10c]"></a>_main_stk</STRONG> (Thumb, 0 bytes, Stack size unknown bytes, entry2.o(.ARM.Collect$$$$00000001))

<P><STRONG><a name="[42]"></a>_main_scatterload</STRONG> (Thumb, 0 bytes, Stack size unknown bytes, entry5.o(.ARM.Collect$$$$00000004))
<BR><BR>[Calls]<UL><LI><a href="#[43]">&gt;&gt;</a>&nbsp;&nbsp;&nbsp;__scatterload
</UL>

<P><STRONG><a name="[55]"></a>__main_after_scatterload</STRONG> (Thumb, 0 bytes, Stack size unknown bytes, entry5.o(.ARM.Collect$$$$00000004))
<BR><BR>[Called By]<UL><LI><a href="#[43]">&gt;&gt;</a>&nbsp;&nbsp;&nbsp;__scatterload
</UL>

<P><STRONG><a name="[10d]"></a>_main_clock</STRONG> (Thumb, 0 bytes, Stack size unknown bytes, entry7b.o(.ARM.Collect$$$$00000008))

<P><STRONG><a name="[10e]"></a>_main_cpp_init</STRONG> (Thumb, 0 bytes, Stack size unknown bytes, entry8b.o(.ARM.Collect$$$$0000000A))

<P><STRONG><a name="[10f]"></a>_main_init</STRONG> (Thumb, 0 bytes, Stack size unknown bytes, entry9a.o(.ARM.Collect$$$$0000000B))

<P><STRONG><a name="[110]"></a>__rt_final_cpp</STRONG> (Thumb, 0 bytes, Stack size unknown bytes, entry10a.o(.ARM.Collect$$$$0000000D))

<P><STRONG><a name="[111]"></a>__rt_final_exit</STRONG> (Thumb, 0 bytes, Stack size unknown bytes, entry11a.o(.ARM.Collect$$$$0000000F))

<P><STRONG><a name="[0]"></a>Reset_Handler</STRONG> (Thumb, 8 bytes, Stack size 0 bytes, startup_stm32l151xc.o(.text))
<BR>[Address Reference Count : 1]<UL><LI> startup_stm32l151xc.o(RESET)
</UL>
<P><STRONG><a name="[1c]"></a>ADC1_IRQHandler</STRONG> (Thumb, 0 bytes, Stack size 0 bytes, startup_stm32l151xc.o(.text))
<BR><BR>[Calls]<UL><LI><a href="#[1c]">&gt;&gt;</a>&nbsp;&nbsp;&nbsp;ADC1_IRQHandler
</UL>
<BR>[Called By]<UL><LI><a href="#[1c]">&gt;&gt;</a>&nbsp;&nbsp;&nbsp;ADC1_IRQHandler
</UL>
<BR>[Address Reference Count : 1]<UL><LI> startup_stm32l151xc.o(RESET)
</UL>
<P><STRONG><a name="[3d]"></a>COMP_ACQ_IRQHandler</STRONG> (Thumb, 0 bytes, Stack size 0 bytes, startup_stm32l151xc.o(.text))
<BR>[Address Reference Count : 1]<UL><LI> startup_stm32l151xc.o(RESET)
</UL>
<P><STRONG><a name="[20]"></a>COMP_IRQHandler</STRONG> (Thumb, 0 bytes, Stack size 0 bytes, startup_stm32l151xc.o(.text))
<BR>[Address Reference Count : 1]<UL><LI> startup_stm32l151xc.o(RESET)
</UL>
<P><STRONG><a name="[1f]"></a>DAC_IRQHandler</STRONG> (Thumb, 0 bytes, Stack size 0 bytes, startup_stm32l151xc.o(.text))
<BR>[Address Reference Count : 1]<UL><LI> startup_stm32l151xc.o(RESET)
</UL>
<P><STRONG><a name="[15]"></a>DMA1_Channel1_IRQHandler</STRONG> (Thumb, 0 bytes, Stack size 0 bytes, startup_stm32l151xc.o(.text))
<BR>[Address Reference Count : 1]<UL><LI> startup_stm32l151xc.o(RESET)
</UL>
<P><STRONG><a name="[16]"></a>DMA1_Channel2_IRQHandler</STRONG> (Thumb, 0 bytes, Stack size 0 bytes, startup_stm32l151xc.o(.text))
<BR>[Address Reference Count : 1]<UL><LI> startup_stm32l151xc.o(RESET)
</UL>
<P><STRONG><a name="[17]"></a>DMA1_Channel3_IRQHandler</STRONG> (Thumb, 0 bytes, Stack size 0 bytes, startup_stm32l151xc.o(.text))
<BR>[Address Reference Count : 1]<UL><LI> startup_stm32l151xc.o(RESET)
</UL>
<P><STRONG><a name="[18]"></a>DMA1_Channel4_IRQHandler</STRONG> (Thumb, 0 bytes, Stack size 0 bytes, startup_stm32l151xc.o(.text))
<BR>[Address Reference Count : 1]<UL><LI> startup_stm32l151xc.o(RESET)
</UL>
<P><STRONG><a name="[19]"></a>DMA1_Channel5_IRQHandler</STRONG> (Thumb, 0 bytes, Stack size 0 bytes, startup_stm32l151xc.o(.text))
<BR>[Address Reference Count : 1]<UL><LI> startup_stm32l151xc.o(RESET)
</UL>
<P><STRONG><a name="[1a]"></a>DMA1_Channel6_IRQHandler</STRONG> (Thumb, 0 bytes, Stack size 0 bytes, startup_stm32l151xc.o(.text))
<BR>[Address Reference Count : 1]<UL><LI> startup_stm32l151xc.o(RESET)
</UL>
<P><STRONG><a name="[1b]"></a>DMA1_Channel7_IRQHandler</STRONG> (Thumb, 0 bytes, Stack size 0 bytes, startup_stm32l151xc.o(.text))
<BR>[Address Reference Count : 1]<UL><LI> startup_stm32l151xc.o(RESET)
</UL>
<P><STRONG><a name="[38]"></a>DMA2_Channel1_IRQHandler</STRONG> (Thumb, 0 bytes, Stack size 0 bytes, startup_stm32l151xc.o(.text))
<BR>[Address Reference Count : 1]<UL><LI> startup_stm32l151xc.o(RESET)
</UL>
<P><STRONG><a name="[39]"></a>DMA2_Channel2_IRQHandler</STRONG> (Thumb, 0 bytes, Stack size 0 bytes, startup_stm32l151xc.o(.text))
<BR>[Address Reference Count : 1]<UL><LI> startup_stm32l151xc.o(RESET)
</UL>
<P><STRONG><a name="[3a]"></a>DMA2_Channel3_IRQHandler</STRONG> (Thumb, 0 bytes, Stack size 0 bytes, startup_stm32l151xc.o(.text))
<BR>[Address Reference Count : 1]<UL><LI> startup_stm32l151xc.o(RESET)
</UL>
<P><STRONG><a name="[3b]"></a>DMA2_Channel4_IRQHandler</STRONG> (Thumb, 0 bytes, Stack size 0 bytes, startup_stm32l151xc.o(.text))
<BR>[Address Reference Count : 1]<UL><LI> startup_stm32l151xc.o(RESET)
</UL>
<P><STRONG><a name="[3c]"></a>DMA2_Channel5_IRQHandler</STRONG> (Thumb, 0 bytes, Stack size 0 bytes, startup_stm32l151xc.o(.text))
<BR>[Address Reference Count : 1]<UL><LI> startup_stm32l151xc.o(RESET)
</UL>
<P><STRONG><a name="[10]"></a>EXTI0_IRQHandler</STRONG> (Thumb, 0 bytes, Stack size 0 bytes, startup_stm32l151xc.o(.text))
<BR>[Address Reference Count : 1]<UL><LI> startup_stm32l151xc.o(RESET)
</UL>
<P><STRONG><a name="[31]"></a>EXTI15_10_IRQHandler</STRONG> (Thumb, 0 bytes, Stack size 0 bytes, startup_stm32l151xc.o(.text))
<BR>[Address Reference Count : 1]<UL><LI> startup_stm32l151xc.o(RESET)
</UL>
<P><STRONG><a name="[11]"></a>EXTI1_IRQHandler</STRONG> (Thumb, 0 bytes, Stack size 0 bytes, startup_stm32l151xc.o(.text))
<BR>[Address Reference Count : 1]<UL><LI> startup_stm32l151xc.o(RESET)
</UL>
<P><STRONG><a name="[12]"></a>EXTI2_IRQHandler</STRONG> (Thumb, 0 bytes, Stack size 0 bytes, startup_stm32l151xc.o(.text))
<BR>[Address Reference Count : 1]<UL><LI> startup_stm32l151xc.o(RESET)
</UL>
<P><STRONG><a name="[13]"></a>EXTI3_IRQHandler</STRONG> (Thumb, 0 bytes, Stack size 0 bytes, startup_stm32l151xc.o(.text))
<BR>[Address Reference Count : 1]<UL><LI> startup_stm32l151xc.o(RESET)
</UL>
<P><STRONG><a name="[14]"></a>EXTI4_IRQHandler</STRONG> (Thumb, 0 bytes, Stack size 0 bytes, startup_stm32l151xc.o(.text))
<BR>[Address Reference Count : 1]<UL><LI> startup_stm32l151xc.o(RESET)
</UL>
<P><STRONG><a name="[21]"></a>EXTI9_5_IRQHandler</STRONG> (Thumb, 0 bytes, Stack size 0 bytes, startup_stm32l151xc.o(.text))
<BR>[Address Reference Count : 1]<UL><LI> startup_stm32l151xc.o(RESET)
</UL>
<P><STRONG><a name="[e]"></a>FLASH_IRQHandler</STRONG> (Thumb, 0 bytes, Stack size 0 bytes, startup_stm32l151xc.o(.text))
<BR>[Address Reference Count : 1]<UL><LI> startup_stm32l151xc.o(RESET)
</UL>
<P><STRONG><a name="[29]"></a>I2C1_ER_IRQHandler</STRONG> (Thumb, 0 bytes, Stack size 0 bytes, startup_stm32l151xc.o(.text))
<BR>[Address Reference Count : 1]<UL><LI> startup_stm32l151xc.o(RESET)
</UL>
<P><STRONG><a name="[28]"></a>I2C1_EV_IRQHandler</STRONG> (Thumb, 0 bytes, Stack size 0 bytes, startup_stm32l151xc.o(.text))
<BR>[Address Reference Count : 1]<UL><LI> startup_stm32l151xc.o(RESET)
</UL>
<P><STRONG><a name="[2b]"></a>I2C2_ER_IRQHandler</STRONG> (Thumb, 0 bytes, Stack size 0 bytes, startup_stm32l151xc.o(.text))
<BR>[Address Reference Count : 1]<UL><LI> startup_stm32l151xc.o(RESET)
</UL>
<P><STRONG><a name="[2a]"></a>I2C2_EV_IRQHandler</STRONG> (Thumb, 0 bytes, Stack size 0 bytes, startup_stm32l151xc.o(.text))
<BR>[Address Reference Count : 1]<UL><LI> startup_stm32l151xc.o(RESET)
</UL>
<P><STRONG><a name="[b]"></a>PVD_IRQHandler</STRONG> (Thumb, 0 bytes, Stack size 0 bytes, startup_stm32l151xc.o(.text))
<BR>[Address Reference Count : 1]<UL><LI> startup_stm32l151xc.o(RESET)
</UL>
<P><STRONG><a name="[f]"></a>RCC_IRQHandler</STRONG> (Thumb, 0 bytes, Stack size 0 bytes, startup_stm32l151xc.o(.text))
<BR>[Address Reference Count : 1]<UL><LI> startup_stm32l151xc.o(RESET)
</UL>
<P><STRONG><a name="[32]"></a>RTC_Alarm_IRQHandler</STRONG> (Thumb, 0 bytes, Stack size 0 bytes, startup_stm32l151xc.o(.text))
<BR>[Address Reference Count : 1]<UL><LI> startup_stm32l151xc.o(RESET)
</UL>
<P><STRONG><a name="[d]"></a>RTC_WKUP_IRQHandler</STRONG> (Thumb, 0 bytes, Stack size 0 bytes, startup_stm32l151xc.o(.text))
<BR>[Address Reference Count : 1]<UL><LI> startup_stm32l151xc.o(RESET)
</UL>
<P><STRONG><a name="[2c]"></a>SPI1_IRQHandler</STRONG> (Thumb, 0 bytes, Stack size 0 bytes, startup_stm32l151xc.o(.text))
<BR>[Address Reference Count : 1]<UL><LI> startup_stm32l151xc.o(RESET)
</UL>
<P><STRONG><a name="[2d]"></a>SPI2_IRQHandler</STRONG> (Thumb, 0 bytes, Stack size 0 bytes, startup_stm32l151xc.o(.text))
<BR>[Address Reference Count : 1]<UL><LI> startup_stm32l151xc.o(RESET)
</UL>
<P><STRONG><a name="[37]"></a>SPI3_IRQHandler</STRONG> (Thumb, 0 bytes, Stack size 0 bytes, startup_stm32l151xc.o(.text))
<BR>[Address Reference Count : 1]<UL><LI> startup_stm32l151xc.o(RESET)
</UL>
<P><STRONG><a name="[c]"></a>TAMPER_STAMP_IRQHandler</STRONG> (Thumb, 0 bytes, Stack size 0 bytes, startup_stm32l151xc.o(.text))
<BR>[Address Reference Count : 1]<UL><LI> startup_stm32l151xc.o(RESET)
</UL>
<P><STRONG><a name="[23]"></a>TIM10_IRQHandler</STRONG> (Thumb, 0 bytes, Stack size 0 bytes, startup_stm32l151xc.o(.text))
<BR>[Address Reference Count : 1]<UL><LI> startup_stm32l151xc.o(RESET)
</UL>
<P><STRONG><a name="[24]"></a>TIM11_IRQHandler</STRONG> (Thumb, 0 bytes, Stack size 0 bytes, startup_stm32l151xc.o(.text))
<BR>[Address Reference Count : 1]<UL><LI> startup_stm32l151xc.o(RESET)
</UL>
<P><STRONG><a name="[26]"></a>TIM3_IRQHandler</STRONG> (Thumb, 0 bytes, Stack size 0 bytes, startup_stm32l151xc.o(.text))
<BR>[Address Reference Count : 1]<UL><LI> startup_stm32l151xc.o(RESET)
</UL>
<P><STRONG><a name="[27]"></a>TIM4_IRQHandler</STRONG> (Thumb, 0 bytes, Stack size 0 bytes, startup_stm32l151xc.o(.text))
<BR>[Address Reference Count : 1]<UL><LI> startup_stm32l151xc.o(RESET)
</UL>
<P><STRONG><a name="[36]"></a>TIM5_IRQHandler</STRONG> (Thumb, 0 bytes, Stack size 0 bytes, startup_stm32l151xc.o(.text))
<BR>[Address Reference Count : 1]<UL><LI> startup_stm32l151xc.o(RESET)
</UL>
<P><STRONG><a name="[34]"></a>TIM6_IRQHandler</STRONG> (Thumb, 0 bytes, Stack size 0 bytes, startup_stm32l151xc.o(.text))
<BR>[Address Reference Count : 1]<UL><LI> startup_stm32l151xc.o(RESET)
</UL>
<P><STRONG><a name="[35]"></a>TIM7_IRQHandler</STRONG> (Thumb, 0 bytes, Stack size 0 bytes, startup_stm32l151xc.o(.text))
<BR>[Address Reference Count : 1]<UL><LI> startup_stm32l151xc.o(RESET)
</UL>
<P><STRONG><a name="[22]"></a>TIM9_IRQHandler</STRONG> (Thumb, 0 bytes, Stack size 0 bytes, startup_stm32l151xc.o(.text))
<BR>[Address Reference Count : 1]<UL><LI> startup_stm32l151xc.o(RESET)
</UL>
<P><STRONG><a name="[2f]"></a>USART2_IRQHandler</STRONG> (Thumb, 0 bytes, Stack size 0 bytes, startup_stm32l151xc.o(.text))
<BR>[Address Reference Count : 1]<UL><LI> startup_stm32l151xc.o(RESET)
</UL>
<P><STRONG><a name="[33]"></a>USB_FS_WKUP_IRQHandler</STRONG> (Thumb, 0 bytes, Stack size 0 bytes, startup_stm32l151xc.o(.text))
<BR>[Address Reference Count : 1]<UL><LI> startup_stm32l151xc.o(RESET)
</UL>
<P><STRONG><a name="[1d]"></a>USB_HP_IRQHandler</STRONG> (Thumb, 0 bytes, Stack size 0 bytes, startup_stm32l151xc.o(.text))
<BR>[Address Reference Count : 1]<UL><LI> startup_stm32l151xc.o(RESET)
</UL>
<P><STRONG><a name="[1e]"></a>USB_LP_IRQHandler</STRONG> (Thumb, 0 bytes, Stack size 0 bytes, startup_stm32l151xc.o(.text))
<BR>[Address Reference Count : 1]<UL><LI> startup_stm32l151xc.o(RESET)
</UL>
<P><STRONG><a name="[a]"></a>WWDG_IRQHandler</STRONG> (Thumb, 0 bytes, Stack size 0 bytes, startup_stm32l151xc.o(.text))
<BR>[Address Reference Count : 1]<UL><LI> startup_stm32l151xc.o(RESET)
</UL>
<P><STRONG><a name="[44]"></a>__aeabi_uldivmod</STRONG> (Thumb, 98 bytes, Stack size 40 bytes, uldiv.o(.text))
<BR><BR>[Stack]<UL><LI>Max Depth = 40<LI>Call Chain = __aeabi_uldivmod
</UL>
<BR>[Calls]<UL><LI><a href="#[45]">&gt;&gt;</a>&nbsp;&nbsp;&nbsp;__aeabi_llsr
<LI><a href="#[46]">&gt;&gt;</a>&nbsp;&nbsp;&nbsp;__aeabi_llsl
</UL>
<BR>[Called By]<UL><LI><a href="#[a7]">&gt;&gt;</a>&nbsp;&nbsp;&nbsp;HAL_RCC_GetSysClockFreq
</UL>

<P><STRONG><a name="[112]"></a>__aeabi_memcpy</STRONG> (Thumb, 36 bytes, Stack size 0 bytes, memcpya.o(.text), UNUSED)

<P><STRONG><a name="[75]"></a>__aeabi_memcpy4</STRONG> (Thumb, 0 bytes, Stack size 0 bytes, memcpya.o(.text))
<BR><BR>[Called By]<UL><LI><a href="#[9d]">&gt;&gt;</a>&nbsp;&nbsp;&nbsp;Get_Real_Time
<LI><a href="#[86]">&gt;&gt;</a>&nbsp;&nbsp;&nbsp;Config_SIM_In_While
<LI><a href="#[7e]">&gt;&gt;</a>&nbsp;&nbsp;&nbsp;Compare_Uart1_RX_Uart3_TX_True_Display
<LI><a href="#[7c]">&gt;&gt;</a>&nbsp;&nbsp;&nbsp;Check_Disconnect_Error
<LI><a href="#[74]">&gt;&gt;</a>&nbsp;&nbsp;&nbsp;Check_Command_No_Delay
<LI><a href="#[f1]">&gt;&gt;</a>&nbsp;&nbsp;&nbsp;SendData_Server
<LI><a href="#[ef]">&gt;&gt;</a>&nbsp;&nbsp;&nbsp;Receive_Control_Setup
</UL>

<P><STRONG><a name="[113]"></a>__aeabi_memcpy8</STRONG> (Thumb, 0 bytes, Stack size 0 bytes, memcpya.o(.text), UNUSED)

<P><STRONG><a name="[48]"></a>__aeabi_memset</STRONG> (Thumb, 14 bytes, Stack size 0 bytes, memseta.o(.text), UNUSED)
<BR><BR>[Called By]<UL><LI><a href="#[49]">&gt;&gt;</a>&nbsp;&nbsp;&nbsp;_memset$wrapper
<LI><a href="#[47]">&gt;&gt;</a>&nbsp;&nbsp;&nbsp;__aeabi_memclr
</UL>

<P><STRONG><a name="[114]"></a>__aeabi_memset4</STRONG> (Thumb, 0 bytes, Stack size 0 bytes, memseta.o(.text), UNUSED)

<P><STRONG><a name="[115]"></a>__aeabi_memset8</STRONG> (Thumb, 0 bytes, Stack size 0 bytes, memseta.o(.text), UNUSED)

<P><STRONG><a name="[47]"></a>__aeabi_memclr</STRONG> (Thumb, 4 bytes, Stack size 0 bytes, memseta.o(.text), UNUSED)
<BR><BR>[Calls]<UL><LI><a href="#[48]">&gt;&gt;</a>&nbsp;&nbsp;&nbsp;__aeabi_memset
</UL>

<P><STRONG><a name="[d4]"></a>__aeabi_memclr4</STRONG> (Thumb, 0 bytes, Stack size 0 bytes, memseta.o(.text))
<BR><BR>[Called By]<UL><LI><a href="#[d2]">&gt;&gt;</a>&nbsp;&nbsp;&nbsp;HAL_UART_MspInit
<LI><a href="#[f6]">&gt;&gt;</a>&nbsp;&nbsp;&nbsp;SystemClock_Config
<LI><a href="#[e0]">&gt;&gt;</a>&nbsp;&nbsp;&nbsp;MX_RTC_Init
<LI><a href="#[df]">&gt;&gt;</a>&nbsp;&nbsp;&nbsp;MX_GPIO_Init
</UL>

<P><STRONG><a name="[116]"></a>__aeabi_memclr8</STRONG> (Thumb, 0 bytes, Stack size 0 bytes, memseta.o(.text), UNUSED)

<P><STRONG><a name="[49]"></a>_memset$wrapper</STRONG> (Thumb, 18 bytes, Stack size 8 bytes, memseta.o(.text), UNUSED)
<BR><BR>[Calls]<UL><LI><a href="#[48]">&gt;&gt;</a>&nbsp;&nbsp;&nbsp;__aeabi_memset
</UL>

<P><STRONG><a name="[79]"></a>strstr</STRONG> (Thumb, 36 bytes, Stack size 12 bytes, strstr.o(.text))
<BR><BR>[Stack]<UL><LI>Max Depth = 12<LI>Call Chain = strstr
</UL>
<BR>[Called By]<UL><LI><a href="#[9d]">&gt;&gt;</a>&nbsp;&nbsp;&nbsp;Get_Real_Time
<LI><a href="#[7e]">&gt;&gt;</a>&nbsp;&nbsp;&nbsp;Compare_Uart1_RX_Uart3_TX_True_Display
<LI><a href="#[7c]">&gt;&gt;</a>&nbsp;&nbsp;&nbsp;Check_Disconnect_Error
<LI><a href="#[74]">&gt;&gt;</a>&nbsp;&nbsp;&nbsp;Check_Command_No_Delay
<LI><a href="#[f1]">&gt;&gt;</a>&nbsp;&nbsp;&nbsp;SendData_Server
<LI><a href="#[ef]">&gt;&gt;</a>&nbsp;&nbsp;&nbsp;Receive_Control_Setup
<LI><a href="#[81]">&gt;&gt;</a>&nbsp;&nbsp;&nbsp;Check_Receive_sendData_Control
</UL>

<P><STRONG><a name="[84]"></a>strlen</STRONG> (Thumb, 14 bytes, Stack size 0 bytes, strlen.o(.text))
<BR><BR>[Called By]<UL><LI><a href="#[76]">&gt;&gt;</a>&nbsp;&nbsp;&nbsp;Transmit_Data_Uart
<LI><a href="#[7a]">&gt;&gt;</a>&nbsp;&nbsp;&nbsp;Delete_Buffer
<LI><a href="#[7e]">&gt;&gt;</a>&nbsp;&nbsp;&nbsp;Compare_Uart1_RX_Uart3_TX_True_Display
<LI><a href="#[f0]">&gt;&gt;</a>&nbsp;&nbsp;&nbsp;Receive_SMS_Setup
</UL>

<P><STRONG><a name="[4a]"></a>__aeabi_dadd</STRONG> (Thumb, 322 bytes, Stack size 48 bytes, dadd.o(.text))
<BR><BR>[Stack]<UL><LI>Max Depth = 88<LI>Call Chain = __aeabi_dadd &rArr; _double_epilogue &rArr; _double_round
</UL>
<BR>[Calls]<UL><LI><a href="#[4b]">&gt;&gt;</a>&nbsp;&nbsp;&nbsp;__aeabi_lasr
<LI><a href="#[46]">&gt;&gt;</a>&nbsp;&nbsp;&nbsp;__aeabi_llsl
<LI><a href="#[4d]">&gt;&gt;</a>&nbsp;&nbsp;&nbsp;_double_round
<LI><a href="#[4c]">&gt;&gt;</a>&nbsp;&nbsp;&nbsp;_double_epilogue
</UL>
<BR>[Called By]<UL><LI><a href="#[6b]">&gt;&gt;</a>&nbsp;&nbsp;&nbsp;Char_To_Uint
<LI><a href="#[fe]">&gt;&gt;</a>&nbsp;&nbsp;&nbsp;__kernel_poly
<LI><a href="#[100]">&gt;&gt;</a>&nbsp;&nbsp;&nbsp;__mathlib_dbl_infnan2
<LI><a href="#[4e]">&gt;&gt;</a>&nbsp;&nbsp;&nbsp;__aeabi_dsub
<LI><a href="#[4f]">&gt;&gt;</a>&nbsp;&nbsp;&nbsp;__aeabi_drsub
<LI><a href="#[6c]">&gt;&gt;</a>&nbsp;&nbsp;&nbsp;pow
</UL>

<P><STRONG><a name="[4e]"></a>__aeabi_dsub</STRONG> (Thumb, 6 bytes, Stack size 0 bytes, dadd.o(.text))
<BR><BR>[Stack]<UL><LI>Max Depth = 88<LI>Call Chain = __aeabi_dsub &rArr; __aeabi_dadd &rArr; _double_epilogue &rArr; _double_round
</UL>
<BR>[Calls]<UL><LI><a href="#[4a]">&gt;&gt;</a>&nbsp;&nbsp;&nbsp;__aeabi_dadd
</UL>
<BR>[Called By]<UL><LI><a href="#[6c]">&gt;&gt;</a>&nbsp;&nbsp;&nbsp;pow
</UL>

<P><STRONG><a name="[4f]"></a>__aeabi_drsub</STRONG> (Thumb, 6 bytes, Stack size 0 bytes, dadd.o(.text))
<BR><BR>[Stack]<UL><LI>Max Depth = 88<LI>Call Chain = __aeabi_drsub &rArr; __aeabi_dadd &rArr; _double_epilogue &rArr; _double_round
</UL>
<BR>[Calls]<UL><LI><a href="#[4a]">&gt;&gt;</a>&nbsp;&nbsp;&nbsp;__aeabi_dadd
</UL>
<BR>[Called By]<UL><LI><a href="#[6c]">&gt;&gt;</a>&nbsp;&nbsp;&nbsp;pow
</UL>

<P><STRONG><a name="[50]"></a>__aeabi_dmul</STRONG> (Thumb, 228 bytes, Stack size 48 bytes, dmul.o(.text))
<BR><BR>[Stack]<UL><LI>Max Depth = 88<LI>Call Chain = __aeabi_dmul &rArr; _double_epilogue &rArr; _double_round
</UL>
<BR>[Calls]<UL><LI><a href="#[4c]">&gt;&gt;</a>&nbsp;&nbsp;&nbsp;_double_epilogue
</UL>
<BR>[Called By]<UL><LI><a href="#[6b]">&gt;&gt;</a>&nbsp;&nbsp;&nbsp;Char_To_Uint
<LI><a href="#[fe]">&gt;&gt;</a>&nbsp;&nbsp;&nbsp;__kernel_poly
<LI><a href="#[6c]">&gt;&gt;</a>&nbsp;&nbsp;&nbsp;pow
</UL>

<P><STRONG><a name="[51]"></a>__aeabi_ddiv</STRONG> (Thumb, 222 bytes, Stack size 32 bytes, ddiv.o(.text))
<BR><BR>[Stack]<UL><LI>Max Depth = 40<LI>Call Chain = __aeabi_ddiv &rArr; _double_round
</UL>
<BR>[Calls]<UL><LI><a href="#[4d]">&gt;&gt;</a>&nbsp;&nbsp;&nbsp;_double_round
</UL>
<BR>[Called By]<UL><LI><a href="#[101]">&gt;&gt;</a>&nbsp;&nbsp;&nbsp;__mathlib_dbl_invalid
<LI><a href="#[ff]">&gt;&gt;</a>&nbsp;&nbsp;&nbsp;__mathlib_dbl_divzero
<LI><a href="#[6c]">&gt;&gt;</a>&nbsp;&nbsp;&nbsp;pow
</UL>

<P><STRONG><a name="[52]"></a>__aeabi_i2d</STRONG> (Thumb, 34 bytes, Stack size 16 bytes, dflti.o(.text))
<BR><BR>[Stack]<UL><LI>Max Depth = 56<LI>Call Chain = __aeabi_i2d &rArr; _double_epilogue &rArr; _double_round
</UL>
<BR>[Calls]<UL><LI><a href="#[4c]">&gt;&gt;</a>&nbsp;&nbsp;&nbsp;_double_epilogue
</UL>
<BR>[Called By]<UL><LI><a href="#[6b]">&gt;&gt;</a>&nbsp;&nbsp;&nbsp;Char_To_Uint
<LI><a href="#[6c]">&gt;&gt;</a>&nbsp;&nbsp;&nbsp;pow
</UL>

<P><STRONG><a name="[53]"></a>__aeabi_ui2d</STRONG> (Thumb, 26 bytes, Stack size 16 bytes, dfltui.o(.text))
<BR><BR>[Stack]<UL><LI>Max Depth = 56<LI>Call Chain = __aeabi_ui2d &rArr; _double_epilogue &rArr; _double_round
</UL>
<BR>[Calls]<UL><LI><a href="#[4c]">&gt;&gt;</a>&nbsp;&nbsp;&nbsp;_double_epilogue
</UL>
<BR>[Called By]<UL><LI><a href="#[6b]">&gt;&gt;</a>&nbsp;&nbsp;&nbsp;Char_To_Uint
</UL>

<P><STRONG><a name="[54]"></a>__aeabi_d2uiz</STRONG> (Thumb, 50 bytes, Stack size 8 bytes, dfixui.o(.text))
<BR><BR>[Stack]<UL><LI>Max Depth = 8<LI>Call Chain = __aeabi_d2uiz
</UL>
<BR>[Calls]<UL><LI><a href="#[45]">&gt;&gt;</a>&nbsp;&nbsp;&nbsp;__aeabi_llsr
</UL>
<BR>[Called By]<UL><LI><a href="#[6b]">&gt;&gt;</a>&nbsp;&nbsp;&nbsp;Char_To_Uint
</UL>

<P><STRONG><a name="[46]"></a>__aeabi_llsl</STRONG> (Thumb, 30 bytes, Stack size 0 bytes, llshl.o(.text))
<BR><BR>[Called By]<UL><LI><a href="#[4a]">&gt;&gt;</a>&nbsp;&nbsp;&nbsp;__aeabi_dadd
<LI><a href="#[4c]">&gt;&gt;</a>&nbsp;&nbsp;&nbsp;_double_epilogue
<LI><a href="#[44]">&gt;&gt;</a>&nbsp;&nbsp;&nbsp;__aeabi_uldivmod
</UL>

<P><STRONG><a name="[117]"></a>_ll_shift_l</STRONG> (Thumb, 0 bytes, Stack size 0 bytes, llshl.o(.text), UNUSED)

<P><STRONG><a name="[45]"></a>__aeabi_llsr</STRONG> (Thumb, 32 bytes, Stack size 0 bytes, llushr.o(.text))
<BR><BR>[Called By]<UL><LI><a href="#[54]">&gt;&gt;</a>&nbsp;&nbsp;&nbsp;__aeabi_d2uiz
<LI><a href="#[56]">&gt;&gt;</a>&nbsp;&nbsp;&nbsp;_dsqrt
<LI><a href="#[4c]">&gt;&gt;</a>&nbsp;&nbsp;&nbsp;_double_epilogue
<LI><a href="#[44]">&gt;&gt;</a>&nbsp;&nbsp;&nbsp;__aeabi_uldivmod
</UL>

<P><STRONG><a name="[118]"></a>_ll_ushift_r</STRONG> (Thumb, 0 bytes, Stack size 0 bytes, llushr.o(.text), UNUSED)

<P><STRONG><a name="[4b]"></a>__aeabi_lasr</STRONG> (Thumb, 36 bytes, Stack size 0 bytes, llsshr.o(.text))
<BR><BR>[Called By]<UL><LI><a href="#[4a]">&gt;&gt;</a>&nbsp;&nbsp;&nbsp;__aeabi_dadd
</UL>

<P><STRONG><a name="[119]"></a>_ll_sshift_r</STRONG> (Thumb, 0 bytes, Stack size 0 bytes, llsshr.o(.text), UNUSED)

<P><STRONG><a name="[11a]"></a>__I$use$fp</STRONG> (Thumb, 0 bytes, Stack size 8 bytes, iusefp.o(.text), UNUSED)

<P><STRONG><a name="[4d]"></a>_double_round</STRONG> (Thumb, 30 bytes, Stack size 8 bytes, depilogue.o(.text))
<BR><BR>[Stack]<UL><LI>Max Depth = 8<LI>Call Chain = _double_round
</UL>
<BR>[Called By]<UL><LI><a href="#[51]">&gt;&gt;</a>&nbsp;&nbsp;&nbsp;__aeabi_ddiv
<LI><a href="#[4a]">&gt;&gt;</a>&nbsp;&nbsp;&nbsp;__aeabi_dadd
<LI><a href="#[56]">&gt;&gt;</a>&nbsp;&nbsp;&nbsp;_dsqrt
<LI><a href="#[4c]">&gt;&gt;</a>&nbsp;&nbsp;&nbsp;_double_epilogue
</UL>

<P><STRONG><a name="[4c]"></a>_double_epilogue</STRONG> (Thumb, 156 bytes, Stack size 32 bytes, depilogue.o(.text))
<BR><BR>[Stack]<UL><LI>Max Depth = 40<LI>Call Chain = _double_epilogue &rArr; _double_round
</UL>
<BR>[Calls]<UL><LI><a href="#[45]">&gt;&gt;</a>&nbsp;&nbsp;&nbsp;__aeabi_llsr
<LI><a href="#[46]">&gt;&gt;</a>&nbsp;&nbsp;&nbsp;__aeabi_llsl
<LI><a href="#[4d]">&gt;&gt;</a>&nbsp;&nbsp;&nbsp;_double_round
</UL>
<BR>[Called By]<UL><LI><a href="#[52]">&gt;&gt;</a>&nbsp;&nbsp;&nbsp;__aeabi_i2d
<LI><a href="#[50]">&gt;&gt;</a>&nbsp;&nbsp;&nbsp;__aeabi_dmul
<LI><a href="#[53]">&gt;&gt;</a>&nbsp;&nbsp;&nbsp;__aeabi_ui2d
<LI><a href="#[4a]">&gt;&gt;</a>&nbsp;&nbsp;&nbsp;__aeabi_dadd
</UL>

<P><STRONG><a name="[103]"></a>__ARM_scalbn</STRONG> (Thumb, 46 bytes, Stack size 16 bytes, dscalb.o(.text))
<BR><BR>[Stack]<UL><LI>Max Depth = 16<LI>Call Chain = __ARM_scalbn
</UL>
<BR>[Called By]<UL><LI><a href="#[104]">&gt;&gt;</a>&nbsp;&nbsp;&nbsp;__mathlib_dbl_underflow
<LI><a href="#[102]">&gt;&gt;</a>&nbsp;&nbsp;&nbsp;__mathlib_dbl_overflow
<LI><a href="#[6c]">&gt;&gt;</a>&nbsp;&nbsp;&nbsp;pow
</UL>

<P><STRONG><a name="[11b]"></a>scalbn</STRONG> (Thumb, 0 bytes, Stack size 16 bytes, dscalb.o(.text), UNUSED)

<P><STRONG><a name="[10a]"></a>__aeabi_cdrcmple</STRONG> (Thumb, 48 bytes, Stack size 0 bytes, cdrcmple.o(.text))
<BR><BR>[Called By]<UL><LI><a href="#[6c]">&gt;&gt;</a>&nbsp;&nbsp;&nbsp;pow
</UL>

<P><STRONG><a name="[43]"></a>__scatterload</STRONG> (Thumb, 28 bytes, Stack size 0 bytes, init.o(.text))
<BR><BR>[Calls]<UL><LI><a href="#[55]">&gt;&gt;</a>&nbsp;&nbsp;&nbsp;__main_after_scatterload
</UL>
<BR>[Called By]<UL><LI><a href="#[42]">&gt;&gt;</a>&nbsp;&nbsp;&nbsp;_main_scatterload
</UL>

<P><STRONG><a name="[11c]"></a>__scatterload_rt2</STRONG> (Thumb, 0 bytes, Stack size 0 bytes, init.o(.text), UNUSED)

<P><STRONG><a name="[56]"></a>_dsqrt</STRONG> (Thumb, 162 bytes, Stack size 32 bytes, dsqrt.o(.text))
<BR><BR>[Stack]<UL><LI>Max Depth = 40<LI>Call Chain = _dsqrt &rArr; _double_round
</UL>
<BR>[Calls]<UL><LI><a href="#[45]">&gt;&gt;</a>&nbsp;&nbsp;&nbsp;__aeabi_llsr
<LI><a href="#[4d]">&gt;&gt;</a>&nbsp;&nbsp;&nbsp;_double_round
</UL>
<BR>[Called By]<UL><LI><a href="#[109]">&gt;&gt;</a>&nbsp;&nbsp;&nbsp;sqrt
</UL>

<P><STRONG><a name="[11d]"></a>__decompress</STRONG> (Thumb, 0 bytes, Stack size unknown bytes, __dczerorl2.o(.text), UNUSED)

<P><STRONG><a name="[11e]"></a>__decompress1</STRONG> (Thumb, 86 bytes, Stack size unknown bytes, __dczerorl2.o(.text), UNUSED)

<P><STRONG><a name="[57]"></a>BT_Check_Up_Down</STRONG> (Thumb, 80 bytes, Stack size 8 bytes, user_check_button.o(i.BT_Check_Up_Down))
<BR><BR>[Stack]<UL><LI>Max Depth = 40<LI>Call Chain = BT_Check_Up_Down &rArr; UintTime_To_CharTime_T1_T2_T3 &rArr; Variable_To_Char
</UL>
<BR>[Calls]<UL><LI><a href="#[5a]">&gt;&gt;</a>&nbsp;&nbsp;&nbsp;BT_Press_Hold_Up
<LI><a href="#[5b]">&gt;&gt;</a>&nbsp;&nbsp;&nbsp;BT_Press_Hold_Down
<LI><a href="#[58]">&gt;&gt;</a>&nbsp;&nbsp;&nbsp;BT_Press_Click_Up
<LI><a href="#[59]">&gt;&gt;</a>&nbsp;&nbsp;&nbsp;BT_Press_Click_Down
<LI><a href="#[5d]">&gt;&gt;</a>&nbsp;&nbsp;&nbsp;UintTime_To_CharTime_T1_T2_T3
<LI><a href="#[5c]">&gt;&gt;</a>&nbsp;&nbsp;&nbsp;LCD_Change_State_Setup_T1_T2_T3
</UL>
<BR>[Called By]<UL><LI><a href="#[3e]">&gt;&gt;</a>&nbsp;&nbsp;&nbsp;main
</UL>

<P><STRONG><a name="[5e]"></a>BT_Esc_Exit_Setup</STRONG> (Thumb, 66 bytes, Stack size 32 bytes, user_check_button.o(i.BT_Esc_Exit_Setup))
<BR><BR>[Stack]<UL><LI>Max Depth = 88<LI>Call Chain = BT_Esc_Exit_Setup &rArr; Run_Begin &rArr; UintTime_To_CharTime_T1_T2_T3 &rArr; Variable_To_Char
</UL>
<BR>[Calls]<UL><LI><a href="#[5f]">&gt;&gt;</a>&nbsp;&nbsp;&nbsp;BT_Press_Hold_Esc
<LI><a href="#[60]">&gt;&gt;</a>&nbsp;&nbsp;&nbsp;Run_Begin
</UL>
<BR>[Called By]<UL><LI><a href="#[3e]">&gt;&gt;</a>&nbsp;&nbsp;&nbsp;main
</UL>

<P><STRONG><a name="[59]"></a>BT_Press_Click_Down</STRONG> (Thumb, 22 bytes, Stack size 0 bytes, check_button.o(i.BT_Press_Click_Down))
<BR><BR>[Called By]<UL><LI><a href="#[57]">&gt;&gt;</a>&nbsp;&nbsp;&nbsp;BT_Check_Up_Down
</UL>

<P><STRONG><a name="[58]"></a>BT_Press_Click_Up</STRONG> (Thumb, 26 bytes, Stack size 0 bytes, check_button.o(i.BT_Press_Click_Up))
<BR><BR>[Called By]<UL><LI><a href="#[57]">&gt;&gt;</a>&nbsp;&nbsp;&nbsp;BT_Check_Up_Down
</UL>

<P><STRONG><a name="[5b]"></a>BT_Press_Hold_Down</STRONG> (Thumb, 68 bytes, Stack size 16 bytes, check_button.o(i.BT_Press_Hold_Down))
<BR><BR>[Stack]<UL><LI>Max Depth = 16<LI>Call Chain = BT_Press_Hold_Down
</UL>
<BR>[Calls]<UL><LI><a href="#[61]">&gt;&gt;</a>&nbsp;&nbsp;&nbsp;HAL_GPIO_ReadPin
</UL>
<BR>[Called By]<UL><LI><a href="#[57]">&gt;&gt;</a>&nbsp;&nbsp;&nbsp;BT_Check_Up_Down
</UL>

<P><STRONG><a name="[5f]"></a>BT_Press_Hold_Esc</STRONG> (Thumb, 96 bytes, Stack size 24 bytes, check_button.o(i.BT_Press_Hold_Esc))
<BR><BR>[Stack]<UL><LI>Max Depth = 24<LI>Call Chain = BT_Press_Hold_Esc
</UL>
<BR>[Calls]<UL><LI><a href="#[61]">&gt;&gt;</a>&nbsp;&nbsp;&nbsp;HAL_GPIO_ReadPin
</UL>
<BR>[Called By]<UL><LI><a href="#[5e]">&gt;&gt;</a>&nbsp;&nbsp;&nbsp;BT_Esc_Exit_Setup
</UL>

<P><STRONG><a name="[5a]"></a>BT_Press_Hold_Up</STRONG> (Thumb, 64 bytes, Stack size 16 bytes, check_button.o(i.BT_Press_Hold_Up))
<BR><BR>[Stack]<UL><LI>Max Depth = 16<LI>Call Chain = BT_Press_Hold_Up
</UL>
<BR>[Calls]<UL><LI><a href="#[61]">&gt;&gt;</a>&nbsp;&nbsp;&nbsp;HAL_GPIO_ReadPin
</UL>
<BR>[Called By]<UL><LI><a href="#[57]">&gt;&gt;</a>&nbsp;&nbsp;&nbsp;BT_Check_Up_Down
</UL>

<P><STRONG><a name="[4]"></a>BusFault_Handler</STRONG> (Thumb, 4 bytes, Stack size 0 bytes, stm32l1xx_it.o(i.BusFault_Handler))
<BR>[Address Reference Count : 1]<UL><LI> startup_stm32l151xc.o(RESET)
</UL>
<P><STRONG><a name="[62]"></a>CLCD_4BIT_Init</STRONG> (Thumb, 228 bytes, Stack size 40 bytes, clcd.o(i.CLCD_4BIT_Init))
<BR><BR>[Stack]<UL><LI>Max Depth = 88<LI>Call Chain = CLCD_4BIT_Init &rArr; CLCD_Write4 &rArr; CLCD_Delay &rArr; HAL_Delay
</UL>
<BR>[Calls]<UL><LI><a href="#[64]">&gt;&gt;</a>&nbsp;&nbsp;&nbsp;CLCD_Write4
<LI><a href="#[63]">&gt;&gt;</a>&nbsp;&nbsp;&nbsp;CLCD_Delay
</UL>
<BR>[Called By]<UL><LI><a href="#[3e]">&gt;&gt;</a>&nbsp;&nbsp;&nbsp;main
</UL>

<P><STRONG><a name="[66]"></a>CLCD_SetCursor</STRONG> (Thumb, 86 bytes, Stack size 24 bytes, clcd.o(i.CLCD_SetCursor))
<BR><BR>[Stack]<UL><LI>Max Depth = 72<LI>Call Chain = CLCD_SetCursor &rArr; CLCD_Write4 &rArr; CLCD_Delay &rArr; HAL_Delay
</UL>
<BR>[Calls]<UL><LI><a href="#[67]">&gt;&gt;</a>&nbsp;&nbsp;&nbsp;CLCD_Write8
<LI><a href="#[64]">&gt;&gt;</a>&nbsp;&nbsp;&nbsp;CLCD_Write4
</UL>
<BR>[Called By]<UL><LI><a href="#[db]">&gt;&gt;</a>&nbsp;&nbsp;&nbsp;LCD_Send_Data
<LI><a href="#[3e]">&gt;&gt;</a>&nbsp;&nbsp;&nbsp;main
</UL>

<P><STRONG><a name="[69]"></a>CLCD_WriteChar</STRONG> (Thumb, 40 bytes, Stack size 16 bytes, clcd.o(i.CLCD_WriteChar))
<BR><BR>[Stack]<UL><LI>Max Depth = 64<LI>Call Chain = CLCD_WriteChar &rArr; CLCD_Write4 &rArr; CLCD_Delay &rArr; HAL_Delay
</UL>
<BR>[Calls]<UL><LI><a href="#[67]">&gt;&gt;</a>&nbsp;&nbsp;&nbsp;CLCD_Write8
<LI><a href="#[64]">&gt;&gt;</a>&nbsp;&nbsp;&nbsp;CLCD_Write4
</UL>
<BR>[Called By]<UL><LI><a href="#[6a]">&gt;&gt;</a>&nbsp;&nbsp;&nbsp;CLCD_WriteString
</UL>

<P><STRONG><a name="[6a]"></a>CLCD_WriteString</STRONG> (Thumb, 26 bytes, Stack size 16 bytes, clcd.o(i.CLCD_WriteString))
<BR><BR>[Stack]<UL><LI>Max Depth = 80<LI>Call Chain = CLCD_WriteString &rArr; CLCD_WriteChar &rArr; CLCD_Write4 &rArr; CLCD_Delay &rArr; HAL_Delay
</UL>
<BR>[Calls]<UL><LI><a href="#[69]">&gt;&gt;</a>&nbsp;&nbsp;&nbsp;CLCD_WriteChar
</UL>
<BR>[Called By]<UL><LI><a href="#[db]">&gt;&gt;</a>&nbsp;&nbsp;&nbsp;LCD_Send_Data
<LI><a href="#[3e]">&gt;&gt;</a>&nbsp;&nbsp;&nbsp;main
</UL>

<P><STRONG><a name="[6b]"></a>Char_To_Uint</STRONG> (Thumb, 126 bytes, Stack size 72 bytes, user_sim.o(i.Char_To_Uint))
<BR><BR>[Stack]<UL><LI>Max Depth = 312<LI>Call Chain = Char_To_Uint &rArr; pow &rArr; __kernel_poly &rArr; __aeabi_dmul &rArr; _double_epilogue &rArr; _double_round
</UL>
<BR>[Calls]<UL><LI><a href="#[52]">&gt;&gt;</a>&nbsp;&nbsp;&nbsp;__aeabi_i2d
<LI><a href="#[50]">&gt;&gt;</a>&nbsp;&nbsp;&nbsp;__aeabi_dmul
<LI><a href="#[54]">&gt;&gt;</a>&nbsp;&nbsp;&nbsp;__aeabi_d2uiz
<LI><a href="#[53]">&gt;&gt;</a>&nbsp;&nbsp;&nbsp;__aeabi_ui2d
<LI><a href="#[4a]">&gt;&gt;</a>&nbsp;&nbsp;&nbsp;__aeabi_dadd
<LI><a href="#[6c]">&gt;&gt;</a>&nbsp;&nbsp;&nbsp;pow
</UL>
<BR>[Called By]<UL><LI><a href="#[f0]">&gt;&gt;</a>&nbsp;&nbsp;&nbsp;Receive_SMS_Setup
</UL>

<P><STRONG><a name="[6d]"></a>Check_BT_Callback</STRONG> (Thumb, 50 bytes, Stack size 16 bytes, main.o(i.Check_BT_Callback))
<BR><BR>[Stack]<UL><LI>Max Depth = 144<LI>Call Chain = Check_BT_Callback &rArr; Check_BT_ENTER &rArr; FLASH_WritePage &rArr; HAL_FLASH_Program &rArr; FLASH_WaitForLastOperation
</UL>
<BR>[Calls]<UL><LI><a href="#[70]">&gt;&gt;</a>&nbsp;&nbsp;&nbsp;Check_BT_UP
<LI><a href="#[6f]">&gt;&gt;</a>&nbsp;&nbsp;&nbsp;Check_BT_ESC
<LI><a href="#[6e]">&gt;&gt;</a>&nbsp;&nbsp;&nbsp;Check_BT_ENTER
<LI><a href="#[71]">&gt;&gt;</a>&nbsp;&nbsp;&nbsp;Check_BT_DOWN
</UL>
<BR>[Called By]<UL><LI><a href="#[3e]">&gt;&gt;</a>&nbsp;&nbsp;&nbsp;main
</UL>

<P><STRONG><a name="[71]"></a>Check_BT_DOWN</STRONG> (Thumb, 48 bytes, Stack size 8 bytes, user_check_button.o(i.Check_BT_DOWN))
<BR><BR>[Stack]<UL><LI>Max Depth = 8<LI>Call Chain = Check_BT_DOWN
</UL>
<BR>[Calls]<UL><LI><a href="#[61]">&gt;&gt;</a>&nbsp;&nbsp;&nbsp;HAL_GPIO_ReadPin
</UL>
<BR>[Called By]<UL><LI><a href="#[6d]">&gt;&gt;</a>&nbsp;&nbsp;&nbsp;Check_BT_Callback
</UL>

<P><STRONG><a name="[6e]"></a>Check_BT_ENTER</STRONG> (Thumb, 158 bytes, Stack size 40 bytes, user_check_button.o(i.Check_BT_ENTER))
<BR><BR>[Stack]<UL><LI>Max Depth = 128<LI>Call Chain = Check_BT_ENTER &rArr; FLASH_WritePage &rArr; HAL_FLASH_Program &rArr; FLASH_WaitForLastOperation
</UL>
<BR>[Calls]<UL><LI><a href="#[72]">&gt;&gt;</a>&nbsp;&nbsp;&nbsp;FLASH_WritePage
<LI><a href="#[61]">&gt;&gt;</a>&nbsp;&nbsp;&nbsp;HAL_GPIO_ReadPin
</UL>
<BR>[Called By]<UL><LI><a href="#[6d]">&gt;&gt;</a>&nbsp;&nbsp;&nbsp;Check_BT_Callback
</UL>

<P><STRONG><a name="[6f]"></a>Check_BT_ESC</STRONG> (Thumb, 122 bytes, Stack size 16 bytes, user_check_button.o(i.Check_BT_ESC))
<BR><BR>[Stack]<UL><LI>Max Depth = 16<LI>Call Chain = Check_BT_ESC
</UL>
<BR>[Calls]<UL><LI><a href="#[61]">&gt;&gt;</a>&nbsp;&nbsp;&nbsp;HAL_GPIO_ReadPin
<LI><a href="#[73]">&gt;&gt;</a>&nbsp;&nbsp;&nbsp;USER_LCD_Change_Setup
</UL>
<BR>[Called By]<UL><LI><a href="#[6d]">&gt;&gt;</a>&nbsp;&nbsp;&nbsp;Check_BT_Callback
</UL>

<P><STRONG><a name="[70]"></a>Check_BT_UP</STRONG> (Thumb, 48 bytes, Stack size 8 bytes, user_check_button.o(i.Check_BT_UP))
<BR><BR>[Stack]<UL><LI>Max Depth = 8<LI>Call Chain = Check_BT_UP
</UL>
<BR>[Calls]<UL><LI><a href="#[61]">&gt;&gt;</a>&nbsp;&nbsp;&nbsp;HAL_GPIO_ReadPin
</UL>
<BR>[Called By]<UL><LI><a href="#[6d]">&gt;&gt;</a>&nbsp;&nbsp;&nbsp;Check_BT_Callback
</UL>

<P><STRONG><a name="[74]"></a>Check_Command_No_Delay</STRONG> (Thumb, 506 bytes, Stack size 152 bytes, uart_sim.o(i.Check_Command_No_Delay))
<BR><BR>[Stack]<UL><LI>Max Depth = 240<LI>Call Chain = Check_Command_No_Delay &rArr; Transmit_Data_Uart &rArr; HAL_UART_Transmit &rArr; UART_WaitOnFlagUntilTimeout
</UL>
<BR>[Calls]<UL><LI><a href="#[76]">&gt;&gt;</a>&nbsp;&nbsp;&nbsp;Transmit_Data_Uart
<LI><a href="#[77]">&gt;&gt;</a>&nbsp;&nbsp;&nbsp;HAL_GetTick
<LI><a href="#[7a]">&gt;&gt;</a>&nbsp;&nbsp;&nbsp;Delete_Buffer
<LI><a href="#[78]">&gt;&gt;</a>&nbsp;&nbsp;&nbsp;Check_CountBuffer_Complete_Uart3
<LI><a href="#[79]">&gt;&gt;</a>&nbsp;&nbsp;&nbsp;strstr
<LI><a href="#[75]">&gt;&gt;</a>&nbsp;&nbsp;&nbsp;__aeabi_memcpy4
</UL>
<BR>[Called By]<UL><LI><a href="#[8b]">&gt;&gt;</a>&nbsp;&nbsp;&nbsp;Transmit_CFUN
<LI><a href="#[88]">&gt;&gt;</a>&nbsp;&nbsp;&nbsp;Config_Uart_Sim
<LI><a href="#[8a]">&gt;&gt;</a>&nbsp;&nbsp;&nbsp;Config_TCP
<LI><a href="#[89]">&gt;&gt;</a>&nbsp;&nbsp;&nbsp;Config_SMS
</UL>

<P><STRONG><a name="[7b]"></a>Check_CountBuffer_Complete_Uart1</STRONG> (Thumb, 108 bytes, Stack size 16 bytes, user_uart.o(i.Check_CountBuffer_Complete_Uart1))
<BR><BR>[Stack]<UL><LI>Max Depth = 16<LI>Call Chain = Check_CountBuffer_Complete_Uart1
</UL>
<BR>[Calls]<UL><LI><a href="#[77]">&gt;&gt;</a>&nbsp;&nbsp;&nbsp;HAL_GetTick
</UL>
<BR>[Called By]<UL><LI><a href="#[7e]">&gt;&gt;</a>&nbsp;&nbsp;&nbsp;Compare_Uart1_RX_Uart3_TX_True_Display
</UL>

<P><STRONG><a name="[78]"></a>Check_CountBuffer_Complete_Uart3</STRONG> (Thumb, 108 bytes, Stack size 16 bytes, user_uart.o(i.Check_CountBuffer_Complete_Uart3))
<BR><BR>[Stack]<UL><LI>Max Depth = 16<LI>Call Chain = Check_CountBuffer_Complete_Uart3
</UL>
<BR>[Calls]<UL><LI><a href="#[77]">&gt;&gt;</a>&nbsp;&nbsp;&nbsp;HAL_GetTick
</UL>
<BR>[Called By]<UL><LI><a href="#[9d]">&gt;&gt;</a>&nbsp;&nbsp;&nbsp;Get_Real_Time
<LI><a href="#[7e]">&gt;&gt;</a>&nbsp;&nbsp;&nbsp;Compare_Uart1_RX_Uart3_TX_True_Display
<LI><a href="#[74]">&gt;&gt;</a>&nbsp;&nbsp;&nbsp;Check_Command_No_Delay
<LI><a href="#[f1]">&gt;&gt;</a>&nbsp;&nbsp;&nbsp;SendData_Server
<LI><a href="#[ef]">&gt;&gt;</a>&nbsp;&nbsp;&nbsp;Receive_Control_Setup
</UL>

<P><STRONG><a name="[7c]"></a>Check_Disconnect_Error</STRONG> (Thumb, 278 bytes, Stack size 136 bytes, uart_sim.o(i.Check_Disconnect_Error))
<BR><BR>[Stack]<UL><LI>Max Depth = 224<LI>Call Chain = Check_Disconnect_Error &rArr; Transmit_Data_Uart &rArr; HAL_UART_Transmit &rArr; UART_WaitOnFlagUntilTimeout
</UL>
<BR>[Calls]<UL><LI><a href="#[76]">&gt;&gt;</a>&nbsp;&nbsp;&nbsp;Transmit_Data_Uart
<LI><a href="#[7a]">&gt;&gt;</a>&nbsp;&nbsp;&nbsp;Delete_Buffer
<LI><a href="#[79]">&gt;&gt;</a>&nbsp;&nbsp;&nbsp;strstr
<LI><a href="#[75]">&gt;&gt;</a>&nbsp;&nbsp;&nbsp;__aeabi_memcpy4
</UL>
<BR>[Called By]<UL><LI><a href="#[9d]">&gt;&gt;</a>&nbsp;&nbsp;&nbsp;Get_Real_Time
<LI><a href="#[f1]">&gt;&gt;</a>&nbsp;&nbsp;&nbsp;SendData_Server
<LI><a href="#[ef]">&gt;&gt;</a>&nbsp;&nbsp;&nbsp;Receive_Control_Setup
</UL>

<P><STRONG><a name="[7d]"></a>Check_Disconnect_Error_SIM</STRONG> (Thumb, 102 bytes, Stack size 8 bytes, main.o(i.Check_Disconnect_Error_SIM))
<BR><BR>[Stack]<UL><LI>Max Depth = 288<LI>Call Chain = Check_Disconnect_Error_SIM &rArr; Connect_Server_SIM &rArr; Transmit_CFUN &rArr; Check_Command_No_Delay &rArr; Transmit_Data_Uart &rArr; HAL_UART_Transmit &rArr; UART_WaitOnFlagUntilTimeout
</UL>
<BR>[Calls]<UL><LI><a href="#[80]">&gt;&gt;</a>&nbsp;&nbsp;&nbsp;Connect_Server_SIM
<LI><a href="#[7e]">&gt;&gt;</a>&nbsp;&nbsp;&nbsp;Compare_Uart1_RX_Uart3_TX_True_Display
<LI><a href="#[7f]">&gt;&gt;</a>&nbsp;&nbsp;&nbsp;Reset_SendData
</UL>
<BR>[Called By]<UL><LI><a href="#[e8]">&gt;&gt;</a>&nbsp;&nbsp;&nbsp;Module_SIM
</UL>

<P><STRONG><a name="[81]"></a>Check_Receive_sendData_Control</STRONG> (Thumb, 108 bytes, Stack size 16 bytes, user_sim.o(i.Check_Receive_sendData_Control))
<BR><BR>[Stack]<UL><LI>Max Depth = 28<LI>Call Chain = Check_Receive_sendData_Control &rArr; strstr
</UL>
<BR>[Calls]<UL><LI><a href="#[79]">&gt;&gt;</a>&nbsp;&nbsp;&nbsp;strstr
</UL>
<BR>[Called By]<UL><LI><a href="#[f1]">&gt;&gt;</a>&nbsp;&nbsp;&nbsp;SendData_Server
<LI><a href="#[ef]">&gt;&gt;</a>&nbsp;&nbsp;&nbsp;Receive_Control_Setup
</UL>

<P><STRONG><a name="[82]"></a>Check_Test</STRONG> (Thumb, 120 bytes, Stack size 16 bytes, main.o(i.Check_Test))
<BR><BR>[Stack]<UL><LI>Max Depth = 48<LI>Call Chain = Check_Test &rArr; Reset_Relay_Led
</UL>
<BR>[Calls]<UL><LI><a href="#[83]">&gt;&gt;</a>&nbsp;&nbsp;&nbsp;Reset_Relay_Led
</UL>
<BR>[Called By]<UL><LI><a href="#[3e]">&gt;&gt;</a>&nbsp;&nbsp;&nbsp;main
</UL>

<P><STRONG><a name="[7e]"></a>Compare_Uart1_RX_Uart3_TX_True_Display</STRONG> (Thumb, 318 bytes, Stack size 152 bytes, uart_sim.o(i.Compare_Uart1_RX_Uart3_TX_True_Display))
<BR><BR>[Stack]<UL><LI>Max Depth = 240<LI>Call Chain = Compare_Uart1_RX_Uart3_TX_True_Display &rArr; Transmit_Data_Uart &rArr; HAL_UART_Transmit &rArr; UART_WaitOnFlagUntilTimeout
</UL>
<BR>[Calls]<UL><LI><a href="#[76]">&gt;&gt;</a>&nbsp;&nbsp;&nbsp;Transmit_Data_Uart
<LI><a href="#[85]">&gt;&gt;</a>&nbsp;&nbsp;&nbsp;HAL_UART_Transmit
<LI><a href="#[7a]">&gt;&gt;</a>&nbsp;&nbsp;&nbsp;Delete_Buffer
<LI><a href="#[78]">&gt;&gt;</a>&nbsp;&nbsp;&nbsp;Check_CountBuffer_Complete_Uart3
<LI><a href="#[7b]">&gt;&gt;</a>&nbsp;&nbsp;&nbsp;Check_CountBuffer_Complete_Uart1
<LI><a href="#[84]">&gt;&gt;</a>&nbsp;&nbsp;&nbsp;strlen
<LI><a href="#[79]">&gt;&gt;</a>&nbsp;&nbsp;&nbsp;strstr
<LI><a href="#[75]">&gt;&gt;</a>&nbsp;&nbsp;&nbsp;__aeabi_memcpy4
</UL>
<BR>[Called By]<UL><LI><a href="#[7d]">&gt;&gt;</a>&nbsp;&nbsp;&nbsp;Check_Disconnect_Error_SIM
</UL>

<P><STRONG><a name="[86]"></a>Config_SIM_In_While</STRONG> (Thumb, 308 bytes, Stack size 144 bytes, uart_sim.o(i.Config_SIM_In_While))
<BR><BR>[Stack]<UL><LI>Max Depth = 408<LI>Call Chain = Config_SIM_In_While &rArr; Config_Uart_Sim &rArr; Check_Command_No_Delay &rArr; Transmit_Data_Uart &rArr; HAL_UART_Transmit &rArr; UART_WaitOnFlagUntilTimeout
</UL>
<BR>[Calls]<UL><LI><a href="#[76]">&gt;&gt;</a>&nbsp;&nbsp;&nbsp;Transmit_Data_Uart
<LI><a href="#[77]">&gt;&gt;</a>&nbsp;&nbsp;&nbsp;HAL_GetTick
<LI><a href="#[87]">&gt;&gt;</a>&nbsp;&nbsp;&nbsp;Setup_SIM
<LI><a href="#[88]">&gt;&gt;</a>&nbsp;&nbsp;&nbsp;Config_Uart_Sim
<LI><a href="#[8a]">&gt;&gt;</a>&nbsp;&nbsp;&nbsp;Config_TCP
<LI><a href="#[89]">&gt;&gt;</a>&nbsp;&nbsp;&nbsp;Config_SMS
<LI><a href="#[75]">&gt;&gt;</a>&nbsp;&nbsp;&nbsp;__aeabi_memcpy4
</UL>
<BR>[Called By]<UL><LI><a href="#[e8]">&gt;&gt;</a>&nbsp;&nbsp;&nbsp;Module_SIM
</UL>

<P><STRONG><a name="[89]"></a>Config_SMS</STRONG> (Thumb, 148 bytes, Stack size 24 bytes, uart_sim.o(i.Config_SMS))
<BR><BR>[Stack]<UL><LI>Max Depth = 264<LI>Call Chain = Config_SMS &rArr; Check_Command_No_Delay &rArr; Transmit_Data_Uart &rArr; HAL_UART_Transmit &rArr; UART_WaitOnFlagUntilTimeout
</UL>
<BR>[Calls]<UL><LI><a href="#[74]">&gt;&gt;</a>&nbsp;&nbsp;&nbsp;Check_Command_No_Delay
</UL>
<BR>[Called By]<UL><LI><a href="#[80]">&gt;&gt;</a>&nbsp;&nbsp;&nbsp;Connect_Server_SIM
<LI><a href="#[86]">&gt;&gt;</a>&nbsp;&nbsp;&nbsp;Config_SIM_In_While
</UL>

<P><STRONG><a name="[8a]"></a>Config_TCP</STRONG> (Thumb, 428 bytes, Stack size 24 bytes, uart_sim.o(i.Config_TCP))
<BR><BR>[Stack]<UL><LI>Max Depth = 264<LI>Call Chain = Config_TCP &rArr; Check_Command_No_Delay &rArr; Transmit_Data_Uart &rArr; HAL_UART_Transmit &rArr; UART_WaitOnFlagUntilTimeout
</UL>
<BR>[Calls]<UL><LI><a href="#[74]">&gt;&gt;</a>&nbsp;&nbsp;&nbsp;Check_Command_No_Delay
</UL>
<BR>[Called By]<UL><LI><a href="#[80]">&gt;&gt;</a>&nbsp;&nbsp;&nbsp;Connect_Server_SIM
<LI><a href="#[86]">&gt;&gt;</a>&nbsp;&nbsp;&nbsp;Config_SIM_In_While
</UL>

<P><STRONG><a name="[88]"></a>Config_Uart_Sim</STRONG> (Thumb, 664 bytes, Stack size 24 bytes, uart_sim.o(i.Config_Uart_Sim))
<BR><BR>[Stack]<UL><LI>Max Depth = 264<LI>Call Chain = Config_Uart_Sim &rArr; Check_Command_No_Delay &rArr; Transmit_Data_Uart &rArr; HAL_UART_Transmit &rArr; UART_WaitOnFlagUntilTimeout
</UL>
<BR>[Calls]<UL><LI><a href="#[74]">&gt;&gt;</a>&nbsp;&nbsp;&nbsp;Check_Command_No_Delay
</UL>
<BR>[Called By]<UL><LI><a href="#[80]">&gt;&gt;</a>&nbsp;&nbsp;&nbsp;Connect_Server_SIM
<LI><a href="#[86]">&gt;&gt;</a>&nbsp;&nbsp;&nbsp;Config_SIM_In_While
</UL>

<P><STRONG><a name="[80]"></a>Connect_Server_SIM</STRONG> (Thumb, 246 bytes, Stack size 16 bytes, uart_sim.o(i.Connect_Server_SIM))
<BR><BR>[Stack]<UL><LI>Max Depth = 280<LI>Call Chain = Connect_Server_SIM &rArr; Transmit_CFUN &rArr; Check_Command_No_Delay &rArr; Transmit_Data_Uart &rArr; HAL_UART_Transmit &rArr; UART_WaitOnFlagUntilTimeout
</UL>
<BR>[Calls]<UL><LI><a href="#[77]">&gt;&gt;</a>&nbsp;&nbsp;&nbsp;HAL_GetTick
<LI><a href="#[8b]">&gt;&gt;</a>&nbsp;&nbsp;&nbsp;Transmit_CFUN
<LI><a href="#[88]">&gt;&gt;</a>&nbsp;&nbsp;&nbsp;Config_Uart_Sim
<LI><a href="#[8a]">&gt;&gt;</a>&nbsp;&nbsp;&nbsp;Config_TCP
<LI><a href="#[89]">&gt;&gt;</a>&nbsp;&nbsp;&nbsp;Config_SMS
</UL>
<BR>[Called By]<UL><LI><a href="#[7d]">&gt;&gt;</a>&nbsp;&nbsp;&nbsp;Check_Disconnect_Error_SIM
</UL>

<P><STRONG><a name="[f3]"></a>Control_Read_News_Flash</STRONG> (Thumb, 104 bytes, Stack size 0 bytes, user_sim.o(i.Control_Read_News_Flash))
<BR><BR>[Called By]<UL><LI><a href="#[f1]">&gt;&gt;</a>&nbsp;&nbsp;&nbsp;SendData_Server
</UL>

<P><STRONG><a name="[ec]"></a>Control_Write_News_Flash</STRONG> (Thumb, 172 bytes, Stack size 0 bytes, user_sim.o(i.Control_Write_News_Flash))
<BR><BR>[Called By]<UL><LI><a href="#[ea]">&gt;&gt;</a>&nbsp;&nbsp;&nbsp;Packing_News
</UL>

<P><STRONG><a name="[7]"></a>DebugMon_Handler</STRONG> (Thumb, 2 bytes, Stack size 0 bytes, stm32l1xx_it.o(i.DebugMon_Handler))
<BR>[Address Reference Count : 1]<UL><LI> startup_stm32l151xc.o(RESET)
</UL>
<P><STRONG><a name="[7a]"></a>Delete_Buffer</STRONG> (Thumb, 40 bytes, Stack size 16 bytes, user_uart.o(i.Delete_Buffer))
<BR><BR>[Stack]<UL><LI>Max Depth = 16<LI>Call Chain = Delete_Buffer
</UL>
<BR>[Calls]<UL><LI><a href="#[84]">&gt;&gt;</a>&nbsp;&nbsp;&nbsp;strlen
</UL>
<BR>[Called By]<UL><LI><a href="#[87]">&gt;&gt;</a>&nbsp;&nbsp;&nbsp;Setup_SIM
<LI><a href="#[9d]">&gt;&gt;</a>&nbsp;&nbsp;&nbsp;Get_Real_Time
<LI><a href="#[7e]">&gt;&gt;</a>&nbsp;&nbsp;&nbsp;Compare_Uart1_RX_Uart3_TX_True_Display
<LI><a href="#[7c]">&gt;&gt;</a>&nbsp;&nbsp;&nbsp;Check_Disconnect_Error
<LI><a href="#[74]">&gt;&gt;</a>&nbsp;&nbsp;&nbsp;Check_Command_No_Delay
<LI><a href="#[f1]">&gt;&gt;</a>&nbsp;&nbsp;&nbsp;SendData_Server
<LI><a href="#[ef]">&gt;&gt;</a>&nbsp;&nbsp;&nbsp;Receive_Control_Setup
</UL>

<P><STRONG><a name="[8c]"></a>Display_Time</STRONG> (Thumb, 52 bytes, Stack size 8 bytes, main.o(i.Display_Time))
<BR><BR>[Stack]<UL><LI>Max Depth = 136<LI>Call Chain = Display_Time &rArr; USER_LCD_Display_Time &rArr; LCD_Display_Time &rArr; LCD_Send_Data &rArr; CLCD_WriteString &rArr; CLCD_WriteChar &rArr; CLCD_Write4 &rArr; CLCD_Delay &rArr; HAL_Delay
</UL>
<BR>[Calls]<UL><LI><a href="#[8d]">&gt;&gt;</a>&nbsp;&nbsp;&nbsp;Set_Time
<LI><a href="#[8f]">&gt;&gt;</a>&nbsp;&nbsp;&nbsp;UintTime_To_CharTime_HH_MM_SS
<LI><a href="#[90]">&gt;&gt;</a>&nbsp;&nbsp;&nbsp;USER_LCD_Display_Time
<LI><a href="#[8e]">&gt;&gt;</a>&nbsp;&nbsp;&nbsp;LCD_Change_State_Time_HH_MM_SS
</UL>
<BR>[Called By]<UL><LI><a href="#[3e]">&gt;&gt;</a>&nbsp;&nbsp;&nbsp;main
</UL>

<P><STRONG><a name="[91]"></a>Error_Cipsend</STRONG> (Thumb, 74 bytes, Stack size 8 bytes, user_sim.o(i.Error_Cipsend))
<BR><BR>[Stack]<UL><LI>Max Depth = 8<LI>Call Chain = Error_Cipsend
</UL>
<BR>[Calls]<UL><LI><a href="#[77]">&gt;&gt;</a>&nbsp;&nbsp;&nbsp;HAL_GetTick
</UL>
<BR>[Called By]<UL><LI><a href="#[f1]">&gt;&gt;</a>&nbsp;&nbsp;&nbsp;SendData_Server
</UL>

<P><STRONG><a name="[e1]"></a>Error_Handler</STRONG> (Thumb, 2 bytes, Stack size 0 bytes, main.o(i.Error_Handler))
<BR><BR>[Called By]<UL><LI><a href="#[f6]">&gt;&gt;</a>&nbsp;&nbsp;&nbsp;SystemClock_Config
<LI><a href="#[e7]">&gt;&gt;</a>&nbsp;&nbsp;&nbsp;MX_USART3_UART_Init
<LI><a href="#[e6]">&gt;&gt;</a>&nbsp;&nbsp;&nbsp;MX_USART1_UART_Init
<LI><a href="#[e4]">&gt;&gt;</a>&nbsp;&nbsp;&nbsp;MX_TIM2_Init
<LI><a href="#[e0]">&gt;&gt;</a>&nbsp;&nbsp;&nbsp;MX_RTC_Init
</UL>

<P><STRONG><a name="[9e]"></a>FLASH_PageErase</STRONG> (Thumb, 32 bytes, Stack size 0 bytes, stm32l1xx_hal_flash_ex.o(i.FLASH_PageErase))
<BR><BR>[Called By]<UL><LI><a href="#[9c]">&gt;&gt;</a>&nbsp;&nbsp;&nbsp;HAL_FLASHEx_Erase
</UL>

<P><STRONG><a name="[ee]"></a>FLASH_ReadData32</STRONG> (Thumb, 6 bytes, Stack size 0 bytes, flash_memory.o(i.FLASH_ReadData32))
<BR><BR>[Called By]<UL><LI><a href="#[ed]">&gt;&gt;</a>&nbsp;&nbsp;&nbsp;Read_Flash
</UL>

<P><STRONG><a name="[92]"></a>FLASH_ReadNews</STRONG> (Thumb, 100 bytes, Stack size 24 bytes, flash_memory.o(i.FLASH_ReadNews))
<BR><BR>[Stack]<UL><LI>Max Depth = 44<LI>Call Chain = FLASH_ReadNews &rArr; malloc
</UL>
<BR>[Calls]<UL><LI><a href="#[93]">&gt;&gt;</a>&nbsp;&nbsp;&nbsp;malloc
<LI><a href="#[94]">&gt;&gt;</a>&nbsp;&nbsp;&nbsp;free
</UL>
<BR>[Called By]<UL><LI><a href="#[f1]">&gt;&gt;</a>&nbsp;&nbsp;&nbsp;SendData_Server
</UL>

<P><STRONG><a name="[95]"></a>FLASH_WaitForLastOperation</STRONG> (Thumb, 122 bytes, Stack size 16 bytes, stm32l1xx_hal_flash.o(i.FLASH_WaitForLastOperation))
<BR><BR>[Stack]<UL><LI>Max Depth = 16<LI>Call Chain = FLASH_WaitForLastOperation
</UL>
<BR>[Calls]<UL><LI><a href="#[77]">&gt;&gt;</a>&nbsp;&nbsp;&nbsp;HAL_GetTick
<LI><a href="#[96]">&gt;&gt;</a>&nbsp;&nbsp;&nbsp;FLASH_SetErrorCode
</UL>
<BR>[Called By]<UL><LI><a href="#[99]">&gt;&gt;</a>&nbsp;&nbsp;&nbsp;HAL_FLASH_Program
<LI><a href="#[9c]">&gt;&gt;</a>&nbsp;&nbsp;&nbsp;HAL_FLASHEx_Erase
</UL>

<P><STRONG><a name="[97]"></a>FLASH_WriteNews</STRONG> (Thumb, 124 bytes, Stack size 32 bytes, flash_memory.o(i.FLASH_WriteNews))
<BR><BR>[Stack]<UL><LI>Max Depth = 72<LI>Call Chain = FLASH_WriteNews &rArr; HAL_FLASH_Program &rArr; FLASH_WaitForLastOperation
</UL>
<BR>[Calls]<UL><LI><a href="#[98]">&gt;&gt;</a>&nbsp;&nbsp;&nbsp;HAL_FLASH_Unlock
<LI><a href="#[99]">&gt;&gt;</a>&nbsp;&nbsp;&nbsp;HAL_FLASH_Program
<LI><a href="#[9a]">&gt;&gt;</a>&nbsp;&nbsp;&nbsp;HAL_FLASH_Lock
<LI><a href="#[93]">&gt;&gt;</a>&nbsp;&nbsp;&nbsp;malloc
<LI><a href="#[94]">&gt;&gt;</a>&nbsp;&nbsp;&nbsp;free
</UL>
<BR>[Called By]<UL><LI><a href="#[ea]">&gt;&gt;</a>&nbsp;&nbsp;&nbsp;Packing_News
</UL>

<P><STRONG><a name="[9b]"></a>FLASH_WriteNews_Earse</STRONG> (Thumb, 146 bytes, Stack size 48 bytes, flash_memory.o(i.FLASH_WriteNews_Earse))
<BR><BR>[Stack]<UL><LI>Max Depth = 88<LI>Call Chain = FLASH_WriteNews_Earse &rArr; HAL_FLASH_Program &rArr; FLASH_WaitForLastOperation
</UL>
<BR>[Calls]<UL><LI><a href="#[98]">&gt;&gt;</a>&nbsp;&nbsp;&nbsp;HAL_FLASH_Unlock
<LI><a href="#[99]">&gt;&gt;</a>&nbsp;&nbsp;&nbsp;HAL_FLASH_Program
<LI><a href="#[9a]">&gt;&gt;</a>&nbsp;&nbsp;&nbsp;HAL_FLASH_Lock
<LI><a href="#[9c]">&gt;&gt;</a>&nbsp;&nbsp;&nbsp;HAL_FLASHEx_Erase
<LI><a href="#[93]">&gt;&gt;</a>&nbsp;&nbsp;&nbsp;malloc
<LI><a href="#[94]">&gt;&gt;</a>&nbsp;&nbsp;&nbsp;free
</UL>
<BR>[Called By]<UL><LI><a href="#[ea]">&gt;&gt;</a>&nbsp;&nbsp;&nbsp;Packing_News
</UL>

<P><STRONG><a name="[72]"></a>FLASH_WritePage</STRONG> (Thumb, 96 bytes, Stack size 48 bytes, flash_memory.o(i.FLASH_WritePage))
<BR><BR>[Stack]<UL><LI>Max Depth = 88<LI>Call Chain = FLASH_WritePage &rArr; HAL_FLASH_Program &rArr; FLASH_WaitForLastOperation
</UL>
<BR>[Calls]<UL><LI><a href="#[98]">&gt;&gt;</a>&nbsp;&nbsp;&nbsp;HAL_FLASH_Unlock
<LI><a href="#[99]">&gt;&gt;</a>&nbsp;&nbsp;&nbsp;HAL_FLASH_Program
<LI><a href="#[9a]">&gt;&gt;</a>&nbsp;&nbsp;&nbsp;HAL_FLASH_Lock
<LI><a href="#[9c]">&gt;&gt;</a>&nbsp;&nbsp;&nbsp;HAL_FLASHEx_Erase
</UL>
<BR>[Called By]<UL><LI><a href="#[e9]">&gt;&gt;</a>&nbsp;&nbsp;&nbsp;SendData_Control_SIM
<LI><a href="#[6e]">&gt;&gt;</a>&nbsp;&nbsp;&nbsp;Check_BT_ENTER
</UL>

<P><STRONG><a name="[9d]"></a>Get_Real_Time</STRONG> (Thumb, 566 bytes, Stack size 152 bytes, uart_sim.o(i.Get_Real_Time))
<BR><BR>[Stack]<UL><LI>Max Depth = 376<LI>Call Chain = Get_Real_Time &rArr; Check_Disconnect_Error &rArr; Transmit_Data_Uart &rArr; HAL_UART_Transmit &rArr; UART_WaitOnFlagUntilTimeout
</UL>
<BR>[Calls]<UL><LI><a href="#[76]">&gt;&gt;</a>&nbsp;&nbsp;&nbsp;Transmit_Data_Uart
<LI><a href="#[77]">&gt;&gt;</a>&nbsp;&nbsp;&nbsp;HAL_GetTick
<LI><a href="#[7a]">&gt;&gt;</a>&nbsp;&nbsp;&nbsp;Delete_Buffer
<LI><a href="#[78]">&gt;&gt;</a>&nbsp;&nbsp;&nbsp;Check_CountBuffer_Complete_Uart3
<LI><a href="#[7c]">&gt;&gt;</a>&nbsp;&nbsp;&nbsp;Check_Disconnect_Error
<LI><a href="#[79]">&gt;&gt;</a>&nbsp;&nbsp;&nbsp;strstr
<LI><a href="#[75]">&gt;&gt;</a>&nbsp;&nbsp;&nbsp;__aeabi_memcpy4
</UL>
<BR>[Called By]<UL><LI><a href="#[e9]">&gt;&gt;</a>&nbsp;&nbsp;&nbsp;SendData_Control_SIM
</UL>

<P><STRONG><a name="[cd]"></a>HAL_DMA_Abort</STRONG> (Thumb, 76 bytes, Stack size 0 bytes, stm32l1xx_hal_dma.o(i.HAL_DMA_Abort))
<BR><BR>[Called By]<UL><LI><a href="#[c8]">&gt;&gt;</a>&nbsp;&nbsp;&nbsp;HAL_UART_IRQHandler
</UL>

<P><STRONG><a name="[cb]"></a>HAL_DMA_Abort_IT</STRONG> (Thumb, 78 bytes, Stack size 8 bytes, stm32l1xx_hal_dma.o(i.HAL_DMA_Abort_IT))
<BR><BR>[Stack]<UL><LI>Max Depth = 8<LI>Call Chain = HAL_DMA_Abort_IT
</UL>
<BR>[Called By]<UL><LI><a href="#[c8]">&gt;&gt;</a>&nbsp;&nbsp;&nbsp;HAL_UART_IRQHandler
</UL>

<P><STRONG><a name="[65]"></a>HAL_Delay</STRONG> (Thumb, 34 bytes, Stack size 16 bytes, stm32l1xx_hal.o(i.HAL_Delay))
<BR><BR>[Stack]<UL><LI>Max Depth = 16<LI>Call Chain = HAL_Delay
</UL>
<BR>[Calls]<UL><LI><a href="#[77]">&gt;&gt;</a>&nbsp;&nbsp;&nbsp;HAL_GetTick
</UL>
<BR>[Called By]<UL><LI><a href="#[63]">&gt;&gt;</a>&nbsp;&nbsp;&nbsp;CLCD_Delay
</UL>

<P><STRONG><a name="[9c]"></a>HAL_FLASHEx_Erase</STRONG> (Thumb, 126 bytes, Stack size 24 bytes, stm32l1xx_hal_flash_ex.o(i.HAL_FLASHEx_Erase))
<BR><BR>[Stack]<UL><LI>Max Depth = 40<LI>Call Chain = HAL_FLASHEx_Erase &rArr; FLASH_WaitForLastOperation
</UL>
<BR>[Calls]<UL><LI><a href="#[9e]">&gt;&gt;</a>&nbsp;&nbsp;&nbsp;FLASH_PageErase
<LI><a href="#[95]">&gt;&gt;</a>&nbsp;&nbsp;&nbsp;FLASH_WaitForLastOperation
</UL>
<BR>[Called By]<UL><LI><a href="#[72]">&gt;&gt;</a>&nbsp;&nbsp;&nbsp;FLASH_WritePage
<LI><a href="#[9b]">&gt;&gt;</a>&nbsp;&nbsp;&nbsp;FLASH_WriteNews_Earse
</UL>

<P><STRONG><a name="[9a]"></a>HAL_FLASH_Lock</STRONG> (Thumb, 14 bytes, Stack size 0 bytes, stm32l1xx_hal_flash.o(i.HAL_FLASH_Lock))
<BR><BR>[Called By]<UL><LI><a href="#[72]">&gt;&gt;</a>&nbsp;&nbsp;&nbsp;FLASH_WritePage
<LI><a href="#[9b]">&gt;&gt;</a>&nbsp;&nbsp;&nbsp;FLASH_WriteNews_Earse
<LI><a href="#[97]">&gt;&gt;</a>&nbsp;&nbsp;&nbsp;FLASH_WriteNews
</UL>

<P><STRONG><a name="[99]"></a>HAL_FLASH_Program</STRONG> (Thumb, 58 bytes, Stack size 24 bytes, stm32l1xx_hal_flash.o(i.HAL_FLASH_Program))
<BR><BR>[Stack]<UL><LI>Max Depth = 40<LI>Call Chain = HAL_FLASH_Program &rArr; FLASH_WaitForLastOperation
</UL>
<BR>[Calls]<UL><LI><a href="#[95]">&gt;&gt;</a>&nbsp;&nbsp;&nbsp;FLASH_WaitForLastOperation
</UL>
<BR>[Called By]<UL><LI><a href="#[72]">&gt;&gt;</a>&nbsp;&nbsp;&nbsp;FLASH_WritePage
<LI><a href="#[9b]">&gt;&gt;</a>&nbsp;&nbsp;&nbsp;FLASH_WriteNews_Earse
<LI><a href="#[97]">&gt;&gt;</a>&nbsp;&nbsp;&nbsp;FLASH_WriteNews
</UL>

<P><STRONG><a name="[98]"></a>HAL_FLASH_Unlock</STRONG> (Thumb, 66 bytes, Stack size 0 bytes, stm32l1xx_hal_flash.o(i.HAL_FLASH_Unlock))
<BR><BR>[Called By]<UL><LI><a href="#[72]">&gt;&gt;</a>&nbsp;&nbsp;&nbsp;FLASH_WritePage
<LI><a href="#[9b]">&gt;&gt;</a>&nbsp;&nbsp;&nbsp;FLASH_WriteNews_Earse
<LI><a href="#[97]">&gt;&gt;</a>&nbsp;&nbsp;&nbsp;FLASH_WriteNews
</UL>

<P><STRONG><a name="[d5]"></a>HAL_GPIO_Init</STRONG> (Thumb, 512 bytes, Stack size 40 bytes, stm32l1xx_hal_gpio.o(i.HAL_GPIO_Init))
<BR><BR>[Stack]<UL><LI>Max Depth = 40<LI>Call Chain = HAL_GPIO_Init
</UL>
<BR>[Called By]<UL><LI><a href="#[d2]">&gt;&gt;</a>&nbsp;&nbsp;&nbsp;HAL_UART_MspInit
<LI><a href="#[df]">&gt;&gt;</a>&nbsp;&nbsp;&nbsp;MX_GPIO_Init
</UL>

<P><STRONG><a name="[61]"></a>HAL_GPIO_ReadPin</STRONG> (Thumb, 14 bytes, Stack size 0 bytes, stm32l1xx_hal_gpio.o(i.HAL_GPIO_ReadPin))
<BR><BR>[Called By]<UL><LI><a href="#[5a]">&gt;&gt;</a>&nbsp;&nbsp;&nbsp;BT_Press_Hold_Up
<LI><a href="#[5f]">&gt;&gt;</a>&nbsp;&nbsp;&nbsp;BT_Press_Hold_Esc
<LI><a href="#[5b]">&gt;&gt;</a>&nbsp;&nbsp;&nbsp;BT_Press_Hold_Down
<LI><a href="#[70]">&gt;&gt;</a>&nbsp;&nbsp;&nbsp;Check_BT_UP
<LI><a href="#[6f]">&gt;&gt;</a>&nbsp;&nbsp;&nbsp;Check_BT_ESC
<LI><a href="#[6e]">&gt;&gt;</a>&nbsp;&nbsp;&nbsp;Check_BT_ENTER
<LI><a href="#[71]">&gt;&gt;</a>&nbsp;&nbsp;&nbsp;Check_BT_DOWN
</UL>

<P><STRONG><a name="[68]"></a>HAL_GPIO_WritePin</STRONG> (Thumb, 14 bytes, Stack size 0 bytes, stm32l1xx_hal_gpio.o(i.HAL_GPIO_WritePin))
<BR><BR>[Called By]<UL><LI><a href="#[f4]">&gt;&gt;</a>&nbsp;&nbsp;&nbsp;Setup_On_Off_Sim
<LI><a href="#[83]">&gt;&gt;</a>&nbsp;&nbsp;&nbsp;Reset_Relay_Led
<LI><a href="#[67]">&gt;&gt;</a>&nbsp;&nbsp;&nbsp;CLCD_Write8
<LI><a href="#[64]">&gt;&gt;</a>&nbsp;&nbsp;&nbsp;CLCD_Write4
<LI><a href="#[df]">&gt;&gt;</a>&nbsp;&nbsp;&nbsp;MX_GPIO_Init
<LI><a href="#[ef]">&gt;&gt;</a>&nbsp;&nbsp;&nbsp;Receive_Control_Setup
</UL>

<P><STRONG><a name="[77]"></a>HAL_GetTick</STRONG> (Thumb, 6 bytes, Stack size 0 bytes, stm32l1xx_hal.o(i.HAL_GetTick))
<BR><BR>[Called By]<UL><LI><a href="#[85]">&gt;&gt;</a>&nbsp;&nbsp;&nbsp;HAL_UART_Transmit
<LI><a href="#[78]">&gt;&gt;</a>&nbsp;&nbsp;&nbsp;Check_CountBuffer_Complete_Uart3
<LI><a href="#[7b]">&gt;&gt;</a>&nbsp;&nbsp;&nbsp;Check_CountBuffer_Complete_Uart1
<LI><a href="#[87]">&gt;&gt;</a>&nbsp;&nbsp;&nbsp;Setup_SIM
<LI><a href="#[9d]">&gt;&gt;</a>&nbsp;&nbsp;&nbsp;Get_Real_Time
<LI><a href="#[80]">&gt;&gt;</a>&nbsp;&nbsp;&nbsp;Connect_Server_SIM
<LI><a href="#[86]">&gt;&gt;</a>&nbsp;&nbsp;&nbsp;Config_SIM_In_While
<LI><a href="#[74]">&gt;&gt;</a>&nbsp;&nbsp;&nbsp;Check_Command_No_Delay
<LI><a href="#[65]">&gt;&gt;</a>&nbsp;&nbsp;&nbsp;HAL_Delay
<LI><a href="#[ab]">&gt;&gt;</a>&nbsp;&nbsp;&nbsp;HAL_RCC_OscConfig
<LI><a href="#[a6]">&gt;&gt;</a>&nbsp;&nbsp;&nbsp;HAL_RCC_ClockConfig
<LI><a href="#[a5]">&gt;&gt;</a>&nbsp;&nbsp;&nbsp;HAL_RCCEx_PeriphCLKConfig
<LI><a href="#[f1]">&gt;&gt;</a>&nbsp;&nbsp;&nbsp;SendData_Server
<LI><a href="#[91]">&gt;&gt;</a>&nbsp;&nbsp;&nbsp;Error_Cipsend
<LI><a href="#[95]">&gt;&gt;</a>&nbsp;&nbsp;&nbsp;FLASH_WaitForLastOperation
<LI><a href="#[b2]">&gt;&gt;</a>&nbsp;&nbsp;&nbsp;RTC_EnterInitMode
<LI><a href="#[b3]">&gt;&gt;</a>&nbsp;&nbsp;&nbsp;HAL_RTC_WaitForSynchro
<LI><a href="#[d9]">&gt;&gt;</a>&nbsp;&nbsp;&nbsp;UART_WaitOnFlagUntilTimeout
</UL>

<P><STRONG><a name="[f5]"></a>HAL_IncTick</STRONG> (Thumb, 12 bytes, Stack size 0 bytes, stm32l1xx_hal.o(i.HAL_IncTick))
<BR><BR>[Called By]<UL><LI><a href="#[9]">&gt;&gt;</a>&nbsp;&nbsp;&nbsp;SysTick_Handler
</UL>

<P><STRONG><a name="[9f]"></a>HAL_Init</STRONG> (Thumb, 30 bytes, Stack size 8 bytes, stm32l1xx_hal.o(i.HAL_Init))
<BR><BR>[Stack]<UL><LI>Max Depth = 28<LI>Call Chain = HAL_Init &rArr; HAL_InitTick &rArr; HAL_NVIC_SetPriority
</UL>
<BR>[Calls]<UL><LI><a href="#[a2]">&gt;&gt;</a>&nbsp;&nbsp;&nbsp;HAL_MspInit
<LI><a href="#[a1]">&gt;&gt;</a>&nbsp;&nbsp;&nbsp;HAL_InitTick
<LI><a href="#[a0]">&gt;&gt;</a>&nbsp;&nbsp;&nbsp;HAL_NVIC_SetPriorityGrouping
</UL>
<BR>[Called By]<UL><LI><a href="#[3e]">&gt;&gt;</a>&nbsp;&nbsp;&nbsp;main
</UL>

<P><STRONG><a name="[a1]"></a>HAL_InitTick</STRONG> (Thumb, 68 bytes, Stack size 16 bytes, stm32l1xx_hal.o(i.HAL_InitTick))
<BR><BR>[Stack]<UL><LI>Max Depth = 20<LI>Call Chain = HAL_InitTick &rArr; HAL_NVIC_SetPriority
</UL>
<BR>[Calls]<UL><LI><a href="#[a4]">&gt;&gt;</a>&nbsp;&nbsp;&nbsp;HAL_NVIC_SetPriority
<LI><a href="#[a3]">&gt;&gt;</a>&nbsp;&nbsp;&nbsp;HAL_SYSTICK_Config
</UL>
<BR>[Called By]<UL><LI><a href="#[ab]">&gt;&gt;</a>&nbsp;&nbsp;&nbsp;HAL_RCC_OscConfig
<LI><a href="#[a6]">&gt;&gt;</a>&nbsp;&nbsp;&nbsp;HAL_RCC_ClockConfig
<LI><a href="#[9f]">&gt;&gt;</a>&nbsp;&nbsp;&nbsp;HAL_Init
</UL>

<P><STRONG><a name="[a2]"></a>HAL_MspInit</STRONG> (Thumb, 88 bytes, Stack size 8 bytes, stm32l1xx_hal_msp.o(i.HAL_MspInit))
<BR><BR>[Stack]<UL><LI>Max Depth = 8<LI>Call Chain = HAL_MspInit
</UL>
<BR>[Called By]<UL><LI><a href="#[9f]">&gt;&gt;</a>&nbsp;&nbsp;&nbsp;HAL_Init
</UL>

<P><STRONG><a name="[bc]"></a>HAL_NVIC_EnableIRQ</STRONG> (Thumb, 28 bytes, Stack size 0 bytes, stm32l1xx_hal_cortex.o(i.HAL_NVIC_EnableIRQ))
<BR><BR>[Called By]<UL><LI><a href="#[d2]">&gt;&gt;</a>&nbsp;&nbsp;&nbsp;HAL_UART_MspInit
<LI><a href="#[ba]">&gt;&gt;</a>&nbsp;&nbsp;&nbsp;HAL_TIM_Base_MspInit
</UL>

<P><STRONG><a name="[a4]"></a>HAL_NVIC_SetPriority</STRONG> (Thumb, 98 bytes, Stack size 4 bytes, stm32l1xx_hal_cortex.o(i.HAL_NVIC_SetPriority))
<BR><BR>[Stack]<UL><LI>Max Depth = 4<LI>Call Chain = HAL_NVIC_SetPriority
</UL>
<BR>[Called By]<UL><LI><a href="#[d2]">&gt;&gt;</a>&nbsp;&nbsp;&nbsp;HAL_UART_MspInit
<LI><a href="#[ba]">&gt;&gt;</a>&nbsp;&nbsp;&nbsp;HAL_TIM_Base_MspInit
<LI><a href="#[a1]">&gt;&gt;</a>&nbsp;&nbsp;&nbsp;HAL_InitTick
</UL>

<P><STRONG><a name="[a0]"></a>HAL_NVIC_SetPriorityGrouping</STRONG> (Thumb, 30 bytes, Stack size 0 bytes, stm32l1xx_hal_cortex.o(i.HAL_NVIC_SetPriorityGrouping))
<BR><BR>[Called By]<UL><LI><a href="#[9f]">&gt;&gt;</a>&nbsp;&nbsp;&nbsp;HAL_Init
</UL>

<P><STRONG><a name="[a5]"></a>HAL_RCCEx_PeriphCLKConfig</STRONG> (Thumb, 320 bytes, Stack size 40 bytes, stm32l1xx_hal_rcc_ex.o(i.HAL_RCCEx_PeriphCLKConfig))
<BR><BR>[Stack]<UL><LI>Max Depth = 40<LI>Call Chain = HAL_RCCEx_PeriphCLKConfig
</UL>
<BR>[Calls]<UL><LI><a href="#[77]">&gt;&gt;</a>&nbsp;&nbsp;&nbsp;HAL_GetTick
</UL>
<BR>[Called By]<UL><LI><a href="#[f6]">&gt;&gt;</a>&nbsp;&nbsp;&nbsp;SystemClock_Config
</UL>

<P><STRONG><a name="[a6]"></a>HAL_RCC_ClockConfig</STRONG> (Thumb, 502 bytes, Stack size 32 bytes, stm32l1xx_hal_rcc.o(i.HAL_RCC_ClockConfig))
<BR><BR>[Stack]<UL><LI>Max Depth = 80<LI>Call Chain = HAL_RCC_ClockConfig &rArr; HAL_RCC_GetSysClockFreq &rArr; __aeabi_uldivmod
</UL>
<BR>[Calls]<UL><LI><a href="#[77]">&gt;&gt;</a>&nbsp;&nbsp;&nbsp;HAL_GetTick
<LI><a href="#[a7]">&gt;&gt;</a>&nbsp;&nbsp;&nbsp;HAL_RCC_GetSysClockFreq
<LI><a href="#[a1]">&gt;&gt;</a>&nbsp;&nbsp;&nbsp;HAL_InitTick
</UL>
<BR>[Called By]<UL><LI><a href="#[f6]">&gt;&gt;</a>&nbsp;&nbsp;&nbsp;SystemClock_Config
</UL>

<P><STRONG><a name="[a9]"></a>HAL_RCC_GetHCLKFreq</STRONG> (Thumb, 6 bytes, Stack size 0 bytes, stm32l1xx_hal_rcc.o(i.HAL_RCC_GetHCLKFreq))
<BR><BR>[Called By]<UL><LI><a href="#[aa]">&gt;&gt;</a>&nbsp;&nbsp;&nbsp;HAL_RCC_GetPCLK2Freq
<LI><a href="#[a8]">&gt;&gt;</a>&nbsp;&nbsp;&nbsp;HAL_RCC_GetPCLK1Freq
</UL>

<P><STRONG><a name="[a8]"></a>HAL_RCC_GetPCLK1Freq</STRONG> (Thumb, 22 bytes, Stack size 4 bytes, stm32l1xx_hal_rcc.o(i.HAL_RCC_GetPCLK1Freq))
<BR><BR>[Stack]<UL><LI>Max Depth = 4<LI>Call Chain = HAL_RCC_GetPCLK1Freq
</UL>
<BR>[Calls]<UL><LI><a href="#[a9]">&gt;&gt;</a>&nbsp;&nbsp;&nbsp;HAL_RCC_GetHCLKFreq
</UL>
<BR>[Called By]<UL><LI><a href="#[d3]">&gt;&gt;</a>&nbsp;&nbsp;&nbsp;UART_SetConfig
</UL>

<P><STRONG><a name="[aa]"></a>HAL_RCC_GetPCLK2Freq</STRONG> (Thumb, 22 bytes, Stack size 4 bytes, stm32l1xx_hal_rcc.o(i.HAL_RCC_GetPCLK2Freq))
<BR><BR>[Stack]<UL><LI>Max Depth = 4<LI>Call Chain = HAL_RCC_GetPCLK2Freq
</UL>
<BR>[Calls]<UL><LI><a href="#[a9]">&gt;&gt;</a>&nbsp;&nbsp;&nbsp;HAL_RCC_GetHCLKFreq
</UL>
<BR>[Called By]<UL><LI><a href="#[d3]">&gt;&gt;</a>&nbsp;&nbsp;&nbsp;UART_SetConfig
</UL>

<P><STRONG><a name="[a7]"></a>HAL_RCC_GetSysClockFreq</STRONG> (Thumb, 98 bytes, Stack size 8 bytes, stm32l1xx_hal_rcc.o(i.HAL_RCC_GetSysClockFreq))
<BR><BR>[Stack]<UL><LI>Max Depth = 48<LI>Call Chain = HAL_RCC_GetSysClockFreq &rArr; __aeabi_uldivmod
</UL>
<BR>[Calls]<UL><LI><a href="#[44]">&gt;&gt;</a>&nbsp;&nbsp;&nbsp;__aeabi_uldivmod
</UL>
<BR>[Called By]<UL><LI><a href="#[a6]">&gt;&gt;</a>&nbsp;&nbsp;&nbsp;HAL_RCC_ClockConfig
</UL>

<P><STRONG><a name="[ab]"></a>HAL_RCC_OscConfig</STRONG> (Thumb, 1498 bytes, Stack size 48 bytes, stm32l1xx_hal_rcc.o(i.HAL_RCC_OscConfig))
<BR><BR>[Stack]<UL><LI>Max Depth = 68<LI>Call Chain = HAL_RCC_OscConfig &rArr; HAL_InitTick &rArr; HAL_NVIC_SetPriority
</UL>
<BR>[Calls]<UL><LI><a href="#[77]">&gt;&gt;</a>&nbsp;&nbsp;&nbsp;HAL_GetTick
<LI><a href="#[ac]">&gt;&gt;</a>&nbsp;&nbsp;&nbsp;RCC_SetFlashLatencyFromMSIRange
<LI><a href="#[a1]">&gt;&gt;</a>&nbsp;&nbsp;&nbsp;HAL_InitTick
</UL>
<BR>[Called By]<UL><LI><a href="#[f6]">&gt;&gt;</a>&nbsp;&nbsp;&nbsp;SystemClock_Config
</UL>

<P><STRONG><a name="[e2]"></a>HAL_RTCEx_BKUPRead</STRONG> (Thumb, 12 bytes, Stack size 0 bytes, stm32l1xx_hal_rtc_ex.o(i.HAL_RTCEx_BKUPRead))
<BR><BR>[Called By]<UL><LI><a href="#[e0]">&gt;&gt;</a>&nbsp;&nbsp;&nbsp;MX_RTC_Init
</UL>

<P><STRONG><a name="[e3]"></a>HAL_RTCEx_BKUPWrite</STRONG> (Thumb, 12 bytes, Stack size 0 bytes, stm32l1xx_hal_rtc_ex.o(i.HAL_RTCEx_BKUPWrite))
<BR><BR>[Called By]<UL><LI><a href="#[e0]">&gt;&gt;</a>&nbsp;&nbsp;&nbsp;MX_RTC_Init
</UL>

<P><STRONG><a name="[ad]"></a>HAL_RTC_GetDate</STRONG> (Thumb, 72 bytes, Stack size 4 bytes, stm32l1xx_hal_rtc.o(i.HAL_RTC_GetDate))
<BR><BR>[Stack]<UL><LI>Max Depth = 4<LI>Call Chain = HAL_RTC_GetDate
</UL>
<BR>[Calls]<UL><LI><a href="#[ae]">&gt;&gt;</a>&nbsp;&nbsp;&nbsp;RTC_Bcd2ToByte
</UL>
<BR>[Called By]<UL><LI><a href="#[f7]">&gt;&gt;</a>&nbsp;&nbsp;&nbsp;Time_Current
</UL>

<P><STRONG><a name="[af]"></a>HAL_RTC_GetTime</STRONG> (Thumb, 90 bytes, Stack size 4 bytes, stm32l1xx_hal_rtc.o(i.HAL_RTC_GetTime))
<BR><BR>[Stack]<UL><LI>Max Depth = 4<LI>Call Chain = HAL_RTC_GetTime
</UL>
<BR>[Calls]<UL><LI><a href="#[ae]">&gt;&gt;</a>&nbsp;&nbsp;&nbsp;RTC_Bcd2ToByte
</UL>
<BR>[Called By]<UL><LI><a href="#[f7]">&gt;&gt;</a>&nbsp;&nbsp;&nbsp;Time_Current
</UL>

<P><STRONG><a name="[b0]"></a>HAL_RTC_Init</STRONG> (Thumb, 186 bytes, Stack size 16 bytes, stm32l1xx_hal_rtc.o(i.HAL_RTC_Init))
<BR><BR>[Stack]<UL><LI>Max Depth = 32<LI>Call Chain = HAL_RTC_Init &rArr; RTC_EnterInitMode
</UL>
<BR>[Calls]<UL><LI><a href="#[b1]">&gt;&gt;</a>&nbsp;&nbsp;&nbsp;HAL_RTC_MspInit
<LI><a href="#[b2]">&gt;&gt;</a>&nbsp;&nbsp;&nbsp;RTC_EnterInitMode
<LI><a href="#[b3]">&gt;&gt;</a>&nbsp;&nbsp;&nbsp;HAL_RTC_WaitForSynchro
</UL>
<BR>[Called By]<UL><LI><a href="#[e0]">&gt;&gt;</a>&nbsp;&nbsp;&nbsp;MX_RTC_Init
</UL>

<P><STRONG><a name="[b1]"></a>HAL_RTC_MspInit</STRONG> (Thumb, 16 bytes, Stack size 0 bytes, stm32l1xx_hal_msp.o(i.HAL_RTC_MspInit))
<BR><BR>[Called By]<UL><LI><a href="#[b0]">&gt;&gt;</a>&nbsp;&nbsp;&nbsp;HAL_RTC_Init
</UL>

<P><STRONG><a name="[b4]"></a>HAL_RTC_SetDate</STRONG> (Thumb, 218 bytes, Stack size 32 bytes, stm32l1xx_hal_rtc.o(i.HAL_RTC_SetDate))
<BR><BR>[Stack]<UL><LI>Max Depth = 48<LI>Call Chain = HAL_RTC_SetDate &rArr; RTC_EnterInitMode
</UL>
<BR>[Calls]<UL><LI><a href="#[b2]">&gt;&gt;</a>&nbsp;&nbsp;&nbsp;RTC_EnterInitMode
<LI><a href="#[b5]">&gt;&gt;</a>&nbsp;&nbsp;&nbsp;RTC_ByteToBcd2
<LI><a href="#[b3]">&gt;&gt;</a>&nbsp;&nbsp;&nbsp;HAL_RTC_WaitForSynchro
</UL>
<BR>[Called By]<UL><LI><a href="#[f2]">&gt;&gt;</a>&nbsp;&nbsp;&nbsp;Set_RTC
<LI><a href="#[e0]">&gt;&gt;</a>&nbsp;&nbsp;&nbsp;MX_RTC_Init
</UL>

<P><STRONG><a name="[b6]"></a>HAL_RTC_SetTime</STRONG> (Thumb, 250 bytes, Stack size 32 bytes, stm32l1xx_hal_rtc.o(i.HAL_RTC_SetTime))
<BR><BR>[Stack]<UL><LI>Max Depth = 48<LI>Call Chain = HAL_RTC_SetTime &rArr; RTC_EnterInitMode
</UL>
<BR>[Calls]<UL><LI><a href="#[b2]">&gt;&gt;</a>&nbsp;&nbsp;&nbsp;RTC_EnterInitMode
<LI><a href="#[b5]">&gt;&gt;</a>&nbsp;&nbsp;&nbsp;RTC_ByteToBcd2
<LI><a href="#[b3]">&gt;&gt;</a>&nbsp;&nbsp;&nbsp;HAL_RTC_WaitForSynchro
</UL>
<BR>[Called By]<UL><LI><a href="#[f2]">&gt;&gt;</a>&nbsp;&nbsp;&nbsp;Set_RTC
<LI><a href="#[e0]">&gt;&gt;</a>&nbsp;&nbsp;&nbsp;MX_RTC_Init
</UL>

<P><STRONG><a name="[b3]"></a>HAL_RTC_WaitForSynchro</STRONG> (Thumb, 68 bytes, Stack size 16 bytes, stm32l1xx_hal_rtc.o(i.HAL_RTC_WaitForSynchro))
<BR><BR>[Stack]<UL><LI>Max Depth = 16<LI>Call Chain = HAL_RTC_WaitForSynchro
</UL>
<BR>[Calls]<UL><LI><a href="#[77]">&gt;&gt;</a>&nbsp;&nbsp;&nbsp;HAL_GetTick
</UL>
<BR>[Called By]<UL><LI><a href="#[b6]">&gt;&gt;</a>&nbsp;&nbsp;&nbsp;HAL_RTC_SetTime
<LI><a href="#[b4]">&gt;&gt;</a>&nbsp;&nbsp;&nbsp;HAL_RTC_SetDate
<LI><a href="#[b0]">&gt;&gt;</a>&nbsp;&nbsp;&nbsp;HAL_RTC_Init
</UL>

<P><STRONG><a name="[b8]"></a>HAL_SYSTICK_Callback</STRONG> (Thumb, 88 bytes, Stack size 0 bytes, check_button.o(i.HAL_SYSTICK_Callback))
<BR><BR>[Called By]<UL><LI><a href="#[b7]">&gt;&gt;</a>&nbsp;&nbsp;&nbsp;HAL_SYSTICK_IRQHandler
</UL>

<P><STRONG><a name="[a3]"></a>HAL_SYSTICK_Config</STRONG> (Thumb, 36 bytes, Stack size 0 bytes, stm32l1xx_hal_cortex.o(i.HAL_SYSTICK_Config))
<BR><BR>[Called By]<UL><LI><a href="#[a1]">&gt;&gt;</a>&nbsp;&nbsp;&nbsp;HAL_InitTick
</UL>

<P><STRONG><a name="[b7]"></a>HAL_SYSTICK_IRQHandler</STRONG> (Thumb, 8 bytes, Stack size 8 bytes, stm32l1xx_hal_cortex.o(i.HAL_SYSTICK_IRQHandler))
<BR><BR>[Stack]<UL><LI>Max Depth = 8<LI>Call Chain = HAL_SYSTICK_IRQHandler
</UL>
<BR>[Calls]<UL><LI><a href="#[b8]">&gt;&gt;</a>&nbsp;&nbsp;&nbsp;HAL_SYSTICK_Callback
</UL>
<BR>[Called By]<UL><LI><a href="#[9]">&gt;&gt;</a>&nbsp;&nbsp;&nbsp;SysTick_Handler
</UL>

<P><STRONG><a name="[e5]"></a>HAL_TIMEx_MasterConfigSynchronization</STRONG> (Thumb, 114 bytes, Stack size 8 bytes, stm32l1xx_hal_tim_ex.o(i.HAL_TIMEx_MasterConfigSynchronization))
<BR><BR>[Stack]<UL><LI>Max Depth = 8<LI>Call Chain = HAL_TIMEx_MasterConfigSynchronization
</UL>
<BR>[Called By]<UL><LI><a href="#[e4]">&gt;&gt;</a>&nbsp;&nbsp;&nbsp;MX_TIM2_Init
</UL>

<P><STRONG><a name="[b9]"></a>HAL_TIM_Base_Init</STRONG> (Thumb, 76 bytes, Stack size 8 bytes, stm32l1xx_hal_tim.o(i.HAL_TIM_Base_Init))
<BR><BR>[Stack]<UL><LI>Max Depth = 28<LI>Call Chain = HAL_TIM_Base_Init &rArr; HAL_TIM_Base_MspInit &rArr; HAL_NVIC_SetPriority
</UL>
<BR>[Calls]<UL><LI><a href="#[ba]">&gt;&gt;</a>&nbsp;&nbsp;&nbsp;HAL_TIM_Base_MspInit
<LI><a href="#[bb]">&gt;&gt;</a>&nbsp;&nbsp;&nbsp;TIM_Base_SetConfig
</UL>
<BR>[Called By]<UL><LI><a href="#[e4]">&gt;&gt;</a>&nbsp;&nbsp;&nbsp;MX_TIM2_Init
</UL>

<P><STRONG><a name="[ba]"></a>HAL_TIM_Base_MspInit</STRONG> (Thumb, 58 bytes, Stack size 16 bytes, stm32l1xx_hal_msp.o(i.HAL_TIM_Base_MspInit))
<BR><BR>[Stack]<UL><LI>Max Depth = 20<LI>Call Chain = HAL_TIM_Base_MspInit &rArr; HAL_NVIC_SetPriority
</UL>
<BR>[Calls]<UL><LI><a href="#[a4]">&gt;&gt;</a>&nbsp;&nbsp;&nbsp;HAL_NVIC_SetPriority
<LI><a href="#[bc]">&gt;&gt;</a>&nbsp;&nbsp;&nbsp;HAL_NVIC_EnableIRQ
</UL>
<BR>[Called By]<UL><LI><a href="#[b9]">&gt;&gt;</a>&nbsp;&nbsp;&nbsp;HAL_TIM_Base_Init
</UL>

<P><STRONG><a name="[105]"></a>HAL_TIM_Base_Start_IT</STRONG> (Thumb, 98 bytes, Stack size 0 bytes, stm32l1xx_hal_tim.o(i.HAL_TIM_Base_Start_IT))
<BR><BR>[Called By]<UL><LI><a href="#[3e]">&gt;&gt;</a>&nbsp;&nbsp;&nbsp;main
</UL>

<P><STRONG><a name="[bd]"></a>HAL_TIM_ConfigClockSource</STRONG> (Thumb, 228 bytes, Stack size 16 bytes, stm32l1xx_hal_tim.o(i.HAL_TIM_ConfigClockSource))
<BR><BR>[Stack]<UL><LI>Max Depth = 16<LI>Call Chain = HAL_TIM_ConfigClockSource
</UL>
<BR>[Calls]<UL><LI><a href="#[c1]">&gt;&gt;</a>&nbsp;&nbsp;&nbsp;TIM_TI2_ConfigInputStage
<LI><a href="#[bf]">&gt;&gt;</a>&nbsp;&nbsp;&nbsp;TIM_TI1_ConfigInputStage
<LI><a href="#[c0]">&gt;&gt;</a>&nbsp;&nbsp;&nbsp;TIM_ITRx_SetConfig
<LI><a href="#[be]">&gt;&gt;</a>&nbsp;&nbsp;&nbsp;TIM_ETR_SetConfig
</UL>
<BR>[Called By]<UL><LI><a href="#[e4]">&gt;&gt;</a>&nbsp;&nbsp;&nbsp;MX_TIM2_Init
</UL>

<P><STRONG><a name="[c3]"></a>HAL_TIM_IC_CaptureCallback</STRONG> (Thumb, 2 bytes, Stack size 0 bytes, stm32l1xx_hal_tim.o(i.HAL_TIM_IC_CaptureCallback))
<BR><BR>[Called By]<UL><LI><a href="#[c2]">&gt;&gt;</a>&nbsp;&nbsp;&nbsp;HAL_TIM_IRQHandler
</UL>

<P><STRONG><a name="[c2]"></a>HAL_TIM_IRQHandler</STRONG> (Thumb, 308 bytes, Stack size 16 bytes, stm32l1xx_hal_tim.o(i.HAL_TIM_IRQHandler))
<BR><BR>[Stack]<UL><LI>Max Depth = 16<LI>Call Chain = HAL_TIM_IRQHandler
</UL>
<BR>[Calls]<UL><LI><a href="#[c6]">&gt;&gt;</a>&nbsp;&nbsp;&nbsp;HAL_TIM_PeriodElapsedCallback
<LI><a href="#[c7]">&gt;&gt;</a>&nbsp;&nbsp;&nbsp;HAL_TIM_TriggerCallback
<LI><a href="#[c5]">&gt;&gt;</a>&nbsp;&nbsp;&nbsp;HAL_TIM_PWM_PulseFinishedCallback
<LI><a href="#[c4]">&gt;&gt;</a>&nbsp;&nbsp;&nbsp;HAL_TIM_OC_DelayElapsedCallback
<LI><a href="#[c3]">&gt;&gt;</a>&nbsp;&nbsp;&nbsp;HAL_TIM_IC_CaptureCallback
</UL>
<BR>[Called By]<UL><LI><a href="#[25]">&gt;&gt;</a>&nbsp;&nbsp;&nbsp;TIM2_IRQHandler
</UL>

<P><STRONG><a name="[c4]"></a>HAL_TIM_OC_DelayElapsedCallback</STRONG> (Thumb, 2 bytes, Stack size 0 bytes, stm32l1xx_hal_tim.o(i.HAL_TIM_OC_DelayElapsedCallback))
<BR><BR>[Called By]<UL><LI><a href="#[c2]">&gt;&gt;</a>&nbsp;&nbsp;&nbsp;HAL_TIM_IRQHandler
</UL>

<P><STRONG><a name="[c5]"></a>HAL_TIM_PWM_PulseFinishedCallback</STRONG> (Thumb, 2 bytes, Stack size 0 bytes, stm32l1xx_hal_tim.o(i.HAL_TIM_PWM_PulseFinishedCallback))
<BR><BR>[Called By]<UL><LI><a href="#[c2]">&gt;&gt;</a>&nbsp;&nbsp;&nbsp;HAL_TIM_IRQHandler
</UL>

<P><STRONG><a name="[c6]"></a>HAL_TIM_PeriodElapsedCallback</STRONG> (Thumb, 22 bytes, Stack size 0 bytes, main.o(i.HAL_TIM_PeriodElapsedCallback))
<BR><BR>[Called By]<UL><LI><a href="#[c2]">&gt;&gt;</a>&nbsp;&nbsp;&nbsp;HAL_TIM_IRQHandler
</UL>

<P><STRONG><a name="[c7]"></a>HAL_TIM_TriggerCallback</STRONG> (Thumb, 2 bytes, Stack size 0 bytes, stm32l1xx_hal_tim.o(i.HAL_TIM_TriggerCallback))
<BR><BR>[Called By]<UL><LI><a href="#[c2]">&gt;&gt;</a>&nbsp;&nbsp;&nbsp;HAL_TIM_IRQHandler
</UL>

<P><STRONG><a name="[ce]"></a>HAL_UARTEx_RxEventCallback</STRONG> (Thumb, 2 bytes, Stack size 0 bytes, stm32l1xx_hal_uart.o(i.HAL_UARTEx_RxEventCallback))
<BR><BR>[Called By]<UL><LI><a href="#[c8]">&gt;&gt;</a>&nbsp;&nbsp;&nbsp;HAL_UART_IRQHandler
<LI><a href="#[c9]">&gt;&gt;</a>&nbsp;&nbsp;&nbsp;UART_Receive_IT
</UL>

<P><STRONG><a name="[cc]"></a>HAL_UART_ErrorCallback</STRONG> (Thumb, 2 bytes, Stack size 0 bytes, stm32l1xx_hal_uart.o(i.HAL_UART_ErrorCallback))
<BR><BR>[Called By]<UL><LI><a href="#[c8]">&gt;&gt;</a>&nbsp;&nbsp;&nbsp;HAL_UART_IRQHandler
<LI><a href="#[41]">&gt;&gt;</a>&nbsp;&nbsp;&nbsp;UART_DMAAbortOnError
</UL>

<P><STRONG><a name="[c8]"></a>HAL_UART_IRQHandler</STRONG> (Thumb, 506 bytes, Stack size 24 bytes, stm32l1xx_hal_uart.o(i.HAL_UART_IRQHandler))
<BR><BR>[Stack]<UL><LI>Max Depth = 40<LI>Call Chain = HAL_UART_IRQHandler &rArr; UART_Receive_IT &rArr; HAL_UART_RxCpltCallback
</UL>
<BR>[Calls]<UL><LI><a href="#[cb]">&gt;&gt;</a>&nbsp;&nbsp;&nbsp;HAL_DMA_Abort_IT
<LI><a href="#[cd]">&gt;&gt;</a>&nbsp;&nbsp;&nbsp;HAL_DMA_Abort
<LI><a href="#[cc]">&gt;&gt;</a>&nbsp;&nbsp;&nbsp;HAL_UART_ErrorCallback
<LI><a href="#[ce]">&gt;&gt;</a>&nbsp;&nbsp;&nbsp;HAL_UARTEx_RxEventCallback
<LI><a href="#[cf]">&gt;&gt;</a>&nbsp;&nbsp;&nbsp;UART_Transmit_IT
[...]
<BR><BR>[Stack]<UL><LI>Max Depth = 16<LI>Call Chain = UintTime_To_CharTime_HH_MM_SS
</UL>
<BR>[Calls]<UL><LI><a href="#[fb]">&gt;&gt;</a>&nbsp;&nbsp;&nbsp;Variable_To_Char_Time
</UL>
<BR>[Called By]<UL><LI><a href="#[8c]">&gt;&gt;</a>&nbsp;&nbsp;&nbsp;Display_Time
</UL>

<P><STRONG><a name="[5d]"></a>UintTime_To_CharTime_T1_T2_T3</STRONG> (Thumb, 34 bytes, Stack size 16 bytes, user_lcd_object.o(i.UintTime_To_CharTime_T1_T2_T3))
<BR><BR>[Stack]<UL><LI>Max Depth = 32<LI>Call Chain = UintTime_To_CharTime_T1_T2_T3 &rArr; Variable_To_Char
</UL>
<BR>[Calls]<UL><LI><a href="#[fc]">&gt;&gt;</a>&nbsp;&nbsp;&nbsp;Variable_To_Char
</UL>
<BR>[Called By]<UL><LI><a href="#[60]">&gt;&gt;</a>&nbsp;&nbsp;&nbsp;Run_Begin
<LI><a href="#[57]">&gt;&gt;</a>&nbsp;&nbsp;&nbsp;BT_Check_Up_Down
</UL>

<P><STRONG><a name="[fd]"></a>Uint_To_Char_Sim</STRONG> (Thumb, 72 bytes, Stack size 20 bytes, convert_variable.o(i.Uint_To_Char_Sim))
<BR><BR>[Stack]<UL><LI>Max Depth = 20<LI>Call Chain = Uint_To_Char_Sim
</UL>
<BR>[Called By]<UL><LI><a href="#[eb]">&gt;&gt;</a>&nbsp;&nbsp;&nbsp;Write_Data_News
</UL>

<P><STRONG><a name="[5]"></a>UsageFault_Handler</STRONG> (Thumb, 4 bytes, Stack size 0 bytes, stm32l1xx_it.o(i.UsageFault_Handler))
<BR>[Address Reference Count : 1]<UL><LI> startup_stm32l151xc.o(RESET)
</UL>
<P><STRONG><a name="[fc]"></a>Variable_To_Char</STRONG> (Thumb, 62 bytes, Stack size 16 bytes, convert_variable.o(i.Variable_To_Char))
<BR><BR>[Stack]<UL><LI>Max Depth = 16<LI>Call Chain = Variable_To_Char
</UL>
<BR>[Called By]<UL><LI><a href="#[5d]">&gt;&gt;</a>&nbsp;&nbsp;&nbsp;UintTime_To_CharTime_T1_T2_T3
</UL>

<P><STRONG><a name="[fb]"></a>Variable_To_Char_Time</STRONG> (Thumb, 46 bytes, Stack size 0 bytes, convert_variable.o(i.Variable_To_Char_Time))
<BR><BR>[Called By]<UL><LI><a href="#[8f]">&gt;&gt;</a>&nbsp;&nbsp;&nbsp;UintTime_To_CharTime_HH_MM_SS
</UL>

<P><STRONG><a name="[eb]"></a>Write_Data_News</STRONG> (Thumb, 374 bytes, Stack size 24 bytes, user_sim.o(i.Write_Data_News))
<BR><BR>[Stack]<UL><LI>Max Depth = 44<LI>Call Chain = Write_Data_News &rArr; Uint_To_Char_Sim
</UL>
<BR>[Calls]<UL><LI><a href="#[fd]">&gt;&gt;</a>&nbsp;&nbsp;&nbsp;Uint_To_Char_Sim
</UL>
<BR>[Called By]<UL><LI><a href="#[ea]">&gt;&gt;</a>&nbsp;&nbsp;&nbsp;Packing_News
</UL>

<P><STRONG><a name="[10b]"></a>__ARM_fpclassify</STRONG> (Thumb, 40 bytes, Stack size 0 bytes, fpclassify.o(i.__ARM_fpclassify))
<BR><BR>[Called By]<UL><LI><a href="#[6c]">&gt;&gt;</a>&nbsp;&nbsp;&nbsp;pow
</UL>

<P><STRONG><a name="[fe]"></a>__kernel_poly</STRONG> (Thumb, 170 bytes, Stack size 24 bytes, poly.o(i.__kernel_poly))
<BR><BR>[Stack]<UL><LI>Max Depth = 112<LI>Call Chain = __kernel_poly &rArr; __aeabi_dmul &rArr; _double_epilogue &rArr; _double_round
</UL>
<BR>[Calls]<UL><LI><a href="#[50]">&gt;&gt;</a>&nbsp;&nbsp;&nbsp;__aeabi_dmul
<LI><a href="#[4a]">&gt;&gt;</a>&nbsp;&nbsp;&nbsp;__aeabi_dadd
</UL>
<BR>[Called By]<UL><LI><a href="#[6c]">&gt;&gt;</a>&nbsp;&nbsp;&nbsp;pow
</UL>

<P><STRONG><a name="[ff]"></a>__mathlib_dbl_divzero</STRONG> (Thumb, 12 bytes, Stack size 0 bytes, dunder.o(i.__mathlib_dbl_divzero))
<BR><BR>[Stack]<UL><LI>Max Depth = 40<LI>Call Chain = __mathlib_dbl_divzero &rArr; __aeabi_ddiv &rArr; _double_round
</UL>
<BR>[Calls]<UL><LI><a href="#[51]">&gt;&gt;</a>&nbsp;&nbsp;&nbsp;__aeabi_ddiv
</UL>
<BR>[Called By]<UL><LI><a href="#[6c]">&gt;&gt;</a>&nbsp;&nbsp;&nbsp;pow
</UL>

<P><STRONG><a name="[100]"></a>__mathlib_dbl_infnan2</STRONG> (Thumb, 4 bytes, Stack size 0 bytes, dunder.o(i.__mathlib_dbl_infnan2))
<BR><BR>[Stack]<UL><LI>Max Depth = 88<LI>Call Chain = __mathlib_dbl_infnan2 &rArr; __aeabi_dadd &rArr; _double_epilogue &rArr; _double_round
</UL>
<BR>[Calls]<UL><LI><a href="#[4a]">&gt;&gt;</a>&nbsp;&nbsp;&nbsp;__aeabi_dadd
</UL>
<BR>[Called By]<UL><LI><a href="#[6c]">&gt;&gt;</a>&nbsp;&nbsp;&nbsp;pow
</UL>

<P><STRONG><a name="[101]"></a>__mathlib_dbl_invalid</STRONG> (Thumb, 12 bytes, Stack size 0 bytes, dunder.o(i.__mathlib_dbl_invalid))
<BR><BR>[Stack]<UL><LI>Max Depth = 40<LI>Call Chain = __mathlib_dbl_invalid &rArr; __aeabi_ddiv &rArr; _double_round
</UL>
<BR>[Calls]<UL><LI><a href="#[51]">&gt;&gt;</a>&nbsp;&nbsp;&nbsp;__aeabi_ddiv
</UL>
<BR>[Called By]<UL><LI><a href="#[6c]">&gt;&gt;</a>&nbsp;&nbsp;&nbsp;pow
</UL>

<P><STRONG><a name="[102]"></a>__mathlib_dbl_overflow</STRONG> (Thumb, 14 bytes, Stack size 0 bytes, dunder.o(i.__mathlib_dbl_overflow))
<BR><BR>[Stack]<UL><LI>Max Depth = 16<LI>Call Chain = __mathlib_dbl_overflow &rArr; __ARM_scalbn
</UL>
<BR>[Calls]<UL><LI><a href="#[103]">&gt;&gt;</a>&nbsp;&nbsp;&nbsp;__ARM_scalbn
</UL>
<BR>[Called By]<UL><LI><a href="#[6c]">&gt;&gt;</a>&nbsp;&nbsp;&nbsp;pow
</UL>

<P><STRONG><a name="[104]"></a>__mathlib_dbl_underflow</STRONG> (Thumb, 10 bytes, Stack size 0 bytes, dunder.o(i.__mathlib_dbl_underflow))
<BR><BR>[Stack]<UL><LI>Max Depth = 16<LI>Call Chain = __mathlib_dbl_underflow &rArr; __ARM_scalbn
</UL>
<BR>[Calls]<UL><LI><a href="#[103]">&gt;&gt;</a>&nbsp;&nbsp;&nbsp;__ARM_scalbn
</UL>
<BR>[Called By]<UL><LI><a href="#[6c]">&gt;&gt;</a>&nbsp;&nbsp;&nbsp;pow
</UL>

<P><STRONG><a name="[11f]"></a>__scatterload_copy</STRONG> (Thumb, 14 bytes, Stack size unknown bytes, handlers.o(i.__scatterload_copy), UNUSED)

<P><STRONG><a name="[120]"></a>__scatterload_null</STRONG> (Thumb, 2 bytes, Stack size unknown bytes, handlers.o(i.__scatterload_null), UNUSED)

<P><STRONG><a name="[121]"></a>__scatterload_zeroinit</STRONG> (Thumb, 14 bytes, Stack size unknown bytes, handlers.o(i.__scatterload_zeroinit), UNUSED)

<P><STRONG><a name="[108]"></a>__set_errno</STRONG> (Thumb, 6 bytes, Stack size 0 bytes, errno.o(i.__set_errno))
<BR><BR>[Called By]<UL><LI><a href="#[109]">&gt;&gt;</a>&nbsp;&nbsp;&nbsp;sqrt
<LI><a href="#[6c]">&gt;&gt;</a>&nbsp;&nbsp;&nbsp;pow
</UL>

<P><STRONG><a name="[94]"></a>free</STRONG> (Thumb, 76 bytes, Stack size 8 bytes, malloc.o(i.free))
<BR><BR>[Stack]<UL><LI>Max Depth = 8<LI>Call Chain = free
</UL>
<BR>[Called By]<UL><LI><a href="#[9b]">&gt;&gt;</a>&nbsp;&nbsp;&nbsp;FLASH_WriteNews_Earse
<LI><a href="#[97]">&gt;&gt;</a>&nbsp;&nbsp;&nbsp;FLASH_WriteNews
<LI><a href="#[92]">&gt;&gt;</a>&nbsp;&nbsp;&nbsp;FLASH_ReadNews
</UL>

<P><STRONG><a name="[3e]"></a>main</STRONG> (Thumb, 272 bytes, Stack size 48 bytes, main.o(i.main))
<BR><BR>[Stack]<UL><LI>Max Depth = 624<LI>Call Chain = main &rArr; Module_SIM &rArr; SendData_Control_SIM &rArr; Receive_Control_Setup &rArr; Receive_SMS_Setup &rArr; Char_To_Uint &rArr; pow &rArr; __kernel_poly &rArr; __aeabi_dmul &rArr; _double_epilogue &rArr; _double_round
</UL>
<BR>[Calls]<UL><LI><a href="#[6a]">&gt;&gt;</a>&nbsp;&nbsp;&nbsp;CLCD_WriteString
<LI><a href="#[66]">&gt;&gt;</a>&nbsp;&nbsp;&nbsp;CLCD_SetCursor
<LI><a href="#[62]">&gt;&gt;</a>&nbsp;&nbsp;&nbsp;CLCD_4BIT_Init
<LI><a href="#[d6]">&gt;&gt;</a>&nbsp;&nbsp;&nbsp;HAL_UART_Receive_IT
<LI><a href="#[105]">&gt;&gt;</a>&nbsp;&nbsp;&nbsp;HAL_TIM_Base_Start_IT
<LI><a href="#[9f]">&gt;&gt;</a>&nbsp;&nbsp;&nbsp;HAL_Init
<LI><a href="#[f7]">&gt;&gt;</a>&nbsp;&nbsp;&nbsp;Time_Current
<LI><a href="#[f6]">&gt;&gt;</a>&nbsp;&nbsp;&nbsp;SystemClock_Config
<LI><a href="#[107]">&gt;&gt;</a>&nbsp;&nbsp;&nbsp;Run_Feed_Shrimp
<LI><a href="#[ed]">&gt;&gt;</a>&nbsp;&nbsp;&nbsp;Read_Flash
<LI><a href="#[e8]">&gt;&gt;</a>&nbsp;&nbsp;&nbsp;Module_SIM
<LI><a href="#[8c]">&gt;&gt;</a>&nbsp;&nbsp;&nbsp;Display_Time
<LI><a href="#[82]">&gt;&gt;</a>&nbsp;&nbsp;&nbsp;Check_Test
<LI><a href="#[6d]">&gt;&gt;</a>&nbsp;&nbsp;&nbsp;Check_BT_Callback
<LI><a href="#[e7]">&gt;&gt;</a>&nbsp;&nbsp;&nbsp;MX_USART3_UART_Init
<LI><a href="#[e6]">&gt;&gt;</a>&nbsp;&nbsp;&nbsp;MX_USART1_UART_Init
<LI><a href="#[e4]">&gt;&gt;</a>&nbsp;&nbsp;&nbsp;MX_TIM2_Init
<LI><a href="#[e0]">&gt;&gt;</a>&nbsp;&nbsp;&nbsp;MX_RTC_Init
<LI><a href="#[df]">&gt;&gt;</a>&nbsp;&nbsp;&nbsp;MX_GPIO_Init
<LI><a href="#[fa]">&gt;&gt;</a>&nbsp;&nbsp;&nbsp;USER_LCD_Display_Setup
<LI><a href="#[106]">&gt;&gt;</a>&nbsp;&nbsp;&nbsp;USER_LCD_Display_Running_OR_Setup
<LI><a href="#[f9]">&gt;&gt;</a>&nbsp;&nbsp;&nbsp;USER_LCD_Display_Running
<LI><a href="#[60]">&gt;&gt;</a>&nbsp;&nbsp;&nbsp;Run_Begin
<LI><a href="#[5e]">&gt;&gt;</a>&nbsp;&nbsp;&nbsp;BT_Esc_Exit_Setup
<LI><a href="#[57]">&gt;&gt;</a>&nbsp;&nbsp;&nbsp;BT_Check_Up_Down
</UL>
<BR>[Address Reference Count : 1]<UL><LI> entry9a.o(.ARM.Collect$$$$0000000B)
</UL>
<P><STRONG><a name="[93]"></a>malloc</STRONG> (Thumb, 92 bytes, Stack size 20 bytes, malloc.o(i.malloc))
<BR><BR>[Stack]<UL><LI>Max Depth = 20<LI>Call Chain = malloc
</UL>
<BR>[Called By]<UL><LI><a href="#[9b]">&gt;&gt;</a>&nbsp;&nbsp;&nbsp;FLASH_WriteNews_Earse
<LI><a href="#[97]">&gt;&gt;</a>&nbsp;&nbsp;&nbsp;FLASH_WriteNews
<LI><a href="#[92]">&gt;&gt;</a>&nbsp;&nbsp;&nbsp;FLASH_ReadNews
</UL>

<P><STRONG><a name="[6c]"></a>pow</STRONG> (Thumb, 2512 bytes, Stack size 128 bytes, pow.o(i.pow))
<BR><BR>[Stack]<UL><LI>Max Depth = 240<LI>Call Chain = pow &rArr; __kernel_poly &rArr; __aeabi_dmul &rArr; _double_epilogue &rArr; _double_round
</UL>
<BR>[Calls]<UL><LI><a href="#[52]">&gt;&gt;</a>&nbsp;&nbsp;&nbsp;__aeabi_i2d
<LI><a href="#[50]">&gt;&gt;</a>&nbsp;&nbsp;&nbsp;__aeabi_dmul
<LI><a href="#[51]">&gt;&gt;</a>&nbsp;&nbsp;&nbsp;__aeabi_ddiv
<LI><a href="#[4a]">&gt;&gt;</a>&nbsp;&nbsp;&nbsp;__aeabi_dadd
<LI><a href="#[108]">&gt;&gt;</a>&nbsp;&nbsp;&nbsp;__set_errno
<LI><a href="#[109]">&gt;&gt;</a>&nbsp;&nbsp;&nbsp;sqrt
<LI><a href="#[fe]">&gt;&gt;</a>&nbsp;&nbsp;&nbsp;__kernel_poly
<LI><a href="#[10b]">&gt;&gt;</a>&nbsp;&nbsp;&nbsp;__ARM_fpclassify
<LI><a href="#[104]">&gt;&gt;</a>&nbsp;&nbsp;&nbsp;__mathlib_dbl_underflow
<LI><a href="#[102]">&gt;&gt;</a>&nbsp;&nbsp;&nbsp;__mathlib_dbl_overflow
<LI><a href="#[101]">&gt;&gt;</a>&nbsp;&nbsp;&nbsp;__mathlib_dbl_invalid
<LI><a href="#[100]">&gt;&gt;</a>&nbsp;&nbsp;&nbsp;__mathlib_dbl_infnan2
<LI><a href="#[ff]">&gt;&gt;</a>&nbsp;&nbsp;&nbsp;__mathlib_dbl_divzero
<LI><a href="#[4e]">&gt;&gt;</a>&nbsp;&nbsp;&nbsp;__aeabi_dsub
<LI><a href="#[4f]">&gt;&gt;</a>&nbsp;&nbsp;&nbsp;__aeabi_drsub
<LI><a href="#[10a]">&gt;&gt;</a>&nbsp;&nbsp;&nbsp;__aeabi_cdrcmple
<LI><a href="#[103]">&gt;&gt;</a>&nbsp;&nbsp;&nbsp;__ARM_scalbn
</UL>
<BR>[Called By]<UL><LI><a href="#[6b]">&gt;&gt;</a>&nbsp;&nbsp;&nbsp;Char_To_Uint
</UL>

<P><STRONG><a name="[109]"></a>sqrt</STRONG> (Thumb, 76 bytes, Stack size 24 bytes, sqrt.o(i.sqrt))
<BR><BR>[Stack]<UL><LI>Max Depth = 64<LI>Call Chain = sqrt &rArr; _dsqrt &rArr; _double_round
</UL>
<BR>[Calls]<UL><LI><a href="#[108]">&gt;&gt;</a>&nbsp;&nbsp;&nbsp;__set_errno
<LI><a href="#[56]">&gt;&gt;</a>&nbsp;&nbsp;&nbsp;_dsqrt
</UL>
<BR>[Called By]<UL><LI><a href="#[6c]">&gt;&gt;</a>&nbsp;&nbsp;&nbsp;pow
</UL>
<P>
<H3>
Local Symbols
</H3>
<P><STRONG><a name="[63]"></a>CLCD_Delay</STRONG> (Thumb, 12 bytes, Stack size 8 bytes, clcd.o(i.CLCD_Delay))
<BR><BR>[Stack]<UL><LI>Max Depth = 24<LI>Call Chain = CLCD_Delay &rArr; HAL_Delay
</UL>
<BR>[Calls]<UL><LI><a href="#[65]">&gt;&gt;</a>&nbsp;&nbsp;&nbsp;HAL_Delay
</UL>
<BR>[Called By]<UL><LI><a href="#[62]">&gt;&gt;</a>&nbsp;&nbsp;&nbsp;CLCD_4BIT_Init
<LI><a href="#[67]">&gt;&gt;</a>&nbsp;&nbsp;&nbsp;CLCD_Write8
<LI><a href="#[64]">&gt;&gt;</a>&nbsp;&nbsp;&nbsp;CLCD_Write4
</UL>

<P><STRONG><a name="[64]"></a>CLCD_Write4</STRONG> (Thumb, 252 bytes, Stack size 24 bytes, clcd.o(i.CLCD_Write4))
<BR><BR>[Stack]<UL><LI>Max Depth = 48<LI>Call Chain = CLCD_Write4 &rArr; CLCD_Delay &rArr; HAL_Delay
</UL>
<BR>[Calls]<UL><LI><a href="#[68]">&gt;&gt;</a>&nbsp;&nbsp;&nbsp;HAL_GPIO_WritePin
<LI><a href="#[63]">&gt;&gt;</a>&nbsp;&nbsp;&nbsp;CLCD_Delay
</UL>
<BR>[Called By]<UL><LI><a href="#[69]">&gt;&gt;</a>&nbsp;&nbsp;&nbsp;CLCD_WriteChar
<LI><a href="#[66]">&gt;&gt;</a>&nbsp;&nbsp;&nbsp;CLCD_SetCursor
<LI><a href="#[62]">&gt;&gt;</a>&nbsp;&nbsp;&nbsp;CLCD_4BIT_Init
</UL>

<P><STRONG><a name="[67]"></a>CLCD_Write8</STRONG> (Thumb, 186 bytes, Stack size 16 bytes, clcd.o(i.CLCD_Write8))
<BR><BR>[Stack]<UL><LI>Max Depth = 40<LI>Call Chain = CLCD_Write8 &rArr; CLCD_Delay &rArr; HAL_Delay
</UL>
<BR>[Calls]<UL><LI><a href="#[68]">&gt;&gt;</a>&nbsp;&nbsp;&nbsp;HAL_GPIO_WritePin
<LI><a href="#[63]">&gt;&gt;</a>&nbsp;&nbsp;&nbsp;CLCD_Delay
</UL>
<BR>[Called By]<UL><LI><a href="#[69]">&gt;&gt;</a>&nbsp;&nbsp;&nbsp;CLCD_WriteChar
<LI><a href="#[66]">&gt;&gt;</a>&nbsp;&nbsp;&nbsp;CLCD_SetCursor
</UL>

<P><STRONG><a name="[df]"></a>MX_GPIO_Init</STRONG> (Thumb, 296 bytes, Stack size 32 bytes, main.o(i.MX_GPIO_Init))
<BR><BR>[Stack]<UL><LI>Max Depth = 72<LI>Call Chain = MX_GPIO_Init &rArr; HAL_GPIO_Init
</UL>
<BR>[Calls]<UL><LI><a href="#[68]">&gt;&gt;</a>&nbsp;&nbsp;&nbsp;HAL_GPIO_WritePin
<LI><a href="#[d5]">&gt;&gt;</a>&nbsp;&nbsp;&nbsp;HAL_GPIO_Init
<LI><a href="#[d4]">&gt;&gt;</a>&nbsp;&nbsp;&nbsp;__aeabi_memclr4
</UL>
<BR>[Called By]<UL><LI><a href="#[3e]">&gt;&gt;</a>&nbsp;&nbsp;&nbsp;main
</UL>

<P><STRONG><a name="[e0]"></a>MX_RTC_Init</STRONG> (Thumb, 158 bytes, Stack size 32 bytes, main.o(i.MX_RTC_Init))
<BR><BR>[Stack]<UL><LI>Max Depth = 80<LI>Call Chain = MX_RTC_Init &rArr; HAL_RTC_SetTime &rArr; RTC_EnterInitMode
</UL>
<BR>[Calls]<UL><LI><a href="#[b6]">&gt;&gt;</a>&nbsp;&nbsp;&nbsp;HAL_RTC_SetTime
<LI><a href="#[b4]">&gt;&gt;</a>&nbsp;&nbsp;&nbsp;HAL_RTC_SetDate
<LI><a href="#[b0]">&gt;&gt;</a>&nbsp;&nbsp;&nbsp;HAL_RTC_Init
<LI><a href="#[e3]">&gt;&gt;</a>&nbsp;&nbsp;&nbsp;HAL_RTCEx_BKUPWrite
<LI><a href="#[e2]">&gt;&gt;</a>&nbsp;&nbsp;&nbsp;HAL_RTCEx_BKUPRead
<LI><a href="#[e1]">&gt;&gt;</a>&nbsp;&nbsp;&nbsp;Error_Handler
<LI><a href="#[d4]">&gt;&gt;</a>&nbsp;&nbsp;&nbsp;__aeabi_memclr4
</UL>
<BR>[Called By]<UL><LI><a href="#[3e]">&gt;&gt;</a>&nbsp;&nbsp;&nbsp;main
</UL>

<P><STRONG><a name="[e4]"></a>MX_TIM2_Init</STRONG> (Thumb, 106 bytes, Stack size 32 bytes, main.o(i.MX_TIM2_Init))
<BR><BR>[Stack]<UL><LI>Max Depth = 60<LI>Call Chain = MX_TIM2_Init &rArr; HAL_TIM_Base_Init &rArr; HAL_TIM_Base_MspInit &rArr; HAL_NVIC_SetPriority
</UL>
<BR>[Calls]<UL><LI><a href="#[bd]">&gt;&gt;</a>&nbsp;&nbsp;&nbsp;HAL_TIM_ConfigClockSource
<LI><a href="#[b9]">&gt;&gt;</a>&nbsp;&nbsp;&nbsp;HAL_TIM_Base_Init
<LI><a href="#[e5]">&gt;&gt;</a>&nbsp;&nbsp;&nbsp;HAL_TIMEx_MasterConfigSynchronization
<LI><a href="#[e1]">&gt;&gt;</a>&nbsp;&nbsp;&nbsp;Error_Handler
</UL>
<BR>[Called By]<UL><LI><a href="#[3e]">&gt;&gt;</a>&nbsp;&nbsp;&nbsp;main
</UL>

<P><STRONG><a name="[e6]"></a>MX_USART1_UART_Init</STRONG> (Thumb, 46 bytes, Stack size 8 bytes, main.o(i.MX_USART1_UART_Init))
<BR><BR>[Stack]<UL><LI>Max Depth = 96<LI>Call Chain = MX_USART1_UART_Init &rArr; HAL_UART_Init &rArr; HAL_UART_MspInit &rArr; HAL_GPIO_Init
</UL>
<BR>[Calls]<UL><LI><a href="#[d1]">&gt;&gt;</a>&nbsp;&nbsp;&nbsp;HAL_UART_Init
<LI><a href="#[e1]">&gt;&gt;</a>&nbsp;&nbsp;&nbsp;Error_Handler
</UL>
<BR>[Called By]<UL><LI><a href="#[3e]">&gt;&gt;</a>&nbsp;&nbsp;&nbsp;main
</UL>

<P><STRONG><a name="[e7]"></a>MX_USART3_UART_Init</STRONG> (Thumb, 46 bytes, Stack size 8 bytes, main.o(i.MX_USART3_UART_Init))
<BR><BR>[Stack]<UL><LI>Max Depth = 96<LI>Call Chain = MX_USART3_UART_Init &rArr; HAL_UART_Init &rArr; HAL_UART_MspInit &rArr; HAL_GPIO_Init
</UL>
<BR>[Calls]<UL><LI><a href="#[d1]">&gt;&gt;</a>&nbsp;&nbsp;&nbsp;HAL_UART_Init
<LI><a href="#[e1]">&gt;&gt;</a>&nbsp;&nbsp;&nbsp;Error_Handler
</UL>
<BR>[Called By]<UL><LI><a href="#[3e]">&gt;&gt;</a>&nbsp;&nbsp;&nbsp;main
</UL>

<P><STRONG><a name="[ac]"></a>RCC_SetFlashLatencyFromMSIRange</STRONG> (Thumb, 136 bytes, Stack size 4 bytes, stm32l1xx_hal_rcc.o(i.RCC_SetFlashLatencyFromMSIRange))
<BR><BR>[Stack]<UL><LI>Max Depth = 4<LI>Call Chain = RCC_SetFlashLatencyFromMSIRange
</UL>
<BR>[Called By]<UL><LI><a href="#[ab]">&gt;&gt;</a>&nbsp;&nbsp;&nbsp;HAL_RCC_OscConfig
</UL>

<P><STRONG><a name="[96]"></a>FLASH_SetErrorCode</STRONG> (Thumb, 128 bytes, Stack size 0 bytes, stm32l1xx_hal_flash.o(i.FLASH_SetErrorCode))
<BR><BR>[Called By]<UL><LI><a href="#[95]">&gt;&gt;</a>&nbsp;&nbsp;&nbsp;FLASH_WaitForLastOperation
</UL>

<P><STRONG><a name="[bb]"></a>TIM_Base_SetConfig</STRONG> (Thumb, 120 bytes, Stack size 12 bytes, stm32l1xx_hal_tim.o(i.TIM_Base_SetConfig))
<BR><BR>[Stack]<UL><LI>Max Depth = 12<LI>Call Chain = TIM_Base_SetConfig
</UL>
<BR>[Called By]<UL><LI><a href="#[b9]">&gt;&gt;</a>&nbsp;&nbsp;&nbsp;HAL_TIM_Base_Init
</UL>

<P><STRONG><a name="[be]"></a>TIM_ETR_SetConfig</STRONG> (Thumb, 22 bytes, Stack size 0 bytes, stm32l1xx_hal_tim.o(i.TIM_ETR_SetConfig))
<BR><BR>[Called By]<UL><LI><a href="#[bd]">&gt;&gt;</a>&nbsp;&nbsp;&nbsp;HAL_TIM_ConfigClockSource
</UL>

<P><STRONG><a name="[c0]"></a>TIM_ITRx_SetConfig</STRONG> (Thumb, 16 bytes, Stack size 0 bytes, stm32l1xx_hal_tim.o(i.TIM_ITRx_SetConfig))
<BR><BR>[Called By]<UL><LI><a href="#[bd]">&gt;&gt;</a>&nbsp;&nbsp;&nbsp;HAL_TIM_ConfigClockSource
</UL>

<P><STRONG><a name="[bf]"></a>TIM_TI1_ConfigInputStage</STRONG> (Thumb, 38 bytes, Stack size 0 bytes, stm32l1xx_hal_tim.o(i.TIM_TI1_ConfigInputStage))
<BR><BR>[Called By]<UL><LI><a href="#[bd]">&gt;&gt;</a>&nbsp;&nbsp;&nbsp;HAL_TIM_ConfigClockSource
</UL>

<P><STRONG><a name="[c1]"></a>TIM_TI2_ConfigInputStage</STRONG> (Thumb, 36 bytes, Stack size 0 bytes, stm32l1xx_hal_tim.o(i.TIM_TI2_ConfigInputStage))
<BR><BR>[Called By]<UL><LI><a href="#[bd]">&gt;&gt;</a>&nbsp;&nbsp;&nbsp;HAL_TIM_ConfigClockSource
</UL>

<P><STRONG><a name="[41]"></a>UART_DMAAbortOnError</STRONG> (Thumb, 16 bytes, Stack size 8 bytes, stm32l1xx_hal_uart.o(i.UART_DMAAbortOnError))
<BR><BR>[Stack]<UL><LI>Max Depth = 8<LI>Call Chain = UART_DMAAbortOnError
</UL>
<BR>[Calls]<UL><LI><a href="#[cc]">&gt;&gt;</a>&nbsp;&nbsp;&nbsp;HAL_UART_ErrorCallback
</UL>
<BR>[Address Reference Count : 1]<UL><LI> stm32l1xx_hal_uart.o(i.HAL_UART_IRQHandler)
</UL>
<P><STRONG><a name="[ca]"></a>UART_EndRxTransfer</STRONG> (Thumb, 48 bytes, Stack size 0 bytes, stm32l1xx_hal_uart.o(i.UART_EndRxTransfer))
<BR><BR>[Called By]<UL><LI><a href="#[c8]">&gt;&gt;</a>&nbsp;&nbsp;&nbsp;HAL_UART_IRQHandler
</UL>

<P><STRONG><a name="[d0]"></a>UART_EndTransmit_IT</STRONG> (Thumb, 26 bytes, Stack size 8 bytes, stm32l1xx_hal_uart.o(i.UART_EndTransmit_IT))
<BR><BR>[Stack]<UL><LI>Max Depth = 8<LI>Call Chain = UART_EndTransmit_IT
</UL>
<BR>[Calls]<UL><LI><a href="#[f8]">&gt;&gt;</a>&nbsp;&nbsp;&nbsp;HAL_UART_TxCpltCallback
</UL>
<BR>[Called By]<UL><LI><a href="#[c8]">&gt;&gt;</a>&nbsp;&nbsp;&nbsp;HAL_UART_IRQHandler
</UL>

<P><STRONG><a name="[c9]"></a>UART_Receive_IT</STRONG> (Thumb, 190 bytes, Stack size 8 bytes, stm32l1xx_hal_uart.o(i.UART_Receive_IT))
<BR><BR>[Stack]<UL><LI>Max Depth = 16<LI>Call Chain = UART_Receive_IT &rArr; HAL_UART_RxCpltCallback
</UL>
<BR>[Calls]<UL><LI><a href="#[d8]">&gt;&gt;</a>&nbsp;&nbsp;&nbsp;HAL_UART_RxCpltCallback
<LI><a href="#[ce]">&gt;&gt;</a>&nbsp;&nbsp;&nbsp;HAL_UARTEx_RxEventCallback
</UL>
<BR>[Called By]<UL><LI><a href="#[c8]">&gt;&gt;</a>&nbsp;&nbsp;&nbsp;HAL_UART_IRQHandler
</UL>

<P><STRONG><a name="[d3]"></a>UART_SetConfig</STRONG> (Thumb, 334 bytes, Stack size 24 bytes, stm32l1xx_hal_uart.o(i.UART_SetConfig))
<BR><BR>[Stack]<UL><LI>Max Depth = 28<LI>Call Chain = UART_SetConfig &rArr; HAL_RCC_GetPCLK2Freq
</UL>
<BR>[Calls]<UL><LI><a href="#[aa]">&gt;&gt;</a>&nbsp;&nbsp;&nbsp;HAL_RCC_GetPCLK2Freq
<LI><a href="#[a8]">&gt;&gt;</a>&nbsp;&nbsp;&nbsp;HAL_RCC_GetPCLK1Freq
</UL>
<BR>[Called By]<UL><LI><a href="#[d1]">&gt;&gt;</a>&nbsp;&nbsp;&nbsp;HAL_UART_Init
</UL>

<P><STRONG><a name="[cf]"></a>UART_Transmit_IT</STRONG> (Thumb, 94 bytes, Stack size 0 bytes, stm32l1xx_hal_uart.o(i.UART_Transmit_IT))
<BR><BR>[Called By]<UL><LI><a href="#[c8]">&gt;&gt;</a>&nbsp;&nbsp;&nbsp;HAL_UART_IRQHandler
</UL>

<P><STRONG><a name="[d9]"></a>UART_WaitOnFlagUntilTimeout</STRONG> (Thumb, 120 bytes, Stack size 24 bytes, stm32l1xx_hal_uart.o(i.UART_WaitOnFlagUntilTimeout))
<BR><BR>[Stack]<UL><LI>Max Depth = 24<LI>Call Chain = UART_WaitOnFlagUntilTimeout
</UL>
<BR>[Calls]<UL><LI><a href="#[77]">&gt;&gt;</a>&nbsp;&nbsp;&nbsp;HAL_GetTick
</UL>
<BR>[Called By]<UL><LI><a href="#[85]">&gt;&gt;</a>&nbsp;&nbsp;&nbsp;HAL_UART_Transmit
</UL>
<P>
<H3>
Undefined Global Symbols
</H3><HR></body></html>
