Component: ARM Compiler 5.06 update 6 (build 750) Tool: armlink [4d35ed]

==============================================================================

Section Cross References

    startup_stm32l151xc.o(RESET) refers to startup_stm32l151xc.o(STACK) for __initial_sp
    startup_stm32l151xc.o(RESET) refers to startup_stm32l151xc.o(.text) for Reset_Handler
    startup_stm32l151xc.o(RESET) refers to stm32l1xx_it.o(i.NMI_Handler) for NMI_Handler
    startup_stm32l151xc.o(RESET) refers to stm32l1xx_it.o(i.HardFault_Handler) for HardFault_Handler
    startup_stm32l151xc.o(RESET) refers to stm32l1xx_it.o(i.MemManage_Handler) for MemManage_Handler
    startup_stm32l151xc.o(RESET) refers to stm32l1xx_it.o(i.BusFault_Handler) for BusFault_Handler
    startup_stm32l151xc.o(RESET) refers to stm32l1xx_it.o(i.UsageFault_Handler) for UsageFault_Handler
    startup_stm32l151xc.o(RESET) refers to stm32l1xx_it.o(i.SVC_Handler) for SVC_Handler
    startup_stm32l151xc.o(RESET) refers to stm32l1xx_it.o(i.DebugMon_Handler) for DebugMon_Handler
    startup_stm32l151xc.o(RESET) refers to stm32l1xx_it.o(i.PendSV_Handler) for PendSV_Handler
    startup_stm32l151xc.o(RESET) refers to stm32l1xx_it.o(i.SysTick_Handler) for SysTick_Handler
    startup_stm32l151xc.o(RESET) refers to stm32l1xx_it.o(i.TIM2_IRQHandler) for TIM2_IRQHandler
    startup_stm32l151xc.o(RESET) refers to stm32l1xx_it.o(i.USART1_IRQHandler) for USART1_IRQHandler
    startup_stm32l151xc.o(RESET) refers to stm32l1xx_it.o(i.USART3_IRQHandler) for USART3_IRQHandler
    startup_stm32l151xc.o(.text) refers to system_stm32l1xx.o(i.SystemInit) for SystemInit
    startup_stm32l151xc.o(.text) refers to entry.o(.ARM.Collect$$$$00000000) for __main
    check_button.o(i.BT_Press_Hold_Down) refers to stm32l1xx_hal_gpio.o(i.HAL_GPIO_ReadPin) for HAL_GPIO_ReadPin
    check_button.o(i.BT_Press_Hold_Down) refers to check_button.o(.data) for check_BT_run_down
    check_button.o(i.BT_Press_Hold_Esc) refers to stm32l1xx_hal_gpio.o(i.HAL_GPIO_ReadPin) for HAL_GPIO_ReadPin
    check_button.o(i.BT_Press_Hold_Esc) refers to check_button.o(.data) for check_BT_run_esc
    check_button.o(i.BT_Press_Hold_Up) refers to stm32l1xx_hal_gpio.o(i.HAL_GPIO_ReadPin) for HAL_GPIO_ReadPin
    check_button.o(i.BT_Press_Hold_Up) refers to check_button.o(.data) for check_BT_run_up
    check_button.o(i.GET_SYSTICK_MS) refers to check_button.o(.data) for SYSTICK_count_ms
    check_button.o(i.HAL_SYSTICK_Callback) refers to check_button.o(.data) for SYSTICK_count_ms
    clcd.o(i.CLCD_4BIT_Init) refers to clcd.o(i.CLCD_Delay) for CLCD_Delay
    clcd.o(i.CLCD_4BIT_Init) refers to clcd.o(i.CLCD_Write4) for CLCD_Write4
    clcd.o(i.CLCD_8BIT_Init) refers to clcd.o(i.CLCD_Delay) for CLCD_Delay
    clcd.o(i.CLCD_8BIT_Init) refers to clcd.o(i.CLCD_Write8) for CLCD_Write8
    clcd.o(i.CLCD_BlinkOff) refers to clcd.o(i.CLCD_Write8) for CLCD_Write8
    clcd.o(i.CLCD_BlinkOff) refers to clcd.o(i.CLCD_Write4) for CLCD_Write4
    clcd.o(i.CLCD_BlinkOn) refers to clcd.o(i.CLCD_Write8) for CLCD_Write8
    clcd.o(i.CLCD_BlinkOn) refers to clcd.o(i.CLCD_Write4) for CLCD_Write4
    clcd.o(i.CLCD_Clear) refers to clcd.o(i.CLCD_Write8) for CLCD_Write8
    clcd.o(i.CLCD_Clear) refers to clcd.o(i.CLCD_Write4) for CLCD_Write4
    clcd.o(i.CLCD_Clear) refers to clcd.o(i.CLCD_Delay) for CLCD_Delay
    clcd.o(i.CLCD_CursorOff) refers to clcd.o(i.CLCD_Write8) for CLCD_Write8
    clcd.o(i.CLCD_CursorOff) refers to clcd.o(i.CLCD_Write4) for CLCD_Write4
    clcd.o(i.CLCD_CursorOn) refers to clcd.o(i.CLCD_Write8) for CLCD_Write8
    clcd.o(i.CLCD_CursorOn) refers to clcd.o(i.CLCD_Write4) for CLCD_Write4
    clcd.o(i.CLCD_Delay) refers to stm32l1xx_hal.o(i.HAL_Delay) for HAL_Delay
    clcd.o(i.CLCD_ReturnHome) refers to clcd.o(i.CLCD_Write8) for CLCD_Write8
    clcd.o(i.CLCD_ReturnHome) refers to clcd.o(i.CLCD_Write4) for CLCD_Write4
    clcd.o(i.CLCD_ReturnHome) refers to clcd.o(i.CLCD_Delay) for CLCD_Delay
    clcd.o(i.CLCD_SetCursor) refers to clcd.o(i.CLCD_Write8) for CLCD_Write8
    clcd.o(i.CLCD_SetCursor) refers to clcd.o(i.CLCD_Write4) for CLCD_Write4
    clcd.o(i.CLCD_Write4) refers to stm32l1xx_hal_gpio.o(i.HAL_GPIO_WritePin) for HAL_GPIO_WritePin
    clcd.o(i.CLCD_Write4) refers to clcd.o(i.CLCD_Delay) for CLCD_Delay
    clcd.o(i.CLCD_Write8) refers to stm32l1xx_hal_gpio.o(i.HAL_GPIO_WritePin) for HAL_GPIO_WritePin
    clcd.o(i.CLCD_Write8) refers to clcd.o(i.CLCD_Delay) for CLCD_Delay
    clcd.o(i.CLCD_WriteChar) refers to clcd.o(i.CLCD_Write8) for CLCD_Write8
    clcd.o(i.CLCD_WriteChar) refers to clcd.o(i.CLCD_Write4) for CLCD_Write4
    clcd.o(i.CLCD_WriteString) refers to clcd.o(i.CLCD_WriteChar) for CLCD_WriteChar
    convert_variable.o(i.Char_To_Uint_Time) refers to dflti.o(.text) for __aeabi_i2d
    convert_variable.o(i.Char_To_Uint_Time) refers to pow.o(i.pow) for pow
    convert_variable.o(i.Char_To_Uint_Time) refers to dmul.o(.text) for __aeabi_dmul
[...]
    i.HAL_SYSTICK_IRQHandler                 0x08003b38   Section        0  stm32l1xx_hal_cortex.o(i.HAL_SYSTICK_IRQHandler)
    i.HAL_TIMEx_MasterConfigSynchronization  0x08003b40   Section        0  stm32l1xx_hal_tim_ex.o(i.HAL_TIMEx_MasterConfigSynchronization)
    i.HAL_TIM_Base_Init                      0x08003bb2   Section        0  stm32l1xx_hal_tim.o(i.HAL_TIM_Base_Init)
    i.HAL_TIM_Base_MspInit                   0x08003c00   Section        0  stm32l1xx_hal_msp.o(i.HAL_TIM_Base_MspInit)
    i.HAL_TIM_Base_Start_IT                  0x08003c40   Section        0  stm32l1xx_hal_tim.o(i.HAL_TIM_Base_Start_IT)
    i.HAL_TIM_ConfigClockSource              0x08003ca2   Section        0  stm32l1xx_hal_tim.o(i.HAL_TIM_ConfigClockSource)
    i.HAL_TIM_IC_CaptureCallback             0x08003d86   Section        0  stm32l1xx_hal_tim.o(i.HAL_TIM_IC_CaptureCallback)
    i.HAL_TIM_IRQHandler                     0x08003d88   Section        0  stm32l1xx_hal_tim.o(i.HAL_TIM_IRQHandler)
    i.HAL_TIM_OC_DelayElapsedCallback        0x08003ebc   Section        0  stm32l1xx_hal_tim.o(i.HAL_TIM_OC_DelayElapsedCallback)
    i.HAL_TIM_PWM_PulseFinishedCallback      0x08003ebe   Section        0  stm32l1xx_hal_tim.o(i.HAL_TIM_PWM_PulseFinishedCallback)
    i.HAL_TIM_PeriodElapsedCallback          0x08003ec0   Section        0  main.o(i.HAL_TIM_PeriodElapsedCallback)
    i.HAL_TIM_TriggerCallback                0x08003ee0   Section        0  stm32l1xx_hal_tim.o(i.HAL_TIM_TriggerCallback)
    i.HAL_UARTEx_RxEventCallback             0x08003ee2   Section        0  stm32l1xx_hal_uart.o(i.HAL_UARTEx_RxEventCallback)
    i.HAL_UART_ErrorCallback                 0x08003ee4   Section        0  stm32l1xx_hal_uart.o(i.HAL_UART_ErrorCallback)
    i.HAL_UART_IRQHandler                    0x08003ee8   Section        0  stm32l1xx_hal_uart.o(i.HAL_UART_IRQHandler)
    i.HAL_UART_Init                          0x080040e8   Section        0  stm32l1xx_hal_uart.o(i.HAL_UART_Init)
    i.HAL_UART_MspInit                       0x0800414c   Section        0  stm32l1xx_hal_msp.o(i.HAL_UART_MspInit)
    i.HAL_UART_Receive_IT                    0x08004258   Section        0  stm32l1xx_hal_uart.o(i.HAL_UART_Receive_IT)
    i.HAL_UART_RxCpltCallback                0x08004288   Section        0  main.o(i.HAL_UART_RxCpltCallback)
    i.HAL_UART_Transmit                      0x080042f0   Section        0  stm32l1xx_hal_uart.o(i.HAL_UART_Transmit)
    i.HAL_UART_TxCpltCallback                0x080043ba   Section        0  stm32l1xx_hal_uart.o(i.HAL_UART_TxCpltCallback)
    i.HardFault_Handler                      0x080043bc   Section        0  stm32l1xx_it.o(i.HardFault_Handler)
    i.LCD_Change_State_Setup_T1_T2_T3        0x080043c0   Section        0  user_lcd_object.o(i.LCD_Change_State_Setup_T1_T2_T3)
    i.LCD_Change_State_Time_HH_MM_SS         0x08004414   Section        0  user_lcd_object.o(i.LCD_Change_State_Time_HH_MM_SS)
    i.LCD_Display_Esc                        0x08004468   Section        0  lcd_object.o(i.LCD_Display_Esc)
    i.LCD_Display_Running_OR_Setup           0x080044bc   Section        0  lcd_object.o(i.LCD_Display_Running_OR_Setup)
    i.LCD_Display_Time                       0x080044dc   Section        0  lcd_object.o(i.LCD_Display_Time)
    i.LCD_Display_Time1_Time2_Time3          0x08004522   Section        0  lcd_object.o(i.LCD_Display_Time1_Time2_Time3)
    i.LCD_Send_Data                          0x08004576   Section        0  lcd_object.o(i.LCD_Send_Data)
    i.MX_GPIO_Init                           0x08004590   Section        0  main.o(i.MX_GPIO_Init)
    MX_GPIO_Init                             0x08004591   Thumb Code   296  main.o(i.MX_GPIO_Init)
    i.MX_RTC_Init                            0x080046cc   Section        0  main.o(i.MX_RTC_Init)
    MX_RTC_Init                              0x080046cd   Thumb Code   158  main.o(i.MX_RTC_Init)
    i.MX_TIM2_Init                           0x08004774   Section        0  main.o(i.MX_TIM2_Init)
    MX_TIM2_Init                             0x08004775   Thumb Code   106  main.o(i.MX_TIM2_Init)
    i.MX_USART1_UART_Init                    0x080047e4   Section        0  main.o(i.MX_USART1_UART_Init)
    MX_USART1_UART_Init                      0x080047e5   Thumb Code    46  main.o(i.MX_USART1_UART_Init)
    i.MX_USART3_UART_Init                    0x0800481c   Section        0  main.o(i.MX_USART3_UART_Init)
    MX_USART3_UART_Init                      0x0800481d   Thumb Code    46  main.o(i.MX_USART3_UART_Init)
    i.MemManage_Handler                      0x08004854   Section        0  stm32l1xx_it.o(i.MemManage_Handler)
    i.Module_SIM                             0x08004858   Section        0  main.o(i.Module_SIM)
    i.NMI_Handler                            0x080048ac   Section        0  stm32l1xx_it.o(i.NMI_Handler)
    i.Packing_News                           0x080048b0   Section        0  user_sim.o(i.Packing_News)
    i.PendSV_Handler                         0x08004944   Section        0  stm32l1xx_it.o(i.PendSV_Handler)
    i.RCC_SetFlashLatencyFromMSIRange        0x08004948   Section        0  stm32l1xx_hal_rcc.o(i.RCC_SetFlashLatencyFromMSIRange)
    RCC_SetFlashLatencyFromMSIRange          0x08004949   Thumb Code   136  stm32l1xx_hal_rcc.o(i.RCC_SetFlashLatencyFromMSIRange)
    i.RTC_Bcd2ToByte                         0x080049e0   Section        0  stm32l1xx_hal_rtc.o(i.RTC_Bcd2ToByte)
    i.RTC_ByteToBcd2                         0x080049f2   Section        0  stm32l1xx_hal_rtc.o(i.RTC_ByteToBcd2)
    i.RTC_EnterInitMode                      0x08004a0a   Section        0  stm32l1xx_hal_rtc.o(i.RTC_EnterInitMode)
    i.Read_Flash                             0x08004a4c   Section        0  main.o(i.Read_Flash)
    i.Receive_Control_Setup                  0x08004a9c   Section        0  user_sim.o(i.Receive_Control_Setup)
    i.Receive_SMS_Setup                      0x08004c0c   Section        0  user_sim.o(i.Receive_SMS_Setup)
    i.Reset_Relay_Led                        0x08004d24   Section        0  relay_led.o(i.Reset_Relay_Led)
    i.Reset_SendData                         0x08004d58   Section        0  user_sim.o(i.Reset_SendData)
    i.Run_Begin                              0x08004d64   Section        0  user_check_button.o(i.Run_Begin)
    i.Run_Feed_Shrimp                        0x08004dc0   Section        0  main.o(i.Run_Feed_Shrimp)
    i.SVC_Handler                            0x08004e78   Section        0  stm32l1xx_it.o(i.SVC_Handler)
    i.SendData_Control_SIM                   0x08004e7c   Section        0  main.o(i.SendData_Control_SIM)
    i.SendData_Server                        0x08004fbc   Section        0  user_sim.o(i.SendData_Server)
    i.Set_RTC                                0x080053b0   Section        0  main.o(i.Set_RTC)
    i.Set_Time                               0x080053f8   Section        0  main.o(i.Set_Time)
    i.Setup_On_Off_Sim                       0x0800546c   Section        0  uart_sim.o(i.Setup_On_Off_Sim)
    i.Setup_SIM                              0x080054e4   Section        0  uart_sim.o(i.Setup_SIM)
    i.SysTick_Handler                        0x08005540   Section        0  stm32l1xx_it.o(i.SysTick_Handler)
    i.SystemClock_Config                     0x0800554c   Section        0  main.o(i.SystemClock_Config)
    i.SystemInit                             0x080055d0   Section        0  system_stm32l1xx.o(i.SystemInit)
    i.TIM2_IRQHandler                        0x08005634   Section        0  stm32l1xx_it.o(i.TIM2_IRQHandler)
    i.TIM_Base_SetConfig                     0x08005644   Section        0  stm32l1xx_hal_tim.o(i.TIM_Base_SetConfig)
    TIM_Base_SetConfig                       0x08005645   Thumb Code   120  stm32l1xx_hal_tim.o(i.TIM_Base_SetConfig)
    i.TIM_ETR_SetConfig                      0x080056cc   Section        0  stm32l1xx_hal_tim.o(i.TIM_ETR_SetConfig)
    TIM_ETR_SetConfig                        0x080056cd   Thumb Code    22  stm32l1xx_hal_tim.o(i.TIM_ETR_SetConfig)
    i.TIM_ITRx_SetConfig                     0x080056e2   Section        0  stm32l1xx_hal_tim.o(i.TIM_ITRx_SetConfig)
    TIM_ITRx_SetConfig                       0x080056e3   Thumb Code    16  stm32l1xx_hal_tim.o(i.TIM_ITRx_SetConfig)
    i.TIM_TI1_ConfigInputStage               0x080056f2   Section        0  stm32l1xx_hal_tim.o(i.TIM_TI1_ConfigInputStage)
    TIM_TI1_ConfigInputStage                 0x080056f3   Thumb Code    38  stm32l1xx_hal_tim.o(i.TIM_TI1_ConfigInputStage)
    i.TIM_TI2_ConfigInputStage               0x08005718   Section        0  stm32l1xx_hal_tim.o(i.TIM_TI2_ConfigInputStage)
    TIM_TI2_ConfigInputStage                 0x08005719   Thumb Code    36  stm32l1xx_hal_tim.o(i.TIM_TI2_ConfigInputStage)
    i.Time_Current                           0x0800573c   Section        0  main.o(i.Time_Current)
    i.Transmit_CFUN                          0x080057d4   Section        0  uart_sim.o(i.Transmit_CFUN)
    i.Transmit_Data_Uart                     0x0800588c   Section        0  user_uart.o(i.Transmit_Data_Uart)
    i.UART_DMAAbortOnError                   0x080058c0   Section        0  stm32l1xx_hal_uart.o(i.UART_DMAAbortOnError)
    UART_DMAAbortOnError                     0x080058c1   Thumb Code    16  stm32l1xx_hal_uart.o(i.UART_DMAAbortOnError)
    i.UART_EndRxTransfer                     0x080058d0   Section        0  stm32l1xx_hal_uart.o(i.UART_EndRxTransfer)
    UART_EndRxTransfer                       0x080058d1   Thumb Code    48  stm32l1xx_hal_uart.o(i.UART_EndRxTransfer)
    i.UART_EndTransmit_IT                    0x08005900   Section        0  stm32l1xx_hal_uart.o(i.UART_EndTransmit_IT)
    UART_EndTransmit_IT                      0x08005901   Thumb Code    26  stm32l1xx_hal_uart.o(i.UART_EndTransmit_IT)
    i.UART_Receive_IT                        0x0800591a   Section        0  stm32l1xx_hal_uart.o(i.UART_Receive_IT)
    UART_Receive_IT                          0x0800591b   Thumb Code   190  stm32l1xx_hal_uart.o(i.UART_Receive_IT)
    i.UART_SetConfig                         0x080059d8   Section        0  stm32l1xx_hal_uart.o(i.UART_SetConfig)
    UART_SetConfig                           0x080059d9   Thumb Code   334  stm32l1xx_hal_uart.o(i.UART_SetConfig)
    i.UART_Start_Receive_IT                  0x08005b2c   Section        0  stm32l1xx_hal_uart.o(i.UART_Start_Receive_IT)
    i.UART_Transmit_IT                       0x08005b62   Section        0  stm32l1xx_hal_uart.o(i.UART_Transmit_IT)
    UART_Transmit_IT                         0x08005b63   Thumb Code    94  stm32l1xx_hal_uart.o(i.UART_Transmit_IT)
    i.UART_WaitOnFlagUntilTimeout            0x08005bc0   Section        0  stm32l1xx_hal_uart.o(i.UART_WaitOnFlagUntilTimeout)
    UART_WaitOnFlagUntilTimeout              0x08005bc1   Thumb Code   120  stm32l1xx_hal_uart.o(i.UART_WaitOnFlagUntilTimeout)
    i.USART1_IRQHandler                      0x08005c38   Section        0  stm32l1xx_it.o(i.USART1_IRQHandler)
    i.USART3_IRQHandler                      0x08005c48   Section        0  stm32l1xx_it.o(i.USART3_IRQHandler)
    i.USER_LCD_Change_Setup                  0x08005c58   Section        0  user_lcd_object.o(i.USER_LCD_Change_Setup)
    i.USER_LCD_Display_Running               0x08005c8c   Section        0  user_lcd_object.o(i.USER_LCD_Display_Running)
    i.USER_LCD_Display_Running_OR_Setup      0x08005ce0   Section        0  user_lcd_object.o(i.USER_LCD_Display_Running_OR_Setup)
    i.USER_LCD_Display_Setup                 0x08005d08   Section        0  user_lcd_object.o(i.USER_LCD_Display_Setup)
    i.USER_LCD_Display_Time                  0x08005d5c   Section        0  user_lcd_object.o(i.USER_LCD_Display_Time)
    i.UintTime_To_CharTime_HH_MM_SS          0x08005d7c   Section        0  user_lcd_object.o(i.UintTime_To_CharTime_HH_MM_SS)
    i.UintTime_To_CharTime_T1_T2_T3          0x08005dac   Section        0  user_lcd_object.o(i.UintTime_To_CharTime_T1_T2_T3)
    i.Uint_To_Char_Sim                       0x08005ddc   Section        0  convert_variable.o(i.Uint_To_Char_Sim)
    i.UsageFault_Handler                     0x08005e24   Section        0  stm32l1xx_it.o(i.UsageFault_Handler)
    i.Variable_To_Char                       0x08005e28   Section        0  convert_variable.o(i.Variable_To_Char)
    i.Variable_To_Char_Time                  0x08005e66   Section        0  convert_variable.o(i.Variable_To_Char_Time)
    i.Write_Data_News                        0x08005e94   Section        0  user_sim.o(i.Write_Data_News)
    i.__ARM_fpclassify                       0x08006010   Section        0  fpclassify.o(i.__ARM_fpclassify)
    i.__kernel_poly                          0x08006038   Section        0  poly.o(i.__kernel_poly)
    i.__mathlib_dbl_divzero                  0x080060e4   Section        0  dunder.o(i.__mathlib_dbl_divzero)
    i.__mathlib_dbl_infnan2                  0x080060f4   Section        0  dunder.o(i.__mathlib_dbl_infnan2)
    i.__mathlib_dbl_invalid                  0x080060f8   Section        0  dunder.o(i.__mathlib_dbl_invalid)
    i.__mathlib_dbl_overflow                 0x08006104   Section        0  dunder.o(i.__mathlib_dbl_overflow)
    i.__mathlib_dbl_underflow                0x08006114   Section        0  dunder.o(i.__mathlib_dbl_underflow)
    i.__scatterload_copy                     0x08006124   Section       14  handlers.o(i.__scatterload_copy)
    i.__scatterload_null                     0x08006132   Section        2  handlers.o(i.__scatterload_null)
    i.__scatterload_zeroinit                 0x08006134   Section       14  handlers.o(i.__scatterload_zeroinit)
    i.__set_errno                            0x08006144   Section        0  errno.o(i.__set_errno)
    i.free                                   0x08006150   Section        0  malloc.o(i.free)
    i.main                                   0x080061a0   Section        0  main.o(i.main)
    i.malloc                                 0x080062f8   Section        0  malloc.o(i.malloc)
    i.pow                                    0x08006364   Section        0  pow.o(i.pow)
    i.sqrt                                   0x08006d3c   Section        0  sqrt.o(i.sqrt)
    .constdata                               0x08006d88   Section       33  system_stm32l1xx.o(.constdata)
    .constdata                               0x08006db0   Section      136  pow.o(.constdata)
    bp                                       0x08006db0   Data          16  pow.o(.constdata)
    dp_h                                     0x08006dc0   Data          16  pow.o(.constdata)
    dp_l                                     0x08006dd0   Data          16  pow.o(.constdata)
    L                                        0x08006de0   Data          48  pow.o(.constdata)
    P                                        0x08006e10   Data          40  pow.o(.constdata)
    .constdata                               0x08006e38   Section        8  qnan.o(.constdata)
    .conststring                             0x08006e40   Section       77  user_lcd_object.o(.conststring)
    .data                                    0x20000000   Section       16  check_button.o(.data)
    .data                                    0x20000010   Section       40  uart_sim.o(.data)
    .data                                    0x20000038   Section       18  user_uart.o(.data)
    .data                                    0x2000004c   Section       32  user_sim.o(.data)
    .data                                    0x2000006c   Section       30  user_check_button.o(.data)
    .data                                    0x2000008c   Section      164  user_lcd_object.o(.data)
    .data                                    0x20000130   Section       52  main.o(.data)
    .data                                    0x20000164   Section        4  system_stm32l1xx.o(.data)
    .data                                    0x20000168   Section       12  stm32l1xx_hal.o(.data)
    .data                                    0x20000174   Section        4  mvars.o(.data)
    .data                                    0x20000178   Section        4  mvars.o(.data)
    .data                                    0x2000017c   Section        4  errno.o(.data)
    _errno                                   0x2000017c   Data           4  errno.o(.data)
    .bss                                     0x20000180   Section       32  user_sim.o(.bss)
    .bss                                     0x200001a0   Section       27  user_lcd_object.o(.bss)
    .bss                                     0x200001bc   Section    10356  main.o(.bss)
    .bss                                     0x20002a30   Section       24  stm32l1xx_hal_flash.o(.bss)
    HEAP                                     0x20002a48   Section      512  startup_stm32l151xc.o(HEAP)
    STACK                                    0x20002c48   Section     1024  startup_stm32l151xc.o(STACK)

    Global Symbols

    Symbol Name                              Value     Ov Type        Size  Object(Section)

    BuildAttributes$$THM_ISAv4$P$D$K$B$S$PE$A:L22UL41UL21$X:L11$S22US41US21$IEEE1$IW$USESV6$~STKCKD$USESV7$~SHL$OTIME$ROPI$IEEEX$EBA8$MICROLIB$REQ8$PRES8$EABIv2 0x00000000   Number         0  anon$$obj.o ABSOLUTE
    __ARM_use_no_argv                        0x00000000   Number         0  main.o ABSOLUTE
    __cpp_initialize__aeabi_                  - Undefined Weak Reference
    __cxa_finalize                            - Undefined Weak Reference
    _clock_init                               - Undefined Weak Reference
    _microlib_exit                            - Undefined Weak Reference
    __Vectors_Size                           0x00000124   Number         0  startup_stm32l151xc.o ABSOLUTE
    __Vectors                                0x08000000   Data           4  startup_stm32l151xc.o(RESET)
    __Vectors_End                            0x08000124   Data           0  startup_stm32l151xc.o(RESET)
    __main                                   0x08000125   Thumb Code     0  entry.o(.ARM.Collect$$$$00000000)
    _main_stk                                0x08000125   Thumb Code     0  entry2.o(.ARM.Collect$$$$00000001)
    _main_scatterload                        0x08000129   Thumb Code     0  entry5.o(.ARM.Collect$$$$00000004)
    __main_after_scatterload                 0x0800012d   Thumb Code     0  entry5.o(.ARM.Collect$$$$00000004)
    _main_clock                              0x0800012d   Thumb Code     0  entry7b.o(.ARM.Collect$$$$00000008)
    _main_cpp_init                           0x0800012d   Thumb Code     0  entry8b.o(.ARM.Collect$$$$0000000A)
    _main_init                               0x0800012d   Thumb Code     0  entry9a.o(.ARM.Collect$$$$0000000B)
    __rt_final_cpp                           0x08000135   Thumb Code     0  entry10a.o(.ARM.Collect$$$$0000000D)
    __rt_final_exit                          0x08000135   Thumb Code     0  entry11a.o(.ARM.Collect$$$$0000000F)
    Reset_Handler                            0x08000139   Thumb Code     8  startup_stm32l151xc.o(.text)
    ADC1_IRQHandler                          0x08000153   Thumb Code     0  startup_stm32l151xc.o(.text)
    COMP_ACQ_IRQHandler                      0x08000153   Thumb Code     0  startup_stm32l151xc.o(.text)
    COMP_IRQHandler                          0x08000153   Thumb Code     0  startup_stm32l151xc.o(.text)
    DAC_IRQHandler                           0x08000153   Thumb Code     0  startup_stm32l151xc.o(.text)
    DMA1_Channel1_IRQHandler                 0x08000153   Thumb Code     0  startup_stm32l151xc.o(.text)
    DMA1_Channel2_IRQHandler                 0x08000153   Thumb Code     0  startup_stm32l151xc.o(.text)
    DMA1_Channel3_IRQHandler                 0x08000153   Thumb Code     0  startup_stm32l151xc.o(.text)
    DMA1_Channel4_IRQHandler                 0x08000153   Thumb Code     0  startup_stm32l151xc.o(.text)
    DMA1_Channel5_IRQHandler                 0x08000153   Thumb Code     0  startup_stm32l151xc.o(.text)
    DMA1_Channel6_IRQHandler                 0x08000153   Thumb Code     0  startup_stm32l151xc.o(.text)
    DMA1_Channel7_IRQHandler                 0x08000153   Thumb Code     0  startup_stm32l151xc.o(.text)
    DMA2_Channel1_IRQHandler                 0x08000153   Thumb Code     0  startup_stm32l151xc.o(.text)
    DMA2_Channel2_IRQHandler                 0x08000153   Thumb Code     0  startup_stm32l151xc.o(.text)
    DMA2_Channel3_IRQHandler                 0x08000153   Thumb Code     0  startup_stm32l151xc.o(.text)
    DMA2_Channel4_IRQHandler                 0x08000153   Thumb Code     0  startup_stm32l151xc.o(.text)
    DMA2_Channel5_IRQHandler                 0x08000153   Thumb Code     0  startup_stm32l151xc.o(.text)
    EXTI0_IRQHandler                         0x08000153   Thumb Code     0  startup_stm32l151xc.o(.text)
    EXTI15_10_IRQHandler                     0x08000153   Thumb Code     0  startup_stm32l151xc.o(.text)
    EXTI1_IRQHandler                         0x08000153   Thumb Code     0  startup_stm32l151xc.o(.text)
    EXTI2_IRQHandler                         0x08000153   Thumb Code     0  startup_stm32l151xc.o(.text)
    EXTI3_IRQHandler                         0x08000153   Thumb Code     0  startup_stm32l151xc.o(.text)
    EXTI4_IRQHandler                         0x08000153   Thumb Code     0  startup_stm32l151xc.o(.text)
    EXTI9_5_IRQHandler                       0x08000153   Thumb Code     0  startup_stm32l151xc.o(.text)
    FLASH_IRQHandler                         0x08000153   Thumb Code     0  startup_stm32l151xc.o(.text)
    I2C1_ER_IRQHandler                       0x08000153   Thumb Code     0  startup_stm32l151xc.o(.text)
    I2C1_EV_IRQHandler                       0x08000153   Thumb Code     0  startup_stm32l151xc.o(.text)
    I2C2_ER_IRQHandler                       0x08000153   Thumb Code     0  startup_stm32l151xc.o(.text)
    I2C2_EV_IRQHandler                       0x08000153   Thumb Code     0  startup_stm32l151xc.o(.text)
    PVD_IRQHandler                           0x08000153   Thumb Code     0  startup_stm32l151xc.o(.text)
    RCC_IRQHandler                           0x08000153   Thumb Code     0  startup_stm32l151xc.o(.text)
    RTC_Alarm_IRQHandler                     0x08000153   Thumb Code     0  startup_stm32l151xc.o(.text)
    RTC_WKUP_IRQHandler                      0x08000153   Thumb Code     0  startup_stm32l151xc.o(.text)
    SPI1_IRQHandler                          0x08000153   Thumb Code     0  startup_stm32l151xc.o(.text)
    SPI2_IRQHandler                          0x08000153   Thumb Code     0  startup_stm32l151xc.o(.text)
    SPI3_IRQHandler                          0x08000153   Thumb Code     0  startup_stm32l151xc.o(.text)
    TAMPER_STAMP_IRQHandler                  0x08000153   Thumb Code     0  startup_stm32l151xc.o(.text)
    TIM10_IRQHandler                         0x08000153   Thumb Code     0  startup_stm32l151xc.o(.text)
    TIM11_IRQHandler                         0x08000153   Thumb Code     0  startup_stm32l151xc.o(.text)
    TIM3_IRQHandler                          0x08000153   Thumb Code     0  startup_stm32l151xc.o(.text)
    TIM4_IRQHandler                          0x08000153   Thumb Code     0  startup_stm32l151xc.o(.text)
    TIM5_IRQHandler                          0x08000153   Thumb Code     0  startup_stm32l151xc.o(.text)
    TIM6_IRQHandler                          0x08000153   Thumb Code     0  startup_stm32l151xc.o(.text)
    TIM7_IRQHandler                          0x08000153   Thumb Code     0  startup_stm32l151xc.o(.text)
    TIM9_IRQHandler                          0x08000153   Thumb Code     0  startup_stm32l151xc.o(.text)
    USART2_IRQHandler                        0x08000153   Thumb Code     0  startup_stm32l151xc.o(.text)
    USB_FS_WKUP_IRQHandler                   0x08000153   Thumb Code     0  startup_stm32l151xc.o(.text)
    USB_HP_IRQHandler                        0x08000153   Thumb Code     0  startup_stm32l151xc.o(.text)
    USB_LP_IRQHandler                        0x08000153   Thumb Code     0  startup_stm32l151xc.o(.text)
    WWDG_IRQHandler                          0x08000153   Thumb Code     0  startup_stm32l151xc.o(.text)
    __aeabi_uldivmod                         0x0800015d   Thumb Code    98  uldiv.o(.text)
    __aeabi_memcpy                           0x080001bf   Thumb Code    36  memcpya.o(.text)
    __aeabi_memcpy4                          0x080001bf   Thumb Code     0  memcpya.o(.text)
    __aeabi_memcpy8                          0x080001bf   Thumb Code     0  memcpya.o(.text)
    __aeabi_memset                           0x080001e3   Thumb Code    14  memseta.o(.text)
    __aeabi_memset4                          0x080001e3   Thumb Code     0  memseta.o(.text)
    __aeabi_memset8                          0x080001e3   Thumb Code     0  memseta.o(.text)
    __aeabi_memclr                           0x080001f1   Thumb Code     4  memseta.o(.text)
    __aeabi_memclr4                          0x080001f1   Thumb Code     0  memseta.o(.text)
    __aeabi_memclr8                          0x080001f1   Thumb Code     0  memseta.o(.text)
    _memset$wrapper                          0x080001f5   Thumb Code    18  memseta.o(.text)
    strstr                                   0x08000207   Thumb Code    36  strstr.o(.text)
    strlen                                   0x0800022b   Thumb Code    14  strlen.o(.text)
    __aeabi_dadd                             0x08000239   Thumb Code   322  dadd.o(.text)
    __aeabi_dsub                             0x0800037b   Thumb Code     6  dadd.o(.text)
    __aeabi_drsub                            0x08000381   Thumb Code     6  dadd.o(.text)
    __aeabi_dmul                             0x08000387   Thumb Code   228  dmul.o(.text)
    __aeabi_ddiv                             0x0800046b   Thumb Code   222  ddiv.o(.text)
    __aeabi_i2d                              0x08000549   Thumb Code    34  dflti.o(.text)
    __aeabi_ui2d                             0x0800056b   Thumb Code    26  dfltui.o(.text)
    __aeabi_d2uiz                            0x08000585   Thumb Code    50  dfixui.o(.text)
    __aeabi_llsl                             0x080005b7   Thumb Code    30  llshl.o(.text)
    _ll_shift_l                              0x080005b7   Thumb Code     0  llshl.o(.text)
    __aeabi_llsr                             0x080005d5   Thumb Code    32  llushr.o(.text)
    _ll_ushift_r                             0x080005d5   Thumb Code     0  llushr.o(.text)
    __aeabi_lasr                             0x080005f5   Thumb Code    36  llsshr.o(.text)
    _ll_sshift_r                             0x080005f5   Thumb Code     0  llsshr.o(.text)
    __I$use$fp                               0x08000619   Thumb Code     0  iusefp.o(.text)
    _double_round                            0x08000619   Thumb Code    30  depilogue.o(.text)
    _double_epilogue                         0x08000637   Thumb Code   156  depilogue.o(.text)
    __ARM_scalbn                             0x080006d3   Thumb Code    46  dscalb.o(.text)
    scalbn                                   0x080006d3   Thumb Code     0  dscalb.o(.text)
    __aeabi_cdrcmple                         0x08000701   Thumb Code    48  cdrcmple.o(.text)
    __scatterload                            0x08000731   Thumb Code    28  init.o(.text)
    __scatterload_rt2                        0x08000731   Thumb Code     0  init.o(.text)
    _dsqrt                                   0x08000755   Thumb Code   162  dsqrt.o(.text)
    __decompress                             0x080007f7   Thumb Code     0  __dczerorl2.o(.text)
    __decompress1                            0x080007f7   Thumb Code    86  __dczerorl2.o(.text)
    BT_Check_Up_Down                         0x0800084d   Thumb Code    80  user_check_button.o(i.BT_Check_Up_Down)
    BT_Esc_Exit_Setup                        0x080008b9   Thumb Code    66  user_check_button.o(i.BT_Esc_Exit_Setup)
    BT_Press_Click_Down                      0x0800090d   Thumb Code    22  check_button.o(i.BT_Press_Click_Down)
    BT_Press_Click_Up                        0x08000925   Thumb Code    26  check_button.o(i.BT_Press_Click_Up)
    BT_Press_Hold_Down                       0x08000945   Thumb Code    68  check_button.o(i.BT_Press_Hold_Down)
    BT_Press_Hold_Esc                        0x08000991   Thumb Code    96  check_button.o(i.BT_Press_Hold_Esc)
    BT_Press_Hold_Up                         0x080009f9   Thumb Code    64  check_button.o(i.BT_Press_Hold_Up)
    BusFault_Handler                         0x08000a41   Thumb Code     4  stm32l1xx_it.o(i.BusFault_Handler)
    CLCD_4BIT_Init                           0x08000a45   Thumb Code   228  clcd.o(i.CLCD_4BIT_Init)
    CLCD_SetCursor                           0x08000b35   Thumb Code    86  clcd.o(i.CLCD_SetCursor)
    CLCD_WriteChar                           0x08000d47   Thumb Code    40  clcd.o(i.CLCD_WriteChar)
    CLCD_WriteString                         0x08000d6f   Thumb Code    26  clcd.o(i.CLCD_WriteString)
    Char_To_Uint                             0x08000d89   Thumb Code   126  user_sim.o(i.Char_To_Uint)
    Check_BT_Callback                        0x08000e11   Thumb Code    50  main.o(i.Check_BT_Callback)
    Check_BT_DOWN                            0x08000e5d   Thumb Code    48  user_check_button.o(i.Check_BT_DOWN)
    Check_BT_ENTER                           0x08000e95   Thumb Code   158  user_check_button.o(i.Check_BT_ENTER)
    Check_BT_ESC                             0x08000f59   Thumb Code   122  user_check_button.o(i.Check_BT_ESC)
    Check_BT_UP                              0x08000ff1   Thumb Code    48  user_check_button.o(i.Check_BT_UP)
    Check_Command_No_Delay                   0x08001029   Thumb Code   506  uart_sim.o(i.Check_Command_No_Delay)
    Check_CountBuffer_Complete_Uart1         0x08001231   Thumb Code   108  user_uart.o(i.Check_CountBuffer_Complete_Uart1)
    Check_CountBuffer_Complete_Uart3         0x080012a9   Thumb Code   108  user_uart.o(i.Check_CountBuffer_Complete_Uart3)
    Check_Disconnect_Error                   0x08001321   Thumb Code   278  uart_sim.o(i.Check_Disconnect_Error)
    Check_Disconnect_Error_SIM               0x08001451   Thumb Code   102  main.o(i.Check_Disconnect_Error_SIM)
    Check_Receive_sendData_Control           0x080014e9   Thumb Code   108  user_sim.o(i.Check_Receive_sendData_Control)
    Check_Test                               0x08001585   Thumb Code   120  main.o(i.Check_Test)
    Compare_Uart1_RX_Uart3_TX_True_Display   0x08001615   Thumb Code   318  uart_sim.o(i.Compare_Uart1_RX_Uart3_TX_True_Display)
    Config_SIM_In_While                      0x08001755   Thumb Code   308  uart_sim.o(i.Config_SIM_In_While)
    Config_SMS                               0x080018a5   Thumb Code   148  uart_sim.o(i.Config_SMS)
    Config_TCP                               0x0800195d   Thumb Code   428  uart_sim.o(i.Config_TCP)
    Config_Uart_Sim                          0x08001ba9   Thumb Code   664  uart_sim.o(i.Config_Uart_Sim)
    Connect_Server_SIM                       0x08001ec1   Thumb Code   246  uart_sim.o(i.Connect_Server_SIM)
    Control_Read_News_Flash                  0x08001fc5   Thumb Code   104  user_sim.o(i.Control_Read_News_Flash)
    Control_Write_News_Flash                 0x0800203d   Thumb Code   172  user_sim.o(i.Control_Write_News_Flash)
    DebugMon_Handler                         0x08002101   Thumb Code     2  stm32l1xx_it.o(i.DebugMon_Handler)
    Delete_Buffer                            0x08002103   Thumb Code    40  user_uart.o(i.Delete_Buffer)
    Display_Time                             0x0800212d   Thumb Code    52  main.o(i.Display_Time)
    Error_Cipsend                            0x08002171   Thumb Code    74  user_sim.o(i.Error_Cipsend)
    Error_Handler                            0x080021c5   Thumb Code     2  main.o(i.Error_Handler)
    FLASH_PageErase                          0x080021c9   Thumb Code    32  stm32l1xx_hal_flash_ex.o(i.FLASH_PageErase)
    FLASH_ReadData32                         0x080021f1   Thumb Code     6  flash_memory.o(i.FLASH_ReadData32)
    FLASH_ReadNews                           0x080021f7   Thumb Code   100  flash_memory.o(i.FLASH_ReadNews)
    FLASH_WaitForLastOperation               0x080022e5   Thumb Code   122  stm32l1xx_hal_flash.o(i.FLASH_WaitForLastOperation)
    FLASH_WriteNews                          0x08002365   Thumb Code   124  flash_memory.o(i.FLASH_WriteNews)
    FLASH_WriteNews_Earse                    0x080023e1   Thumb Code   146  flash_memory.o(i.FLASH_WriteNews_Earse)
    FLASH_WritePage                          0x08002473   Thumb Code    96  flash_memory.o(i.FLASH_WritePage)
    Get_Real_Time                            0x080024d5   Thumb Code   566  uart_sim.o(i.Get_Real_Time)
    HAL_DMA_Abort                            0x08002729   Thumb Code    76  stm32l1xx_hal_dma.o(i.HAL_DMA_Abort)
    HAL_DMA_Abort_IT                         0x08002775   Thumb Code    78  stm32l1xx_hal_dma.o(i.HAL_DMA_Abort_IT)
    HAL_Delay                                0x080027c5   Thumb Code    34  stm32l1xx_hal.o(i.HAL_Delay)
    HAL_FLASHEx_Erase                        0x080027ed   Thumb Code   126  stm32l1xx_hal_flash_ex.o(i.HAL_FLASHEx_Erase)
    HAL_FLASH_Lock                           0x08002875   Thumb Code    14  stm32l1xx_hal_flash.o(i.HAL_FLASH_Lock)
    HAL_FLASH_Program                        0x08002889   Thumb Code    58  stm32l1xx_hal_flash.o(i.HAL_FLASH_Program)
    HAL_FLASH_Unlock                         0x080028c9   Thumb Code    66  stm32l1xx_hal_flash.o(i.HAL_FLASH_Unlock)
    HAL_GPIO_Init                            0x08002929   Thumb Code   512  stm32l1xx_hal_gpio.o(i.HAL_GPIO_Init)
    HAL_GPIO_ReadPin                         0x08002b39   Thumb Code    14  stm32l1xx_hal_gpio.o(i.HAL_GPIO_ReadPin)
    HAL_GPIO_WritePin                        0x08002b47   Thumb Code    14  stm32l1xx_hal_gpio.o(i.HAL_GPIO_WritePin)
    HAL_GetTick                              0x08002b55   Thumb Code     6  stm32l1xx_hal.o(i.HAL_GetTick)
    HAL_IncTick                              0x08002b61   Thumb Code    12  stm32l1xx_hal.o(i.HAL_IncTick)
    HAL_Init                                 0x08002b71   Thumb Code    30  stm32l1xx_hal.o(i.HAL_Init)
    HAL_InitTick                             0x08002b91   Thumb Code    68  stm32l1xx_hal.o(i.HAL_InitTick)
    HAL_MspInit                              0x08002bdd   Thumb Code    88  stm32l1xx_hal_msp.o(i.HAL_MspInit)
    HAL_NVIC_EnableIRQ                       0x08002c39   Thumb Code    28  stm32l1xx_hal_cortex.o(i.HAL_NVIC_EnableIRQ)
    HAL_NVIC_SetPriority                     0x08002c55   Thumb Code    98  stm32l1xx_hal_cortex.o(i.HAL_NVIC_SetPriority)
    HAL_NVIC_SetPriorityGrouping             0x08002cbd   Thumb Code    30  stm32l1xx_hal_cortex.o(i.HAL_NVIC_SetPriorityGrouping)
    HAL_RCCEx_PeriphCLKConfig                0x08002ce1   Thumb Code   320  stm32l1xx_hal_rcc_ex.o(i.HAL_RCCEx_PeriphCLKConfig)
    HAL_RCC_ClockConfig                      0x08002e35   Thumb Code   502  stm32l1xx_hal_rcc.o(i.HAL_RCC_ClockConfig)
    HAL_RCC_GetHCLKFreq                      0x08003045   Thumb Code     6  stm32l1xx_hal_rcc.o(i.HAL_RCC_GetHCLKFreq)
    HAL_RCC_GetPCLK1Freq                     0x08003051   Thumb Code    22  stm32l1xx_hal_rcc.o(i.HAL_RCC_GetPCLK1Freq)
    HAL_RCC_GetPCLK2Freq                     0x08003071   Thumb Code    22  stm32l1xx_hal_rcc.o(i.HAL_RCC_GetPCLK2Freq)
    HAL_RCC_GetSysClockFreq                  0x08003091   Thumb Code    98  stm32l1xx_hal_rcc.o(i.HAL_RCC_GetSysClockFreq)
    HAL_RCC_OscConfig                        0x08003105   Thumb Code  1498  stm32l1xx_hal_rcc.o(i.HAL_RCC_OscConfig)
    HAL_RTCEx_BKUPRead                       0x080036e9   Thumb Code    12  stm32l1xx_hal_rtc_ex.o(i.HAL_RTCEx_BKUPRead)
    HAL_RTCEx_BKUPWrite                      0x080036f5   Thumb Code    12  stm32l1xx_hal_rtc_ex.o(i.HAL_RTCEx_BKUPWrite)
    HAL_RTC_GetDate                          0x08003701   Thumb Code    72  stm32l1xx_hal_rtc.o(i.HAL_RTC_GetDate)
    HAL_RTC_GetTime                          0x08003749   Thumb Code    90  stm32l1xx_hal_rtc.o(i.HAL_RTC_GetTime)
    HAL_RTC_Init                             0x080037a9   Thumb Code   186  stm32l1xx_hal_rtc.o(i.HAL_RTC_Init)
    HAL_RTC_MspInit                          0x08003865   Thumb Code    16  stm32l1xx_hal_msp.o(i.HAL_RTC_MspInit)
    HAL_RTC_SetDate                          0x0800387d   Thumb Code   218  stm32l1xx_hal_rtc.o(i.HAL_RTC_SetDate)
    HAL_RTC_SetTime                          0x08003959   Thumb Code   250  stm32l1xx_hal_rtc.o(i.HAL_RTC_SetTime)
    HAL_RTC_WaitForSynchro                   0x08003a59   Thumb Code    68  stm32l1xx_hal_rtc.o(i.HAL_RTC_WaitForSynchro)
    HAL_SYSTICK_Callback                     0x08003a9d   Thumb Code    88  check_button.o(i.HAL_SYSTICK_Callback)
    HAL_SYSTICK_Config                       0x08003b11   Thumb Code    36  stm32l1xx_hal_cortex.o(i.HAL_SYSTICK_Config)
    HAL_SYSTICK_IRQHandler                   0x08003b39   Thumb Code     8  stm32l1xx_hal_cortex.o(i.HAL_SYSTICK_IRQHandler)
    HAL_TIMEx_MasterConfigSynchronization    0x08003b41   Thumb Code   114  stm32l1xx_hal_tim_ex.o(i.HAL_TIMEx_MasterConfigSynchronization)
    HAL_TIM_Base_Init                        0x08003bb3   Thumb Code    76  stm32l1xx_hal_tim.o(i.HAL_TIM_Base_Init)
    HAL_TIM_Base_MspInit                     0x08003c01   Thumb Code    58  stm32l1xx_hal_msp.o(i.HAL_TIM_Base_MspInit)
    HAL_TIM_Base_Start_IT                    0x08003c41   Thumb Code    98  stm32l1xx_hal_tim.o(i.HAL_TIM_Base_Start_IT)
    HAL_TIM_ConfigClockSource                0x08003ca3   Thumb Code   228  stm32l1xx_hal_tim.o(i.HAL_TIM_ConfigClockSource)
    HAL_TIM_IC_CaptureCallback               0x08003d87   Thumb Code     2  stm32l1xx_hal_tim.o(i.HAL_TIM_IC_CaptureCallback)
    HAL_TIM_IRQHandler                       0x08003d89   Thumb Code   308  stm32l1xx_hal_tim.o(i.HAL_TIM_IRQHandler)
    HAL_TIM_OC_DelayElapsedCallback          0x08003ebd   Thumb Code     2  stm32l1xx_hal_tim.o(i.HAL_TIM_OC_DelayElapsedCallback)
    HAL_TIM_PWM_PulseFinishedCallback        0x08003ebf   Thumb Code     2  stm32l1xx_hal_tim.o(i.HAL_TIM_PWM_PulseFinishedCallback)
    HAL_TIM_PeriodElapsedCallback            0x08003ec1   Thumb Code    22  main.o(i.HAL_TIM_PeriodElapsedCallback)
    HAL_TIM_TriggerCallback                  0x08003ee1   Thumb Code     2  stm32l1xx_hal_tim.o(i.HAL_TIM_TriggerCallback)
    HAL_UARTEx_RxEventCallback               0x08003ee3   Thumb Code     2  stm32l1xx_hal_uart.o(i.HAL_UARTEx_RxEventCallback)
    HAL_UART_ErrorCallback                   0x08003ee5   Thumb Code     2  stm32l1xx_hal_uart.o(i.HAL_UART_ErrorCallback)
    HAL_UART_IRQHandler                      0x08003ee9   Thumb Code   506  stm32l1xx_hal_uart.o(i.HAL_UART_IRQHandler)
    HAL_UART_Init                            0x080040e9   Thumb Code   100  stm32l1xx_hal_uart.o(i.HAL_UART_Init)
    HAL_UART_MspInit                         0x0800414d   Thumb Code   246  stm32l1xx_hal_msp.o(i.HAL_UART_MspInit)
    HAL_UART_Receive_IT                      0x08004259   Thumb Code    46  stm32l1xx_hal_uart.o(i.HAL_UART_Receive_IT)
    HAL_UART_RxCpltCallback                  0x08004289   Thumb Code    86  main.o(i.HAL_UART_RxCpltCallback)
    HAL_UART_Transmit                        0x080042f1   Thumb Code   202  stm32l1xx_hal_uart.o(i.HAL_UART_Transmit)
    HAL_UART_TxCpltCallback                  0x080043bb   Thumb Code     2  stm32l1xx_hal_uart.o(i.HAL_UART_TxCpltCallback)
    HardFault_Handler                        0x080043bd   Thumb Code     4  stm32l1xx_it.o(i.HardFault_Handler)
    LCD_Change_State_Setup_T1_T2_T3          0x080043c1   Thumb Code    58  user_lcd_object.o(i.LCD_Change_State_Setup_T1_T2_T3)
    LCD_Change_State_Time_HH_MM_SS           0x08004415   Thumb Code    58  user_lcd_object.o(i.LCD_Change_State_Time_HH_MM_SS)
    LCD_Display_Esc                          0x08004469   Thumb Code    84  lcd_object.o(i.LCD_Display_Esc)
    LCD_Display_Running_OR_Setup             0x080044bd   Thumb Code    32  lcd_object.o(i.LCD_Display_Running_OR_Setup)
    LCD_Display_Time                         0x080044dd   Thumb Code    70  lcd_object.o(i.LCD_Display_Time)
    LCD_Display_Time1_Time2_Time3            0x08004523   Thumb Code    84  lcd_object.o(i.LCD_Display_Time1_Time2_Time3)
    LCD_Send_Data                            0x08004577   Thumb Code    26  lcd_object.o(i.LCD_Send_Data)
    MemManage_Handler                        0x08004855   Thumb Code     4  stm32l1xx_it.o(i.MemManage_Handler)
    Module_SIM                               0x08004859   Thumb Code    58  main.o(i.Module_SIM)
    NMI_Handler                              0x080048ad   Thumb Code     2  stm32l1xx_it.o(i.NMI_Handler)
    Packing_News                             0x080048b1   Thumb Code   120  user_sim.o(i.Packing_News)
    PendSV_Handler                           0x08004945   Thumb Code     2  stm32l1xx_it.o(i.PendSV_Handler)
    RTC_Bcd2ToByte                           0x080049e1   Thumb Code    18  stm32l1xx_hal_rtc.o(i.RTC_Bcd2ToByte)
    RTC_ByteToBcd2                           0x080049f3   Thumb Code    24  stm32l1xx_hal_rtc.o(i.RTC_ByteToBcd2)
    RTC_EnterInitMode                        0x08004a0b   Thumb Code    66  stm32l1xx_hal_rtc.o(i.RTC_EnterInitMode)
    Read_Flash                               0x08004a4d   Thumb Code    58  main.o(i.Read_Flash)
    Receive_Control_Setup                    0x08004a9d   Thumb Code   328  user_sim.o(i.Receive_Control_Setup)
    Receive_SMS_Setup                        0x08004c0d   Thumb Code   280  user_sim.o(i.Receive_SMS_Setup)
    Reset_Relay_Led                          0x08004d25   Thumb Code    50  relay_led.o(i.Reset_Relay_Led)
    Reset_SendData                           0x08004d59   Thumb Code     8  user_sim.o(i.Reset_SendData)
    Run_Begin                                0x08004d65   Thumb Code    74  user_check_button.o(i.Run_Begin)
    Run_Feed_Shrimp                          0x08004dc1   Thumb Code   162  main.o(i.Run_Feed_Shrimp)
    SVC_Handler                              0x08004e79   Thumb Code     2  stm32l1xx_it.o(i.SVC_Handler)
    SendData_Control_SIM                     0x08004e7d   Thumb Code   242  main.o(i.SendData_Control_SIM)
    SendData_Server                          0x08004fbd   Thumb Code   952  user_sim.o(i.SendData_Server)
    Set_RTC                                  0x080053b1   Thumb Code    60  main.o(i.Set_RTC)
    Set_Time                                 0x080053f9   Thumb Code   106  main.o(i.Set_Time)
    Setup_On_Off_Sim                         0x0800546d   Thumb Code   110  uart_sim.o(i.Setup_On_Off_Sim)
    Setup_SIM                                0x080054e5   Thumb Code    80  uart_sim.o(i.Setup_SIM)
    SysTick_Handler                          0x08005541   Thumb Code    12  stm32l1xx_it.o(i.SysTick_Handler)
    SystemClock_Config                       0x0800554d   Thumb Code   126  main.o(i.SystemClock_Config)
    SystemInit                               0x080055d1   Thumb Code    82  system_stm32l1xx.o(i.SystemInit)
    TIM2_IRQHandler                          0x08005635   Thumb Code    10  stm32l1xx_it.o(i.TIM2_IRQHandler)
    Time_Current                             0x0800573d   Thumb Code   132  main.o(i.Time_Current)
    Transmit_CFUN                            0x080057d5   Thumb Code   148  uart_sim.o(i.Transmit_CFUN)
    Transmit_Data_Uart                       0x0800588d   Thumb Code    48  user_uart.o(i.Transmit_Data_Uart)
    UART_Start_Receive_IT                    0x08005b2d   Thumb Code    54  stm32l1xx_hal_uart.o(i.UART_Start_Receive_IT)
    USART1_IRQHandler                        0x08005c39   Thumb Code    10  stm32l1xx_it.o(i.USART1_IRQHandler)
    USART3_IRQHandler                        0x08005c49   Thumb Code    10  stm32l1xx_it.o(i.USART3_IRQHandler)
    USER_LCD_Change_Setup                    0x08005c59   Thumb Code    28  user_lcd_object.o(i.USER_LCD_Change_Setup)
    USER_LCD_Display_Running                 0x08005c8d   Thumb Code    50  user_lcd_object.o(i.USER_LCD_Display_Running)
    USER_LCD_Display_Running_OR_Setup        0x08005ce1   Thumb Code    32  user_lcd_object.o(i.USER_LCD_Display_Running_OR_Setup)
    USER_LCD_Display_Setup                   0x08005d09   Thumb Code    50  user_lcd_object.o(i.USER_LCD_Display_Setup)
    USER_LCD_Display_Time                    0x08005d5d   Thumb Code    18  user_lcd_object.o(i.USER_LCD_Display_Time)
    UintTime_To_CharTime_HH_MM_SS            0x08005d7d   Thumb Code    34  user_lcd_object.o(i.UintTime_To_CharTime_HH_MM_SS)
    UintTime_To_CharTime_T1_T2_T3            0x08005dad   Thumb Code    34  user_lcd_object.o(i.UintTime_To_CharTime_T1_T2_T3)
    Uint_To_Char_Sim                         0x08005ddd   Thumb Code    72  convert_variable.o(i.Uint_To_Char_Sim)
    UsageFault_Handler                       0x08005e25   Thumb Code     4  stm32l1xx_it.o(i.UsageFault_Handler)
    Variable_To_Char                         0x08005e29   Thumb Code    62  convert_variable.o(i.Variable_To_Char)
    Variable_To_Char_Time                    0x08005e67   Thumb Code    46  convert_variable.o(i.Variable_To_Char_Time)
    Write_Data_News                          0x08005e95   Thumb Code   374  user_sim.o(i.Write_Data_News)
    __ARM_fpclassify                         0x08006011   Thumb Code    40  fpclassify.o(i.__ARM_fpclassify)
    __kernel_poly                            0x08006039   Thumb Code   170  poly.o(i.__kernel_poly)
    __mathlib_dbl_divzero                    0x080060e5   Thumb Code    12  dunder.o(i.__mathlib_dbl_divzero)
    __mathlib_dbl_infnan2                    0x080060f5   Thumb Code     4  dunder.o(i.__mathlib_dbl_infnan2)
    __mathlib_dbl_invalid                    0x080060f9   Thumb Code    12  dunder.o(i.__mathlib_dbl_invalid)
    __mathlib_dbl_overflow                   0x08006105   Thumb Code    14  dunder.o(i.__mathlib_dbl_overflow)
    __mathlib_dbl_underflow                  0x08006115   Thumb Code    10  dunder.o(i.__mathlib_dbl_underflow)
    __scatterload_copy                       0x08006125   Thumb Code    14  handlers.o(i.__scatterload_copy)
    __scatterload_null                       0x08006133   Thumb Code     2  handlers.o(i.__scatterload_null)
    __scatterload_zeroinit                   0x08006135   Thumb Code    14  handlers.o(i.__scatterload_zeroinit)
    __set_errno                              0x08006145   Thumb Code     6  errno.o(i.__set_errno)
    free                                     0x08006151   Thumb Code    76  malloc.o(i.free)
    main                                     0x080061a1   Thumb Code   272  main.o(i.main)
    malloc                                   0x080062f9   Thumb Code    92  malloc.o(i.malloc)
    pow                                      0x08006365   Thumb Code  2512  pow.o(i.pow)
    sqrt                                     0x08006d3d   Thumb Code    76  sqrt.o(i.sqrt)
    PLLMulTable                              0x08006d88   Data           9  system_stm32l1xx.o(.constdata)
    AHBPrescTable                            0x08006d91   Data          16  system_stm32l1xx.o(.constdata)
    APBPrescTable                            0x08006da1   Data           8  system_stm32l1xx.o(.constdata)
    __mathlib_zero                           0x08006e38   Data           8  qnan.o(.constdata)
    Region$$Table$$Base                      0x08006e90   Number         0  anon$$obj.o(Region$$Table)
    Region$$Table$$Limit                     0x08006eb0   Number         0  anon$$obj.o(Region$$Table)
    check_BT_run_up                          0x20000000   Data           2  check_button.o(.data)
    check_BT_run_down                        0x20000002   Data           2  check_button.o(.data)
    check_BT_run_esc                         0x20000004   Data           2  check_button.o(.data)
    run_BT_time                              0x20000006   Data           2  check_button.o(.data)
    run_BT_begin                             0x20000008   Data           2  check_button.o(.data)
    run_BT_Esc_time                          0x2000000a   Data           2  check_button.o(.data)
    SYSTICK_count_ms                         0x2000000c   Data           4  check_button.o(.data)
    check10Times                             0x20000010   Data           1  uart_sim.o(.data)
    Get_systick_Rx_Uart3                     0x20000012   Data           2  uart_sim.o(.data)
    check_Transmit                           0x20000014   Data           1  uart_sim.o(.data)
    count_Transmit_TCP                       0x20000015   Data           1  uart_sim.o(.data)
    count_Transmit_SMS                       0x20000016   Data           1  uart_sim.o(.data)
    count_Transmit_Uart_SIM                  0x20000017   Data           1  uart_sim.o(.data)
    count_Transmit_CFUN                      0x20000018   Data           1  uart_sim.o(.data)
    count_Connect_Server                     0x20000019   Data           1  uart_sim.o(.data)
    time_10_TCP                              0x2000001a   Data           1  uart_sim.o(.data)
    time_10_SMS                              0x2000001b   Data           1  uart_sim.o(.data)
    time_10_Uart_SIM                         0x2000001c   Data           1  uart_sim.o(.data)
    time_3_Uart_SIM                          0x2000001d   Data           1  uart_sim.o(.data)
    time_10_CFUN                             0x2000001e   Data           1  uart_sim.o(.data)
    get_systick_command                      0x20000020   Data           4  uart_sim.o(.data)
    check_timeOut                            0x20000024   Data           1  uart_sim.o(.data)
    check_systick_Sim                        0x20000028   Data           4  uart_sim.o(.data)
    check_config_Sim                         0x2000002c   Data           1  uart_sim.o(.data)
    check_config_SIM                         0x2000002e   Data           2  uart_sim.o(.data)
    check_systick_CCLK                       0x20000030   Data           1  uart_sim.o(.data)
    get_systick_CCLK                         0x20000034   Data           4  uart_sim.o(.data)
    check_countBuffer_uart1                  0x20000038   Data           2  user_uart.o(.data)
    Get_systick_countBuffer_uart1            0x2000003c   Data           4  user_uart.o(.data)
    State_systick_countBuffer_uart1          0x20000040   Data           2  user_uart.o(.data)
    check_countBuffer_uart3                  0x20000042   Data           2  user_uart.o(.data)
    Get_systick_countBuffer_uart3            0x20000044   Data           4  user_uart.o(.data)
    State_systick_countBuffer_uart3          0x20000048   Data           2  user_uart.o(.data)
    count_news                               0x2000004c   Data           4  user_sim.o(.data)
    getTick_error_cipsend                    0x20000050   Data           4  user_sim.o(.data)
    check_cipsend                            0x20000054   Data           1  user_sim.o(.data)
    send_data                                0x20000055   Data           1  user_sim.o(.data)
    Sim_Control                              0x20000056   Data           4  user_sim.o(.data)
    flash_addr_write                         0x2000005c   Data           4  user_sim.o(.data)
    flash_addr_read                          0x20000060   Data           4  user_sim.o(.data)
    flash_page_write                         0x20000064   Data           4  user_sim.o(.data)
    flash_page_read                          0x20000068   Data           4  user_sim.o(.data)
    BT_enter                                 0x2000006c   Data           2  user_check_button.o(.data)
    BT_esc                                   0x2000006e   Data           2  user_check_button.o(.data)
    BT_up                                    0x20000070   Data           2  user_check_button.o(.data)
    BT_down                                  0x20000072   Data           2  user_check_button.o(.data)
    stampTime1                               0x20000074   Data           4  user_check_button.o(.data)
    stampTime2                               0x20000078   Data           4  user_check_button.o(.data)
    stampTime3                               0x2000007c   Data           4  user_check_button.o(.data)
    ptrStamp                                 0x20000080   Data           4  user_check_button.o(.data)
    load_flash                               0x20000084   Data           4  user_check_button.o(.data)
    check_hold_esc                           0x20000088   Data           2  user_check_button.o(.data)
    check_time1                              0x2000008c   Data           4  user_lcd_object.o(.data)
    check_time2                              0x20000090   Data           4  user_lcd_object.o(.data)
    check_time3                              0x20000094   Data           4  user_lcd_object.o(.data)
    check_SS                                 0x20000098   Data           4  user_lcd_object.o(.data)
    check_MM                                 0x2000009c   Data           2  user_lcd_object.o(.data)
    check_HH                                 0x2000009e   Data           2  user_lcd_object.o(.data)
    HH                                       0x200000a0   Data           3  user_lcd_object.o(.data)
    MM                                       0x200000a3   Data           3  user_lcd_object.o(.data)
    SS                                       0x200000a6   Data           3  user_lcd_object.o(.data)
    LCD_Running                              0x200000ac   Data          12  user_lcd_object.o(.data)
    LCD_Setup                                0x200000b8   Data          12  user_lcd_object.o(.data)
    LCD_SetupT1                              0x200000c4   Data          12  user_lcd_object.o(.data)
    LCD_SetupT2                              0x200000d0   Data          12  user_lcd_object.o(.data)
    LCD_SetupT3                              0x200000dc   Data          12  user_lcd_object.o(.data)
    LCD_Time_HH                              0x200000e8   Data          12  user_lcd_object.o(.data)
    LCD_Time_MM                              0x200000f4   Data          12  user_lcd_object.o(.data)
    LCD_Time_SS                              0x20000100   Data          12  user_lcd_object.o(.data)
    LCD_Time1                                0x2000010c   Data          12  user_lcd_object.o(.data)
    LCD_Time2                                0x20000118   Data          12  user_lcd_object.o(.data)
    LCD_Time3                                0x20000124   Data          12  user_lcd_object.o(.data)
    runTime                                  0x20000130   Data           4  main.o(.data)
    time1                                    0x20000134   Data           4  main.o(.data)
    time2                                    0x20000138   Data           4  main.o(.data)
    time3                                    0x2000013c   Data           4  main.o(.data)
    State                                    0x20000140   Data           2  main.o(.data)
    checkState                               0x20000142   Data           2  main.o(.data)
    countState                               0x20000144   Data           2  main.o(.data)
    setupCount                               0x20000146   Data           2  main.o(.data)
    check_Power_OFF                          0x20000148   Data           2  main.o(.data)
    check_config                             0x2000014a   Data           1  main.o(.data)
    check_connect                            0x2000014b   Data           1  main.o(.data)
    hh                                       0x2000014c   Data           2  main.o(.data)
    mm                                       0x2000014e   Data           2  main.o(.data)
    ss                                       0x20000150   Data           2  main.o(.data)
    sDate                                    0x20000152   Data           4  main.o(.data)
    RTC_Current                              0x20000156   Data           7  main.o(.data)
    get_RTC                                  0x2000015d   Data           1  main.o(.data)
    get_RTC_complete                         0x2000015e   Data           1  main.o(.data)
    run_Time_Current                         0x2000015f   Data           1  main.o(.data)
    k                                        0x20000160   Data           4  main.o(.data)
    SystemCoreClock                          0x20000164   Data           4  system_stm32l1xx.o(.data)
    uwTickPrio                               0x20000168   Data           4  stm32l1xx_hal.o(.data)
    uwTickFreq                               0x2000016c   Data           4  stm32l1xx_hal.o(.data)
    uwTick                                   0x20000170   Data           4  stm32l1xx_hal.o(.data)
    __microlib_freelist                      0x20000174   Data           4  mvars.o(.data)
    __microlib_freelist_initialised          0x20000178   Data           4  mvars.o(.data)
    News                                     0x20000180   Data          32  user_sim.o(.bss)
    stamp_time1                              0x200001a0   Data           9  user_lcd_object.o(.bss)
    stamp_time2                              0x200001a9   Data           9  user_lcd_object.o(.bss)
    stamp_time3                              0x200001b2   Data           9  user_lcd_object.o(.bss)
    hrtc                                     0x200001bc   Data          32  main.o(.bss)
    htim2                                    0x200001dc   Data          64  main.o(.bss)
    huart1                                   0x2000021c   Data          68  main.o(.bss)
    huart3                                   0x20000260   Data          68  main.o(.bss)
    LCD                                      0x200002a4   Data          88  main.o(.bss)
    rx_uart3                                 0x200002fc   Data        5008  main.o(.bss)
    rx_uart1                                 0x2000168c   Data        5008  main.o(.bss)
    sTime                                    0x20002a1c   Data          20  main.o(.bss)
    pFlash                                   0x20002a30   Data          24  stm32l1xx_hal_flash.o(.bss)
    __heap_base                              0x20002a48   Data           0  startup_stm32l151xc.o(HEAP)
    __heap_limit                             0x20002c48   Data           0  startup_stm32l151xc.o(HEAP)
    __initial_sp                             0x20003048   Data           0  startup_stm32l151xc.o(STACK)



==============================================================================

Memory Map of the image

  Image Entry point : 0x08000125

  Load Region LR_IROM1 (Base: 0x08000000, Size: 0x00007030, Max: 0x00040000, ABSOLUTE, COMPRESSED[0x00006f0c])

    Execution Region ER_IROM1 (Exec base: 0x08000000, Load base: 0x08000000, Size: 0x00006eb0, Max: 0x00040000, ABSOLUTE)

    Exec Addr    Load Addr    Size         Type   Attr      Idx    E Section Name        Object

    0x08000000   0x08000000   0x00000124   Data   RO            3    RESET               startup_stm32l151xc.o
    0x08000124   0x08000124   0x00000000   Code   RO         4213  * .ARM.Collect$$$$00000000  mc_w.l(entry.o)
    0x08000124   0x08000124   0x00000004   Code   RO         4307    .ARM.Collect$$$$00000001  mc_w.l(entry2.o)
    0x08000128   0x08000128   0x00000004   Code   RO         4310    .ARM.Collect$$$$00000004  mc_w.l(entry5.o)
    0x0800012c   0x0800012c   0x00000000   Code   RO         4312    .ARM.Collect$$$$00000008  mc_w.l(entry7b.o)
    0x0800012c   0x0800012c   0x00000000   Code   RO         4314    .ARM.Collect$$$$0000000A  mc_w.l(entry8b.o)
    0x0800012c   0x0800012c   0x00000008   Code   RO         4315    .ARM.Collect$$$$0000000B  mc_w.l(entry9a.o)
    0x08000134   0x08000134   0x00000000   Code   RO         4317    .ARM.Collect$$$$0000000D  mc_w.l(entry10a.o)
    0x08000134   0x08000134   0x00000000   Code   RO         4319    .ARM.Collect$$$$0000000F  mc_w.l(entry11a.o)
    0x08000134   0x08000134   0x00000004   Code   RO         4308    .ARM.Collect$$$$00002712  mc_w.l(entry2.o)
    0x08000138   0x08000138   0x00000024   Code   RO            4    .text               startup_stm32l151xc.o
    0x0800015c   0x0800015c   0x00000062   Code   RO         4216    .text               mc_w.l(uldiv.o)
    0x080001be   0x080001be   0x00000024   Code   RO         4218    .text               mc_w.l(memcpya.o)
    0x080001e2   0x080001e2   0x00000024   Code   RO         4220    .text               mc_w.l(memseta.o)
    0x08000206   0x08000206   0x00000024   Code   RO         4222    .text               mc_w.l(strstr.o)
    0x0800022a   0x0800022a   0x0000000e   Code   RO         4224    .text               mc_w.l(strlen.o)
    0x08000238   0x08000238   0x0000014e   Code   RO         4258    .text               mf_w.l(dadd.o)
    0x08000386   0x08000386   0x000000e4   Code   RO         4260    .text               mf_w.l(dmul.o)
    0x0800046a   0x0800046a   0x000000de   Code   RO         4262    .text               mf_w.l(ddiv.o)
    0x08000548   0x08000548   0x00000022   Code   RO         4266    .text               mf_w.l(dflti.o)
    0x0800056a   0x0800056a   0x0000001a   Code   RO         4268    .text               mf_w.l(dfltui.o)
    0x08000584   0x08000584   0x00000032   Code   RO         4272    .text               mf_w.l(dfixui.o)
    0x080005b6   0x080005b6   0x0000001e   Code   RO         4321    .text               mc_w.l(llshl.o)
    0x080005d4   0x080005d4   0x00000020   Code   RO         4323    .text               mc_w.l(llushr.o)
    0x080005f4   0x080005f4   0x00000024   Code   RO         4325    .text               mc_w.l(llsshr.o)
    0x08000618   0x08000618   0x00000000   Code   RO         4336    .text               mc_w.l(iusefp.o)
    0x08000618   0x08000618   0x000000ba   Code   RO         4339    .text               mf_w.l(depilogue.o)
    0x080006d2   0x080006d2   0x0000002e   Code   RO         4341    .text               mf_w.l(dscalb.o)
    0x08000700   0x08000700   0x00000030   Code   RO         4343    .text               mf_w.l(cdrcmple.o)
    0x08000730   0x08000730   0x00000024   Code   RO         4345    .text               mc_w.l(init.o)
    0x08000754   0x08000754   0x000000a2   Code   RO         4347    .text               mf_w.l(dsqrt.o)
    0x080007f6   0x080007f6   0x00000056   Code   RO         4359    .text               mc_w.l(__dczerorl2.o)
    0x0800084c   0x0800084c   0x0000006c   Code   RO          940    i.BT_Check_Up_Down  user_check_button.o
    0x080008b8   0x080008b8   0x00000054   Code   RO          941    i.BT_Esc_Exit_Setup  user_check_button.o
    0x0800090c   0x0800090c   0x00000016   Code   RO           13    i.BT_Press_Click_Down  check_button.o
    0x08000922   0x08000922   0x00000002   PAD
    0x08000924   0x08000924   0x00000020   Code   RO           14    i.BT_Press_Click_Up  check_button.o
    0x08000944   0x08000944   0x0000004c   Code   RO           15    i.BT_Press_Hold_Down  check_button.o
    0x08000990   0x08000990   0x00000068   Code   RO           16    i.BT_Press_Hold_Esc  check_button.o
    0x080009f8   0x080009f8   0x00000048   Code   RO           17    i.BT_Press_Hold_Up  check_button.o
    0x08000a40   0x08000a40   0x00000004   Code   RO         1254    i.BusFault_Handler  stm32l1xx_it.o
    0x08000a44   0x08000a44   0x000000e4   Code   RO          177    i.CLCD_4BIT_Init    clcd.o
    0x08000b28   0x08000b28   0x0000000c   Code   RO          184    i.CLCD_Delay        clcd.o
    0x08000b34   0x08000b34   0x0000005c   Code   RO          186    i.CLCD_SetCursor    clcd.o
    0x08000b90   0x08000b90   0x000000fc   Code   RO          187    i.CLCD_Write4       clcd.o
    0x08000c8c   0x08000c8c   0x000000ba   Code   RO          188    i.CLCD_Write8       clcd.o
    0x08000d46   0x08000d46   0x00000028   Code   RO          189    i.CLCD_WriteChar    clcd.o
    0x08000d6e   0x08000d6e   0x0000001a   Code   RO          190    i.CLCD_WriteString  clcd.o
    0x08000d88   0x08000d88   0x00000088   Code   RO          844    i.Char_To_Uint      user_sim.o
    0x08000e10   0x08000e10   0x0000004c   Code   RO         1086    i.Check_BT_Callback  main.o
    0x08000e5c   0x08000e5c   0x00000038   Code   RO          942    i.Check_BT_DOWN     user_check_button.o
    0x08000e94   0x08000e94   0x000000c4   Code   RO          943    i.Check_BT_ENTER    user_check_button.o
    0x08000f58   0x08000f58   0x00000098   Code   RO          944    i.Check_BT_ESC      user_check_button.o
    0x08000ff0   0x08000ff0   0x00000038   Code   RO          945    i.Check_BT_UP       user_check_button.o
    0x08001028   0x08001028   0x00000208   Code   RO          514    i.Check_Command_No_Delay  uart_sim.o
    0x08001230   0x08001230   0x00000078   Code   RO          730    i.Check_CountBuffer_Complete_Uart1  user_uart.o
    0x080012a8   0x080012a8   0x00000078   Code   RO          731    i.Check_CountBuffer_Complete_Uart3  user_uart.o
    0x08001320   0x08001320   0x00000130   Code   RO          516    i.Check_Disconnect_Error  uart_sim.o
    0x08001450   0x08001450   0x00000098   Code   RO         1087    i.Check_Disconnect_Error_SIM  main.o
    0x080014e8   0x080014e8   0x0000009c   Code   RO          845    i.Check_Receive_sendData_Control  user_sim.o
    0x08001584   0x08001584   0x00000090   Code   RO         1089    i.Check_Test        main.o
    0x08001614   0x08001614   0x0000013e   Code   RO          518    i.Compare_Uart1_RX_Uart3_TX_True_Display  uart_sim.o
    0x08001752   0x08001752   0x00000002   PAD
    0x08001754   0x08001754   0x00000150   Code   RO          520    i.Config_SIM_In_While  uart_sim.o
    0x080018a4   0x080018a4   0x000000b8   Code   RO          521    i.Config_SMS        uart_sim.o
    0x0800195c   0x0800195c   0x0000024c   Code   RO          523    i.Config_TCP        uart_sim.o
    0x08001ba8   0x08001ba8   0x00000318   Code   RO          525    i.Config_Uart_Sim   uart_sim.o
    0x08001ec0   0x08001ec0   0x00000104   Code   RO          527    i.Connect_Server_SIM  uart_sim.o
    0x08001fc4   0x08001fc4   0x00000078   Code   RO          846    i.Control_Read_News_Flash  user_sim.o
    0x0800203c   0x0800203c   0x000000c4   Code   RO          847    i.Control_Write_News_Flash  user_sim.o
    0x08002100   0x08002100   0x00000002   Code   RO         1255    i.DebugMon_Handler  stm32l1xx_it.o
    0x08002102   0x08002102   0x00000028   Code   RO          733    i.Delete_Buffer     user_uart.o
    0x0800212a   0x0800212a   0x00000002   PAD
    0x0800212c   0x0800212c   0x00000044   Code   RO         1092    i.Display_Time      main.o
    0x08002170   0x08002170   0x00000054   Code   RO          848    i.Error_Cipsend     user_sim.o
    0x080021c4   0x080021c4   0x00000002   Code   RO         1093    i.Error_Handler     main.o
    0x080021c6   0x080021c6   0x00000002   PAD
    0x080021c8   0x080021c8   0x00000028   Code   RO         2314    i.FLASH_PageErase   stm32l1xx_hal_flash_ex.o
    0x080021f0   0x080021f0   0x00000006   Code   RO          364    i.FLASH_ReadData32  flash_memory.o
    0x080021f6   0x080021f6   0x00000064   Code   RO          365    i.FLASH_ReadNews    flash_memory.o
    0x0800225a   0x0800225a   0x00000002   PAD
    0x0800225c   0x0800225c   0x00000088   Code   RO         2200    i.FLASH_SetErrorCode  stm32l1xx_hal_flash.o
    0x080022e4   0x080022e4   0x00000080   Code   RO         2201    i.FLASH_WaitForLastOperation  stm32l1xx_hal_flash.o
    0x08002364   0x08002364   0x0000007c   Code   RO          366    i.FLASH_WriteNews   flash_memory.o
    0x080023e0   0x080023e0   0x00000092   Code   RO          367    i.FLASH_WriteNews_Earse  flash_memory.o
    0x08002472   0x08002472   0x00000060   Code   RO          368    i.FLASH_WritePage   flash_memory.o
    0x080024d2   0x080024d2   0x00000002   PAD
    0x080024d4   0x080024d4   0x00000254   Code   RO          528    i.Get_Real_Time     uart_sim.o
    0x08002728   0x08002728   0x0000004c   Code   RO         2622    i.HAL_DMA_Abort     stm32l1xx_hal_dma.o
    0x08002774   0x08002774   0x0000004e   Code   RO         2623    i.HAL_DMA_Abort_IT  stm32l1xx_hal_dma.o
    0x080027c2   0x080027c2   0x00000002   PAD
    0x080027c4   0x080027c4   0x00000028   Code   RO         1860    i.HAL_Delay         stm32l1xx_hal.o
    0x080027ec   0x080027ec   0x00000088   Code   RO         2323    i.HAL_FLASHEx_Erase  stm32l1xx_hal_flash_ex.o
    0x08002874   0x08002874   0x00000014   Code   RO         2205    i.HAL_FLASH_Lock    stm32l1xx_hal_flash.o
    0x08002888   0x08002888   0x00000040   Code   RO         2210    i.HAL_FLASH_Program  stm32l1xx_hal_flash.o
    0x080028c8   0x080028c8   0x00000060   Code   RO         2212    i.HAL_FLASH_Unlock  stm32l1xx_hal_flash.o
    0x08002928   0x08002928   0x00000210   Code   RO         2558    i.HAL_GPIO_Init     stm32l1xx_hal_gpio.o
    0x08002b38   0x08002b38   0x0000000e   Code   RO         2560    i.HAL_GPIO_ReadPin  stm32l1xx_hal_gpio.o
    0x08002b46   0x08002b46   0x0000000e   Code   RO         2562    i.HAL_GPIO_WritePin  stm32l1xx_hal_gpio.o
    0x08002b54   0x08002b54   0x0000000c   Code   RO         1864    i.HAL_GetTick       stm32l1xx_hal.o
    0x08002b60   0x08002b60   0x00000010   Code   RO         1870    i.HAL_IncTick       stm32l1xx_hal.o
    0x08002b70   0x08002b70   0x0000001e   Code   RO         1871    i.HAL_Init          stm32l1xx_hal.o
    0x08002b8e   0x08002b8e   0x00000002   PAD
    0x08002b90   0x08002b90   0x0000004c   Code   RO         1872    i.HAL_InitTick      stm32l1xx_hal.o
    0x08002bdc   0x08002bdc   0x0000005c   Code   RO         1348    i.HAL_MspInit       stm32l1xx_hal_msp.o
    0x08002c38   0x08002c38   0x0000001c   Code   RO         2901    i.HAL_NVIC_EnableIRQ  stm32l1xx_hal_cortex.o
    0x08002c54   0x08002c54   0x00000068   Code   RO         2907    i.HAL_NVIC_SetPriority  stm32l1xx_hal_cortex.o
    0x08002cbc   0x08002cbc   0x00000024   Code   RO         2908    i.HAL_NVIC_SetPriorityGrouping  stm32l1xx_hal_cortex.o
    0x08002ce0   0x08002ce0   0x00000154   Code   RO         2141    i.HAL_RCCEx_PeriphCLKConfig  stm32l1xx_hal_rcc_ex.o
    0x08002e34   0x08002e34   0x00000210   Code   RO         2028    i.HAL_RCC_ClockConfig  stm32l1xx_hal_rcc.o
    0x08003044   0x08003044   0x0000000c   Code   RO         2033    i.HAL_RCC_GetHCLKFreq  stm32l1xx_hal_rcc.o
    0x08003050   0x08003050   0x00000020   Code   RO         2035    i.HAL_RCC_GetPCLK1Freq  stm32l1xx_hal_rcc.o
    0x08003070   0x08003070   0x00000020   Code   RO         2036    i.HAL_RCC_GetPCLK2Freq  stm32l1xx_hal_rcc.o
    0x08003090   0x08003090   0x00000074   Code   RO         2037    i.HAL_RCC_GetSysClockFreq  stm32l1xx_hal_rcc.o
    0x08003104   0x08003104   0x000005e4   Code   RO         2040    i.HAL_RCC_OscConfig  stm32l1xx_hal_rcc.o
    0x080036e8   0x080036e8   0x0000000c   Code   RO         1614    i.HAL_RTCEx_BKUPRead  stm32l1xx_hal_rtc_ex.o
    0x080036f4   0x080036f4   0x0000000c   Code   RO         1615    i.HAL_RTCEx_BKUPWrite  stm32l1xx_hal_rtc_ex.o
    0x08003700   0x08003700   0x00000048   Code   RO         1455    i.HAL_RTC_GetDate   stm32l1xx_hal_rtc.o
    0x08003748   0x08003748   0x00000060   Code   RO         1457    i.HAL_RTC_GetTime   stm32l1xx_hal_rtc.o
    0x080037a8   0x080037a8   0x000000ba   Code   RO         1458    i.HAL_RTC_Init      stm32l1xx_hal_rtc.o
    0x08003862   0x08003862   0x00000002   PAD
    0x08003864   0x08003864   0x00000018   Code   RO         1350    i.HAL_RTC_MspInit   stm32l1xx_hal_msp.o
    0x0800387c   0x0800387c   0x000000da   Code   RO         1464    i.HAL_RTC_SetDate   stm32l1xx_hal_rtc.o
    0x08003956   0x08003956   0x00000002   PAD
    0x08003958   0x08003958   0x00000100   Code   RO         1465    i.HAL_RTC_SetTime   stm32l1xx_hal_rtc.o
    0x08003a58   0x08003a58   0x00000044   Code   RO         1466    i.HAL_RTC_WaitForSynchro  stm32l1xx_hal_rtc.o
    0x08003a9c   0x08003a9c   0x00000074   Code   RO           19    i.HAL_SYSTICK_Callback  check_button.o
    0x08003b10   0x08003b10   0x00000028   Code   RO         2912    i.HAL_SYSTICK_Config  stm32l1xx_hal_cortex.o
    0x08003b38   0x08003b38   0x00000008   Code   RO         2913    i.HAL_SYSTICK_IRQHandler  stm32l1xx_hal_cortex.o
    0x08003b40   0x08003b40   0x00000072   Code   RO         3809    i.HAL_TIMEx_MasterConfigSynchronization  stm32l1xx_hal_tim_ex.o
    0x08003bb2   0x08003bb2   0x0000004c   Code   RO         3100    i.HAL_TIM_Base_Init  stm32l1xx_hal_tim.o
    0x08003bfe   0x08003bfe   0x00000002   PAD
    0x08003c00   0x08003c00   0x00000040   Code   RO         1352    i.HAL_TIM_Base_MspInit  stm32l1xx_hal_msp.o
    0x08003c40   0x08003c40   0x00000062   Code   RO         3105    i.HAL_TIM_Base_Start_IT  stm32l1xx_hal_tim.o
    0x08003ca2   0x08003ca2   0x000000e4   Code   RO         3109    i.HAL_TIM_ConfigClockSource  stm32l1xx_hal_tim.o
    0x08003d86   0x08003d86   0x00000002   Code   RO         3134    i.HAL_TIM_IC_CaptureCallback  stm32l1xx_hal_tim.o
    0x08003d88   0x08003d88   0x00000134   Code   RO         3148    i.HAL_TIM_IRQHandler  stm32l1xx_hal_tim.o
    0x08003ebc   0x08003ebc   0x00000002   Code   RO         3151    i.HAL_TIM_OC_DelayElapsedCallback  stm32l1xx_hal_tim.o
    0x08003ebe   0x08003ebe   0x00000002   Code   RO         3178    i.HAL_TIM_PWM_PulseFinishedCallback  stm32l1xx_hal_tim.o
    0x08003ec0   0x08003ec0   0x00000020   Code   RO         1094    i.HAL_TIM_PeriodElapsedCallback  main.o
    0x08003ee0   0x08003ee0   0x00000002   Code   RO         3191    i.HAL_TIM_TriggerCallback  stm32l1xx_hal_tim.o
    0x08003ee2   0x08003ee2   0x00000002   Code   RO         3850    i.HAL_UARTEx_RxEventCallback  stm32l1xx_hal_uart.o
    0x08003ee4   0x08003ee4   0x00000002   Code   RO         3864    i.HAL_UART_ErrorCallback  stm32l1xx_hal_uart.o
    0x08003ee6   0x08003ee6   0x00000002   PAD
    0x08003ee8   0x08003ee8   0x00000200   Code   RO         3867    i.HAL_UART_IRQHandler  stm32l1xx_hal_uart.o
    0x080040e8   0x080040e8   0x00000064   Code   RO         3868    i.HAL_UART_Init     stm32l1xx_hal_uart.o
    0x0800414c   0x0800414c   0x0000010c   Code   RO         1354    i.HAL_UART_MspInit  stm32l1xx_hal_msp.o
    0x08004258   0x08004258   0x0000002e   Code   RO         3873    i.HAL_UART_Receive_IT  stm32l1xx_hal_uart.o
    0x08004286   0x08004286   0x00000002   PAD
    0x08004288   0x08004288   0x00000068   Code   RO         1095    i.HAL_UART_RxCpltCallback  main.o
    0x080042f0   0x080042f0   0x000000ca   Code   RO         3876    i.HAL_UART_Transmit  stm32l1xx_hal_uart.o
    0x080043ba   0x080043ba   0x00000002   Code   RO         3879    i.HAL_UART_TxCpltCallback  stm32l1xx_hal_uart.o
    0x080043bc   0x080043bc   0x00000004   Code   RO         1256    i.HardFault_Handler  stm32l1xx_it.o
    0x080043c0   0x080043c0   0x00000054   Code   RO         1009    i.LCD_Change_State_Setup_T1_T2_T3  user_lcd_object.o
    0x08004414   0x08004414   0x00000054   Code   RO         1010    i.LCD_Change_State_Time_HH_MM_SS  user_lcd_object.o
    0x08004468   0x08004468   0x00000054   Code   RO          418    i.LCD_Display_Esc   lcd_object.o
    0x080044bc   0x080044bc   0x00000020   Code   RO          419    i.LCD_Display_Running_OR_Setup  lcd_object.o
    0x080044dc   0x080044dc   0x00000046   Code   RO          420    i.LCD_Display_Time  lcd_object.o
    0x08004522   0x08004522   0x00000054   Code   RO          421    i.LCD_Display_Time1_Time2_Time3  lcd_object.o
    0x08004576   0x08004576   0x0000001a   Code   RO          422    i.LCD_Send_Data     lcd_object.o
    0x08004590   0x08004590   0x0000013c   Code   RO         1096    i.MX_GPIO_Init      main.o
    0x080046cc   0x080046cc   0x000000a8   Code   RO         1097    i.MX_RTC_Init       main.o
    0x08004774   0x08004774   0x00000070   Code   RO         1098    i.MX_TIM2_Init      main.o
    0x080047e4   0x080047e4   0x00000038   Code   RO         1099    i.MX_USART1_UART_Init  main.o
    0x0800481c   0x0800481c   0x00000038   Code   RO         1100    i.MX_USART3_UART_Init  main.o
    0x08004854   0x08004854   0x00000004   Code   RO         1257    i.MemManage_Handler  stm32l1xx_it.o
    0x08004858   0x08004858   0x00000054   Code   RO         1101    i.Module_SIM        main.o
    0x080048ac   0x080048ac   0x00000002   Code   RO         1258    i.NMI_Handler       stm32l1xx_it.o
    0x080048ae   0x080048ae   0x00000002   PAD
    0x080048b0   0x080048b0   0x00000094   Code   RO          849    i.Packing_News      user_sim.o
    0x08004944   0x08004944   0x00000002   Code   RO         1259    i.PendSV_Handler    stm32l1xx_it.o
    0x08004946   0x08004946   0x00000002   PAD
    0x08004948   0x08004948   0x00000098   Code   RO         2041    i.RCC_SetFlashLatencyFromMSIRange  stm32l1xx_hal_rcc.o
    0x080049e0   0x080049e0   0x00000012   Code   RO         1467    i.RTC_Bcd2ToByte    stm32l1xx_hal_rtc.o
    0x080049f2   0x080049f2   0x00000018   Code   RO         1468    i.RTC_ByteToBcd2    stm32l1xx_hal_rtc.o
    0x08004a0a   0x08004a0a   0x00000042   Code   RO         1469    i.RTC_EnterInitMode  stm32l1xx_hal_rtc.o
    0x08004a4c   0x08004a4c   0x00000050   Code   RO         1102    i.Read_Flash        main.o
    0x08004a9c   0x08004a9c   0x00000170   Code   RO          850    i.Receive_Control_Setup  user_sim.o
    0x08004c0c   0x08004c0c   0x00000118   Code   RO          851    i.Receive_SMS_Setup  user_sim.o
    0x08004d24   0x08004d24   0x00000032   Code   RO          470    i.Reset_Relay_Led   relay_led.o
    0x08004d56   0x08004d56   0x00000002   PAD
    0x08004d58   0x08004d58   0x0000000c   Code   RO          852    i.Reset_SendData    user_sim.o
    0x08004d64   0x08004d64   0x0000005c   Code   RO          946    i.Run_Begin         user_check_button.o
    0x08004dc0   0x08004dc0   0x000000b8   Code   RO         1103    i.Run_Feed_Shrimp   main.o
    0x08004e78   0x08004e78   0x00000002   Code   RO         1260    i.SVC_Handler       stm32l1xx_it.o
    0x08004e7a   0x08004e7a   0x00000002   PAD
    0x08004e7c   0x08004e7c   0x00000140   Code   RO         1104    i.SendData_Control_SIM  main.o
    0x08004fbc   0x08004fbc   0x000003f4   Code   RO          853    i.SendData_Server   user_sim.o
    0x080053b0   0x080053b0   0x00000048   Code   RO         1105    i.Set_RTC           main.o
    0x080053f8   0x080053f8   0x00000074   Code   RO         1106    i.Set_Time          main.o
    0x0800546c   0x0800546c   0x00000078   Code   RO          529    i.Setup_On_Off_Sim  uart_sim.o
    0x080054e4   0x080054e4   0x0000005c   Code   RO          530    i.Setup_SIM         uart_sim.o
    0x08005540   0x08005540   0x0000000c   Code   RO         1261    i.SysTick_Handler   stm32l1xx_it.o
    0x0800554c   0x0800554c   0x00000084   Code   RO         1107    i.SystemClock_Config  main.o
    0x080055d0   0x080055d0   0x00000064   Code   RO         1409    i.SystemInit        system_stm32l1xx.o
    0x08005634   0x08005634   0x00000010   Code   RO         1262    i.TIM2_IRQHandler   stm32l1xx_it.o
    0x08005644   0x08005644   0x00000088   Code   RO         3193    i.TIM_Base_SetConfig  stm32l1xx_hal_tim.o
    0x080056cc   0x080056cc   0x00000016   Code   RO         3204    i.TIM_ETR_SetConfig  stm32l1xx_hal_tim.o
    0x080056e2   0x080056e2   0x00000010   Code   RO         3205    i.TIM_ITRx_SetConfig  stm32l1xx_hal_tim.o
    0x080056f2   0x080056f2   0x00000026   Code   RO         3211    i.TIM_TI1_ConfigInputStage  stm32l1xx_hal_tim.o
    0x08005718   0x08005718   0x00000024   Code   RO         3213    i.TIM_TI2_ConfigInputStage  stm32l1xx_hal_tim.o
    0x0800573c   0x0800573c   0x00000098   Code   RO         1108    i.Time_Current      main.o
    0x080057d4   0x080057d4   0x000000b8   Code   RO          533    i.Transmit_CFUN     uart_sim.o
    0x0800588c   0x0800588c   0x00000034   Code   RO          734    i.Transmit_Data_Uart  user_uart.o
    0x080058c0   0x080058c0   0x00000010   Code   RO         3881    i.UART_DMAAbortOnError  stm32l1xx_hal_uart.o
    0x080058d0   0x080058d0   0x00000030   Code   RO         3891    i.UART_EndRxTransfer  stm32l1xx_hal_uart.o
    0x08005900   0x08005900   0x0000001a   Code   RO         3892    i.UART_EndTransmit_IT  stm32l1xx_hal_uart.o
    0x0800591a   0x0800591a   0x000000be   Code   RO         3894    i.UART_Receive_IT   stm32l1xx_hal_uart.o
    0x080059d8   0x080059d8   0x00000154   Code   RO         3895    i.UART_SetConfig    stm32l1xx_hal_uart.o
    0x08005b2c   0x08005b2c   0x00000036   Code   RO         3897    i.UART_Start_Receive_IT  stm32l1xx_hal_uart.o
    0x08005b62   0x08005b62   0x0000005e   Code   RO         3898    i.UART_Transmit_IT  stm32l1xx_hal_uart.o
    0x08005bc0   0x08005bc0   0x00000078   Code   RO         3899    i.UART_WaitOnFlagUntilTimeout  stm32l1xx_hal_uart.o
    0x08005c38   0x08005c38   0x00000010   Code   RO         1263    i.USART1_IRQHandler  stm32l1xx_it.o
    0x08005c48   0x08005c48   0x00000010   Code   RO         1264    i.USART3_IRQHandler  stm32l1xx_it.o
    0x08005c58   0x08005c58   0x00000034   Code   RO         1011    i.USER_LCD_Change_Setup  user_lcd_object.o
    0x08005c8c   0x08005c8c   0x00000054   Code   RO         1012    i.USER_LCD_Display_Running  user_lcd_object.o
    0x08005ce0   0x08005ce0   0x00000028   Code   RO         1013    i.USER_LCD_Display_Running_OR_Setup  user_lcd_object.o
    0x08005d08   0x08005d08   0x00000054   Code   RO         1014    i.USER_LCD_Display_Setup  user_lcd_object.o
    0x08005d5c   0x08005d5c   0x00000020   Code   RO         1015    i.USER_LCD_Display_Time  user_lcd_object.o
    0x08005d7c   0x08005d7c   0x00000030   Code   RO         1016    i.UintTime_To_CharTime_HH_MM_SS  user_lcd_object.o
    0x08005dac   0x08005dac   0x00000030   Code   RO         1017    i.UintTime_To_CharTime_T1_T2_T3  user_lcd_object.o
    0x08005ddc   0x08005ddc   0x00000048   Code   RO          283    i.Uint_To_Char_Sim  convert_variable.o
    0x08005e24   0x08005e24   0x00000004   Code   RO         1265    i.UsageFault_Handler  stm32l1xx_it.o
    0x08005e28   0x08005e28   0x0000003e   Code   RO          286    i.Variable_To_Char  convert_variable.o
    0x08005e66   0x08005e66   0x0000002e   Code   RO          288    i.Variable_To_Char_Time  convert_variable.o
    0x08005e94   0x08005e94   0x0000017c   Code   RO          854    i.Write_Data_News   user_sim.o
    0x08006010   0x08006010   0x00000028   Code   RO         4294    i.__ARM_fpclassify  m_ws.l(fpclassify.o)
    0x08006038   0x08006038   0x000000aa   Code   RO         4296    i.__kernel_poly     m_ws.l(poly.o)
    0x080060e2   0x080060e2   0x00000002   PAD
    0x080060e4   0x080060e4   0x00000010   Code   RO         4280    i.__mathlib_dbl_divzero  m_ws.l(dunder.o)
    0x080060f4   0x080060f4   0x00000004   Code   RO         4282    i.__mathlib_dbl_infnan2  m_ws.l(dunder.o)
    0x080060f8   0x080060f8   0x0000000c   Code   RO         4283    i.__mathlib_dbl_invalid  m_ws.l(dunder.o)
    0x08006104   0x08006104   0x0000000e   Code   RO         4284    i.__mathlib_dbl_overflow  m_ws.l(dunder.o)
    0x08006112   0x08006112   0x00000002   PAD
    0x08006114   0x08006114   0x00000010   Code   RO         4286    i.__mathlib_dbl_underflow  m_ws.l(dunder.o)
    0x08006124   0x08006124   0x0000000e   Code   RO         4353    i.__scatterload_copy  mc_w.l(handlers.o)
    0x08006132   0x08006132   0x00000002   Code   RO         4354    i.__scatterload_null  mc_w.l(handlers.o)
    0x08006134   0x08006134   0x0000000e   Code   RO         4355    i.__scatterload_zeroinit  mc_w.l(handlers.o)
    0x08006142   0x08006142   0x00000002   PAD
    0x08006144   0x08006144   0x0000000c   Code   RO         4331    i.__set_errno       mc_w.l(errno.o)
    0x08006150   0x08006150   0x00000050   Code   RO         4228    i.free              mc_w.l(malloc.o)
    0x080061a0   0x080061a0   0x00000158   Code   RO         1109    i.main              main.o
    0x080062f8   0x080062f8   0x0000006c   Code   RO         4229    i.malloc            mc_w.l(malloc.o)
    0x08006364   0x08006364   0x000009d8   Code   RO         4204    i.pow               m_ws.l(pow.o)
    0x08006d3c   0x08006d3c   0x0000004c   Code   RO         4300    i.sqrt              m_ws.l(sqrt.o)
    0x08006d88   0x08006d88   0x00000021   Data   RO         1410    .constdata          system_stm32l1xx.o
    0x08006da9   0x08006da9   0x00000007   PAD
    0x08006db0   0x08006db0   0x00000088   Data   RO         4205    .constdata          m_ws.l(pow.o)
    0x08006e38   0x08006e38   0x00000008   Data   RO         4298    .constdata          m_ws.l(qnan.o)
    0x08006e40   0x08006e40   0x0000004d   Data   RO         1019    .conststring        user_lcd_object.o
    0x08006e8d   0x08006e8d   0x00000003   PAD
    0x08006e90   0x08006e90   0x00000020   Data   RO         4351    Region$$Table       anon$$obj.o


    Execution Region RW_IRAM1 (Exec base: 0x20000000, Load base: 0x08006eb0, Size: 0x00003048, Max: 0x00008000, ABSOLUTE, COMPRESSED[0x0000005c])

    Exec Addr    Load Addr    Size         Type   Attr      Idx    E Section Name        Object

    0x20000000   COMPRESSED   0x00000010   Data   RW           21    .data               check_button.o
    0x20000010   COMPRESSED   0x00000028   Data   RW          536    .data               uart_sim.o
    0x20000038   COMPRESSED   0x00000012   Data   RW          735    .data               user_uart.o
    0x2000004a   COMPRESSED   0x00000002   PAD
    0x2000004c   COMPRESSED   0x00000020   Data   RW          857    .data               user_sim.o
    0x2000006c   COMPRESSED   0x0000001e   Data   RW          947    .data               user_check_button.o
    0x2000008a   COMPRESSED   0x00000002   PAD
    0x2000008c   COMPRESSED   0x000000a4   Data   RW         1020    .data               user_lcd_object.o
    0x20000130   COMPRESSED   0x00000034   Data   RW         1111    .data               main.o
    0x20000164   COMPRESSED   0x00000004   Data   RW         1411    .data               system_stm32l1xx.o
    0x20000168   COMPRESSED   0x0000000c   Data   RW         1878    .data               stm32l1xx_hal.o
    0x20000174   COMPRESSED   0x00000004   Data   RW         4327    .data               mc_w.l(mvars.o)
    0x20000178   COMPRESSED   0x00000004   Data   RW         4328    .data               mc_w.l(mvars.o)
    0x2000017c   COMPRESSED   0x00000004   Data   RW         4332    .data               mc_w.l(errno.o)
    0x20000180        -       0x00000020   Zero   RW          855    .bss                user_sim.o
    0x200001a0        -       0x0000001b   Zero   RW         1018    .bss                user_lcd_object.o
    0x200001bb   COMPRESSED   0x00000001   PAD
    0x200001bc        -       0x00002874   Zero   RW         1110    .bss                main.o
    0x20002a30        -       0x00000018   Zero   RW         2213    .bss                stm32l1xx_hal_flash.o
    0x20002a48        -       0x00000200   Zero   RW            2    HEAP                startup_stm32l151xc.o
    0x20002c48        -       0x00000400   Zero   RW            1    STACK               startup_stm32l151xc.o


==============================================================================

Image component sizes


      Code (inc. data)   RO Data    RW Data    ZI Data      Debug   Object Name

       422         58          0         16          0     429622   check_button.o
       836          6          0          0          0       6506   clcd.o
       180          0          0          0          0       2334   convert_variable.o
       472          0          0          0          0       4284   flash_memory.o
       296          0          0          0          0       4236   lcd_object.o
      2770        468          0         52      10356      12312   main.o
        50          0          0          0          0       1042   relay_led.o
        36          8        292          0       1536        788   startup_stm32l151xc.o
       174         24          0         12          0       3737   stm32l1xx_hal.o
       216         16          0          0          0      30828   stm32l1xx_hal_cortex.o
       154          0          0          0          0       1619   stm32l1xx_hal_dma.o
       444         56          0          0         24       3546   stm32l1xx_hal_flash.o
       176         18          0          0          0       1851   stm32l1xx_hal_flash_ex.o
       556         16          0          0          0       2847   stm32l1xx_hal_gpio.o
       448         40          0          0          0       2642   stm32l1xx_hal_msp.o
      2380        140          0          0          0       8452   stm32l1xx_hal_rcc.o
       340         20          0          0          0       1528   stm32l1xx_hal_rcc_ex.o
      1004         12          0          0          0       7122   stm32l1xx_hal_rtc.o
        24          0          0          0          0       1647   stm32l1xx_hal_rtc_ex.o
       966         16          0          0          0       8974   stm32l1xx_hal_tim.o
       114          0          0          0          0       1304   stm32l1xx_hal_tim_ex.o
      1754         12          0          0          0      11392   stm32l1xx_hal_uart.o
        84         18          0          0          0       4988   stm32l1xx_it.o
       100         18         33          4          0       1155   system_stm32l1xx.o
      4294        508          0         40          0      12995   uart_sim.o
       744        148          0         30          0       5113   user_check_button.o
       556        194         77        164         27       6441   user_lcd_object.o
      2892        246          0         32         32       8879   user_sim.o
       332         28          0         18          0       3413   user_uart.o

    ----------------------------------------------------------------------
     22848       2070        444        372      11976     591597   Object Totals
         0          0         32          0          0          0   (incl. Generated)
        34          0         10          4          1          0   (incl. Padding)

    ----------------------------------------------------------------------

      Code (inc. data)   RO Data    RW Data    ZI Data      Debug   Library Member Name

        62         10          0          0          0        340   dunder.o
        40          0          0          0          0         68   fpclassify.o
       170          0          0          0          0         96   poly.o
      2520        190        136          0          0        324   pow.o
         0          0          8          0          0          0   qnan.o
        76          0          0          0          0         84   sqrt.o
        86          0          0          0          0          0   __dczerorl2.o
         0          0          0          0          0          0   entry.o
         0          0          0          0          0          0   entry10a.o
         0          0          0          0          0          0   entry11a.o
         8          4          0          0          0          0   entry2.o
         4          0          0          0          0          0   entry5.o
         0          0          0          0          0          0   entry7b.o
         0          0          0          0          0          0   entry8b.o
         8          4          0          0          0          0   entry9a.o
        12          6          0          4          0         68   errno.o
        30          0          0          0          0          0   handlers.o
        36          8          0          0          0         68   init.o
         0          0          0          0          0          0   iusefp.o
        30          0          0          0          0         68   llshl.o
        36          0          0          0          0         68   llsshr.o
        32          0          0          0          0         68   llushr.o
       188         20          0          0          0        160   malloc.o
        36          0          0          0          0         68   memcpya.o
        36          0          0          0          0        108   memseta.o
         0          0          0          8          0          0   mvars.o
        14          0          0          0          0         68   strlen.o
        36          0          0          0          0         80   strstr.o
        98          0          0          0          0         92   uldiv.o
        48          0          0          0          0         68   cdrcmple.o
       334          0          0          0          0        148   dadd.o
       222          0          0          0          0        100   ddiv.o
       186          0          0          0          0        176   depilogue.o
        50          0          0          0          0         76   dfixui.o
        34          0          0          0          0         76   dflti.o
        26          0          0          0          0         76   dfltui.o
       228          0          0          0          0         96   dmul.o
        46          0          0          0          0         80   dscalb.o
       162          0          0          0          0        100   dsqrt.o

    ----------------------------------------------------------------------
      4900        242        144         12          0       2824   Library Totals
         6          0          0          0          0          0   (incl. Padding)

    ----------------------------------------------------------------------

      Code (inc. data)   RO Data    RW Data    ZI Data      Debug   Library Name

      2868        200        144          0          0        912   m_ws.l
       690         42          0         12          0        916   mc_w.l
      1336          0          0          0          0        996   mf_w.l

    ----------------------------------------------------------------------
      4900        242        144         12          0       2824   Library Totals

    ----------------------------------------------------------------------

==============================================================================


      Code (inc. data)   RO Data    RW Data    ZI Data      Debug   

     27748       2312        588        384      11976     584253   Grand Totals
     27748       2312        588         92      11976     584253   ELF Image Totals (compressed)
     27748       2312        588         92          0          0   ROM Totals

==============================================================================

    Total RO  Size (Code + RO Data)                28336 (  27.67kB)
    Total RW  Size (RW Data + ZI Data)             12360 (  12.07kB)
    Total ROM Size (Code + RO Data + RW Data)      28428 (  27.76kB)

==============================================================================

